Archive member included to satisfy reference by file (symbol)

C:/ST/STM32CubeIDE_1.19.0/STM32CubeIDE/plugins/com.st.stm32cube.ide.mcu.externaltools.gnu-tools-for-stm32.13.3.rel1.win32_1.0.0.202411081344/tools/bin/../lib/gcc/arm-none-eabi/13.3.1/../../../../arm-none-eabi/lib/thumb/v7e-m+fp/hard\libc_nano.a(libc_a-exit.o)
                              C:/ST/STM32CubeIDE_1.19.0/STM32CubeIDE/plugins/com.st.stm32cube.ide.mcu.externaltools.gnu-tools-for-stm32.13.3.rel1.win32_1.0.0.202411081344/tools/bin/../lib/gcc/arm-none-eabi/13.3.1/../../../../arm-none-eabi/lib/thumb/v7e-m+fp/hard/crt0.o (exit)
C:/ST/STM32CubeIDE_1.19.0/STM32CubeIDE/plugins/com.st.stm32cube.ide.mcu.externaltools.gnu-tools-for-stm32.13.3.rel1.win32_1.0.0.202411081344/tools/bin/../lib/gcc/arm-none-eabi/13.3.1/../../../../arm-none-eabi/lib/thumb/v7e-m+fp/hard\libc_nano.a(libc_a-findfp.o)
                              C:/ST/STM32CubeIDE_1.19.0/STM32CubeIDE/plugins/com.st.stm32cube.ide.mcu.externaltools.gnu-tools-for-stm32.13.3.rel1.win32_1.0.0.202411081344/tools/bin/../lib/gcc/arm-none-eabi/13.3.1/../../../../arm-none-eabi/lib/thumb/v7e-m+fp/hard\libc_nano.a(libc_a-exit.o) (__stdio_exit_handler)
C:/ST/STM32CubeIDE_1.19.0/STM32CubeIDE/plugins/com.st.stm32cube.ide.mcu.externaltools.gnu-tools-for-stm32.13.3.rel1.win32_1.0.0.202411081344/tools/bin/../lib/gcc/arm-none-eabi/13.3.1/../../../../arm-none-eabi/lib/thumb/v7e-m+fp/hard\libc_nano.a(libc_a-fwalk.o)
                              C:/ST/STM32CubeIDE_1.19.0/STM32CubeIDE/plugins/com.st.stm32cube.ide.mcu.externaltools.gnu-tools-for-stm32.13.3.rel1.win32_1.0.0.202411081344/tools/bin/../lib/gcc/arm-none-eabi/13.3.1/../../../../arm-none-eabi/lib/thumb/v7e-m+fp/hard\libc_nano.a(libc_a-findfp.o) (_fwalk_sglue)
C:/ST/STM32CubeIDE_1.19.0/STM32CubeIDE/plugins/com.st.stm32cube.ide.mcu.externaltools.gnu-tools-for-stm32.13.3.rel1.win32_1.0.0.202411081344/tools/bin/../lib/gcc/arm-none-eabi/13.3.1/../../../../arm-none-eabi/lib/thumb/v7e-m+fp/hard\libc_nano.a(libc_a-stdio.o)
                              C:/ST/STM32CubeIDE_1.19.0/STM32CubeIDE/plugins/com.st.stm32cube.ide.mcu.externaltools.gnu-tools-for-stm32.13.3.rel1.win32_1.0.0.202411081344/tools/bin/../lib/gcc/arm-none-eabi/13.3.1/../../../../arm-none-eabi/lib/thumb/v7e-m+fp/hard\libc_nano.a(libc_a-findfp.o) (__sread)
C:/ST/STM32CubeIDE_1.19.0/STM32CubeIDE/plugins/com.st.stm32cube.ide.mcu.externaltools.gnu-tools-for-stm32.13.3.rel1.win32_1.0.0.202411081344/tools/bin/../lib/gcc/arm-none-eabi/13.3.1/../../../../arm-none-eabi/lib/thumb/v7e-m+fp/hard\libc_nano.a(libc_a-memset.o)
                              C:/ST/STM32CubeIDE_1.19.0/STM32CubeIDE/plugins/com.st.stm32cube.ide.mcu.externaltools.gnu-tools-for-stm32.13.3.rel1.win32_1.0.0.202411081344/tools/bin/../lib/gcc/arm-none-eabi/13.3.1/../../../../arm-none-eabi/lib/thumb/v7e-m+fp/hard/crt0.o (memset)
C:/ST/STM32CubeIDE_1.19.0/STM32CubeIDE/plugins/com.st.stm32cube.ide.mcu.externaltools.gnu-tools-for-stm32.13.3.rel1.win32_1.0.0.202411081344/tools/bin/../lib/gcc/arm-none-eabi/13.3.1/../../../../arm-none-eabi/lib/thumb/v7e-m+fp/hard\libc_nano.a(libc_a-closer.o)
                              C:/ST/STM32CubeIDE_1.19.0/STM32CubeIDE/plugins/com.st.stm32cube.ide.mcu.externaltools.gnu-tools-for-stm32.13.3.rel1.win32_1.0.0.202411081344/tools/bin/../lib/gcc/arm-none-eabi/13.3.1/../../../../arm-none-eabi/lib/thumb/v7e-m+fp/hard\libc_nano.a(libc_a-stdio.o) (_close_r)
C:/ST/STM32CubeIDE_1.19.0/STM32CubeIDE/plugins/com.st.stm32cube.ide.mcu.externaltools.gnu-tools-for-stm32.13.3.rel1.win32_1.0.0.202411081344/tools/bin/../lib/gcc/arm-none-eabi/13.3.1/../../../../arm-none-eabi/lib/thumb/v7e-m+fp/hard\libc_nano.a(libc_a-reent.o)
                              C:/ST/STM32CubeIDE_1.19.0/STM32CubeIDE/plugins/com.st.stm32cube.ide.mcu.externaltools.gnu-tools-for-stm32.13.3.rel1.win32_1.0.0.202411081344/tools/bin/../lib/gcc/arm-none-eabi/13.3.1/../../../../arm-none-eabi/lib/thumb/v7e-m+fp/hard\libc_nano.a(libc_a-closer.o) (errno)
C:/ST/STM32CubeIDE_1.19.0/STM32CubeIDE/plugins/com.st.stm32cube.ide.mcu.externaltools.gnu-tools-for-stm32.13.3.rel1.win32_1.0.0.202411081344/tools/bin/../lib/gcc/arm-none-eabi/13.3.1/../../../../arm-none-eabi/lib/thumb/v7e-m+fp/hard\libc_nano.a(libc_a-impure.o)
                              C:/ST/STM32CubeIDE_1.19.0/STM32CubeIDE/plugins/com.st.stm32cube.ide.mcu.externaltools.gnu-tools-for-stm32.13.3.rel1.win32_1.0.0.202411081344/tools/bin/../lib/gcc/arm-none-eabi/13.3.1/../../../../arm-none-eabi/lib/thumb/v7e-m+fp/hard\libc_nano.a(libc_a-reent.o) (_impure_ptr)
C:/ST/STM32CubeIDE_1.19.0/STM32CubeIDE/plugins/com.st.stm32cube.ide.mcu.externaltools.gnu-tools-for-stm32.13.3.rel1.win32_1.0.0.202411081344/tools/bin/../lib/gcc/arm-none-eabi/13.3.1/../../../../arm-none-eabi/lib/thumb/v7e-m+fp/hard\libc_nano.a(libc_a-lseekr.o)
[...]
Memory Configuration

Name             Origin             Length             Attributes
CCMRAM           0x10000000         0x00010000         xrw
RAM              0x20000000         0x00020000         xrw
FLASH            0x08000000         0x00100000         xr
*default*        0x00000000         0xffffffff

Linker script and memory map

LOAD C:/ST/STM32CubeIDE_1.19.0/STM32CubeIDE/plugins/com.st.stm32cube.ide.mcu.externaltools.gnu-tools-for-stm32.13.3.rel1.win32_1.0.0.202411081344/tools/bin/../lib/gcc/arm-none-eabi/13.3.1/thumb/v7e-m+fp/hard/crti.o
LOAD C:/ST/STM32CubeIDE_1.19.0/STM32CubeIDE/plugins/com.st.stm32cube.ide.mcu.externaltools.gnu-tools-for-stm32.13.3.rel1.win32_1.0.0.202411081344/tools/bin/../lib/gcc/arm-none-eabi/13.3.1/thumb/v7e-m+fp/hard/crtbegin.o
LOAD C:/ST/STM32CubeIDE_1.19.0/STM32CubeIDE/plugins/com.st.stm32cube.ide.mcu.externaltools.gnu-tools-for-stm32.13.3.rel1.win32_1.0.0.202411081344/tools/bin/../lib/gcc/arm-none-eabi/13.3.1/../../../../arm-none-eabi/lib/thumb/v7e-m+fp/hard/crt0.o
LOAD ./Core/Src/gpio.o
LOAD ./Core/Src/main.o
LOAD ./Core/Src/rtc.o
LOAD ./Core/Src/spi.o
LOAD ./Core/Src/stm32f4xx_hal_msp.o
LOAD ./Core/Src/stm32f4xx_it.o
LOAD ./Core/Src/syscalls.o
LOAD ./Core/Src/sysmem.o
LOAD ./Core/Src/system_stm32f4xx.o
LOAD ./Core/Src/usart.o
LOAD ./Core/Startup/startup_stm32f407zgtx.o
LOAD ./Drivers/STM32F4xx_HAL_Driver/Src/stm32f4xx_hal.o
LOAD ./Drivers/STM32F4xx_HAL_Driver/Src/stm32f4xx_hal_cortex.o
LOAD ./Drivers/STM32F4xx_HAL_Driver/Src/stm32f4xx_hal_dma.o
LOAD ./Drivers/STM32F4xx_HAL_Driver/Src/stm32f4xx_hal_dma_ex.o
LOAD ./Drivers/STM32F4xx_HAL_Driver/Src/stm32f4xx_hal_exti.o
LOAD ./Drivers/STM32F4xx_HAL_Driver/Src/stm32f4xx_hal_flash.o
LOAD ./Drivers/STM32F4xx_HAL_Driver/Src/stm32f4xx_hal_flash_ex.o
LOAD ./Drivers/STM32F4xx_HAL_Driver/Src/stm32f4xx_hal_flash_ramfunc.o
LOAD ./Drivers/STM32F4xx_HAL_Driver/Src/stm32f4xx_hal_gpio.o
LOAD ./Drivers/STM32F4xx_HAL_Driver/Src/stm32f4xx_hal_pcd.o
LOAD ./Drivers/STM32F4xx_HAL_Driver/Src/stm32f4xx_hal_pcd_ex.o
LOAD ./Drivers/STM32F4xx_HAL_Driver/Src/stm32f4xx_hal_pwr.o
LOAD ./Drivers/STM32F4xx_HAL_Driver/Src/stm32f4xx_hal_pwr_ex.o
LOAD ./Drivers/STM32F4xx_HAL_Driver/Src/stm32f4xx_hal_rcc.o
LOAD ./Drivers/STM32F4xx_HAL_Driver/Src/stm32f4xx_hal_rcc_ex.o
LOAD ./Drivers/STM32F4xx_HAL_Driver/Src/stm32f4xx_hal_rtc.o
LOAD ./Drivers/STM32F4xx_HAL_Driver/Src/stm32f4xx_hal_rtc_ex.o
LOAD ./Drivers/STM32F4xx_HAL_Driver/Src/stm32f4xx_hal_spi.o
LOAD ./Drivers/STM32F4xx_HAL_Driver/Src/stm32f4xx_hal_uart.o
LOAD ./Drivers/STM32F4xx_HAL_Driver/Src/stm32f4xx_ll_usb.o
LOAD ./Middlewares/ST/STM32_USB_Device_Library/Class/MSC/Src/usbd_msc.o
LOAD ./Middlewares/ST/STM32_USB_Device_Library/Class/MSC/Src/usbd_msc_bot.o
LOAD ./Middlewares/ST/STM32_USB_Device_Library/Class/MSC/Src/usbd_msc_data.o
LOAD ./Middlewares/ST/STM32_USB_Device_Library/Class/MSC/Src/usbd_msc_scsi.o
LOAD ./Middlewares/ST/STM32_USB_Device_Library/Core/Src/usbd_core.o
LOAD ./Middlewares/ST/STM32_USB_Device_Library/Core/Src/usbd_ctlreq.o
LOAD ./Middlewares/ST/STM32_USB_Device_Library/Core/Src/usbd_ioreq.o
LOAD ./USB_DEVICE/App/usb_device.o
LOAD ./USB_DEVICE/App/usbd_desc.o
LOAD ./USB_DEVICE/App/usbd_storage_if.o
LOAD ./USB_DEVICE/Target/usbd_conf.o
START GROUP
LOAD C:/ST/STM32CubeIDE_1.19.0/STM32CubeIDE/plugins/com.st.stm32cube.ide.mcu.externaltools.gnu-tools-for-stm32.13.3.rel1.win32_1.0.0.202411081344/tools/bin/../lib/gcc/arm-none-eabi/13.3.1/../../../../arm-none-eabi/lib/thumb/v7e-m+fp/hard\libc_nano.a
LOAD C:/ST/STM32CubeIDE_1.19.0/STM32CubeIDE/plugins/com.st.stm32cube.ide.mcu.externaltools.gnu-tools-for-stm32.13.3.rel1.win32_1.0.0.202411081344/tools/bin/../lib/gcc/arm-none-eabi/13.3.1/../../../../arm-none-eabi/lib/thumb/v7e-m+fp/hard\libm.a
END GROUP
START GROUP
LOAD C:/ST/STM32CubeIDE_1.19.0/STM32CubeIDE/plugins/com.st.stm32cube.ide.mcu.externaltools.gnu-tools-for-stm32.13.3.rel1.win32_1.0.0.202411081344/tools/bin/../lib/gcc/arm-none-eabi/13.3.1/thumb/v7e-m+fp/hard\libgcc.a
LOAD C:/ST/STM32CubeIDE_1.19.0/STM32CubeIDE/plugins/com.st.stm32cube.ide.mcu.externaltools.gnu-tools-for-stm32.13.3.rel1.win32_1.0.0.202411081344/tools/bin/../lib/gcc/arm-none-eabi/13.3.1/../../../../arm-none-eabi/lib/thumb/v7e-m+fp/hard\libc_nano.a
END GROUP
START GROUP
LOAD C:/ST/STM32CubeIDE_1.19.0/STM32CubeIDE/plugins/com.st.stm32cube.ide.mcu.externaltools.gnu-tools-for-stm32.13.3.rel1.win32_1.0.0.202411081344/tools/bin/../lib/gcc/arm-none-eabi/13.3.1/thumb/v7e-m+fp/hard\libgcc.a
LOAD C:/ST/STM32CubeIDE_1.19.0/STM32CubeIDE/plugins/com.st.stm32cube.ide.mcu.externaltools.gnu-tools-for-stm32.13.3.rel1.win32_1.0.0.202411081344/tools/bin/../lib/gcc/arm-none-eabi/13.3.1/../../../../arm-none-eabi/lib/thumb/v7e-m+fp/hard\libc_nano.a
LOAD C:/ST/STM32CubeIDE_1.19.0/STM32CubeIDE/plugins/com.st.stm32cube.ide.mcu.externaltools.gnu-tools-for-stm32.13.3.rel1.win32_1.0.0.202411081344/tools/bin/../lib/gcc/arm-none-eabi/13.3.1/../../../../arm-none-eabi/lib/thumb/v7e-m+fp/hard\libnosys.a
END GROUP
START GROUP
LOAD C:/ST/STM32CubeIDE_1.19.0/STM32CubeIDE/plugins/com.st.stm32cube.ide.mcu.externaltools.gnu-tools-for-stm32.13.3.rel1.win32_1.0.0.202411081344/tools/bin/../lib/gcc/arm-none-eabi/13.3.1/thumb/v7e-m+fp/hard\libgcc.a
LOAD C:/ST/STM32CubeIDE_1.19.0/STM32CubeIDE/plugins/com.st.stm32cube.ide.mcu.externaltools.gnu-tools-for-stm32.13.3.rel1.win32_1.0.0.202411081344/tools/bin/../lib/gcc/arm-none-eabi/13.3.1/../../../../arm-none-eabi/lib/thumb/v7e-m+fp/hard\libc_nano.a
LOAD C:/ST/STM32CubeIDE_1.19.0/STM32CubeIDE/plugins/com.st.stm32cube.ide.mcu.externaltools.gnu-tools-for-stm32.13.3.rel1.win32_1.0.0.202411081344/tools/bin/../lib/gcc/arm-none-eabi/13.3.1/../../../../arm-none-eabi/lib/thumb/v7e-m+fp/hard\libnosys.a
END GROUP
LOAD C:/ST/STM32CubeIDE_1.19.0/STM32CubeIDE/plugins/com.st.stm32cube.ide.mcu.externaltools.gnu-tools-for-stm32.13.3.rel1.win32_1.0.0.202411081344/tools/bin/../lib/gcc/arm-none-eabi/13.3.1/thumb/v7e-m+fp/hard/crtend.o
LOAD C:/ST/STM32CubeIDE_1.19.0/STM32CubeIDE/plugins/com.st.stm32cube.ide.mcu.externaltools.gnu-tools-for-stm32.13.3.rel1.win32_1.0.0.202411081344/tools/bin/../lib/gcc/arm-none-eabi/13.3.1/thumb/v7e-m+fp/hard/crtn.o
                0x20020000                        _estack = (ORIGIN (RAM) + LENGTH (RAM))
                0x00001000                        _Min_Heap_Size = 0x1000
                0x00001000                        _Min_Stack_Size = 0x1000

.isr_vector     0x08000000      0x188
                0x08000000                        . = ALIGN (0x4)
 *(.isr_vector)
 .isr_vector    0x08000000      0x188 ./Core/Startup/startup_stm32f407zgtx.o
                0x08000000                g_pfnVectors
                0x08000188                        . = ALIGN (0x4)

.text           0x08000188     0x9ad0
                0x08000188                        . = ALIGN (0x4)
 *(.text)
 .text          0x08000188       0x40 C:/ST/STM32CubeIDE_1.19.0/STM32CubeIDE/plugins/com.st.stm32cube.ide.mcu.externaltools.gnu-tools-for-stm32.13.3.rel1.win32_1.0.0.202411081344/tools/bin/../lib/gcc/arm-none-eabi/13.3.1/thumb/v7e-m+fp/hard/crtbegin.o
 .text          0x080001c8       0x30 C:/ST/STM32CubeIDE_1.19.0/STM32CubeIDE/plugins/com.st.stm32cube.ide.mcu.externaltools.gnu-tools-for-stm32.13.3.rel1.win32_1.0.0.202411081344/tools/bin/../lib/gcc/arm-none-eabi/13.3.1/thumb/v7e-m+fp/hard\libgcc.a(_aeabi_uldivmod.o)
                0x080001c8                __aeabi_uldivmod
 .text          0x080001f8      0x2f8 C:/ST/STM32CubeIDE_1.19.0/STM32CubeIDE/plugins/com.st.stm32cube.ide.mcu.externaltools.gnu-tools-for-stm32.13.3.rel1.win32_1.0.0.202411081344/tools/bin/../lib/gcc/arm-none-eabi/13.3.1/thumb/v7e-m+fp/hard\libgcc.a(_udivmoddi4.o)
                0x080001f8                __udivmoddi4
 .text          0x080004f0        0x4 C:/ST/STM32CubeIDE_1.19.0/STM32CubeIDE/plugins/com.st.stm32cube.ide.mcu.externaltools.gnu-tools-for-stm32.13.3.rel1.win32_1.0.0.202411081344/tools/bin/../lib/gcc/arm-none-eabi/13.3.1/thumb/v7e-m+fp/hard\libgcc.a(_dvmd_tls.o)
                0x080004f0                __aeabi_idiv0
                0x080004f0                __aeabi_ldiv0
 *(.text*)
 .text.MX_GPIO_Init
                0x080004f4       0xf8 ./Core/Src/gpio.o
                0x080004f4                MX_GPIO_Init
 .text.W25Qxx_ReadID
                0x080005ec       0x78 ./Core/Src/main.o
                0x080005ec                W25Qxx_ReadID
 .text.W25Qxx_ReadSR
                0x08000664       0x78 ./Core/Src/main.o
                0x08000664                W25Qxx_ReadSR
 .text.W25Qxx_Read
                0x080006dc       0x9c ./Core/Src/main.o
                0x080006dc                W25Qxx_Read
 .text.SPI2_ReadWriteByte
                0x08000778       0x2c ./Core/Src/main.o
                0x08000778                SPI2_ReadWriteByte
 .text.main     0x080007a4       0x24 ./Core/Src/main.o
                0x080007a4                main
 .text.SystemClock_Config
                0x080007c8       0xd8 ./Core/Src/main.o
                0x080007c8                SystemClock_Config
 .text.Error_Handler
                0x080008a0        0xc ./Core/Src/main.o
                0x080008a0                Error_Handler
 .text.MX_RTC_Init
                0x080008ac       0xb4 ./Core/Src/rtc.o
                0x080008ac                MX_RTC_Init
 .text.HAL_RTC_MspInit
                0x08000960       0x54 ./Core/Src/rtc.o
                0x08000960                HAL_RTC_MspInit
 .text.MX_SPI2_Init
                0x080009b4       0x6c ./Core/Src/spi.o
                0x080009b4                MX_SPI2_Init
 .text.HAL_SPI_MspInit
                0x08000a20       0x90 ./Core/Src/spi.o
                0x08000a20                HAL_SPI_MspInit
 .text.HAL_MspInit
                0x08000ab0       0x50 ./Core/Src/stm32f4xx_hal_msp.o
                0x08000ab0                HAL_MspInit
 .text.NMI_Handler
                0x08000b00        0x8 ./Core/Src/stm32f4xx_it.o
                0x08000b00                NMI_Handler
 .text.HardFault_Handler
                0x08000b08        0x8 ./Core/Src/stm32f4xx_it.o
                0x08000b08                HardFault_Handler
 .text.MemManage_Handler
                0x08000b10        0x8 ./Core/Src/stm32f4xx_it.o
                0x08000b10                MemManage_Handler
 .text.BusFault_Handler
                0x08000b18        0x8 ./Core/Src/stm32f4xx_it.o
                0x08000b18                BusFault_Handler
 .text.UsageFault_Handler
                0x08000b20        0x8 ./Core/Src/stm32f4xx_it.o
                0x08000b20                UsageFault_Handler
 .text.SVC_Handler
                0x08000b28        0xe ./Core/Src/stm32f4xx_it.o
                0x08000b28                SVC_Handler
 .text.DebugMon_Handler
                0x08000b36        0xe ./Core/Src/stm32f4xx_it.o
                0x08000b36                DebugMon_Handler
 .text.PendSV_Handler
                0x08000b44        0xe ./Core/Src/stm32f4xx_it.o
                0x08000b44                PendSV_Handler
 .text.SysTick_Handler
                0x08000b52        0xc ./Core/Src/stm32f4xx_it.o
                0x08000b52                SysTick_Handler
 *fill*         0x08000b5e        0x2 
 .text.OTG_FS_IRQHandler
                0x08000b60       0x14 ./Core/Src/stm32f4xx_it.o
                0x08000b60                OTG_FS_IRQHandler
 .text.SystemInit
                0x08000b74       0x24 ./Core/Src/system_stm32f4xx.o
                0x08000b74                SystemInit
 .text.MX_USART6_UART_Init
                0x08000b98       0x54 ./Core/Src/usart.o
                0x08000b98                MX_USART6_UART_Init
 .text.HAL_UART_MspInit
                0x08000bec       0x90 ./Core/Src/usart.o
                0x08000bec                HAL_UART_MspInit
 .text.Reset_Handler
                0x08000c7c       0x50 ./Core/Startup/startup_stm32f407zgtx.o
                0x08000c7c                Reset_Handler
 .text.Default_Handler
                0x08000ccc        0x2 ./Core/Startup/startup_stm32f407zgtx.o
                0x08000ccc                RTC_Alarm_IRQHandler
                0x08000ccc                HASH_RNG_IRQHandler
                0x08000ccc                EXTI2_IRQHandler
                0x08000ccc                TIM8_CC_IRQHandler
                0x08000ccc                TIM1_CC_IRQHandler
                0x08000ccc                DMA2_Stream5_IRQHandler
                0x08000ccc                DMA1_Stream5_IRQHandler
                0x08000ccc                PVD_IRQHandler
                0x08000ccc                SDIO_IRQHandler
                0x08000ccc                TAMP_STAMP_IRQHandler
                0x08000ccc                CAN2_RX1_IRQHandler
                0x08000ccc                EXTI3_IRQHandler
                0x08000ccc                TIM8_TRG_COM_TIM14_IRQHandler
                0x08000ccc                TIM1_UP_TIM10_IRQHandler
                0x08000ccc                TIM8_UP_TIM13_IRQHandler
                0x08000ccc                I2C3_ER_IRQHandler
                0x08000ccc                EXTI0_IRQHandler
                0x08000ccc                I2C2_EV_IRQHandler
                0x08000ccc                DMA1_Stream2_IRQHandler
                0x08000ccc                CAN1_RX0_IRQHandler
                0x08000ccc                FPU_IRQHandler
                0x08000ccc                OTG_HS_WKUP_IRQHandler
                0x08000ccc                CAN2_SCE_IRQHandler
                0x08000ccc                DMA2_Stream2_IRQHandler
                0x08000ccc                SPI1_IRQHandler
                0x08000ccc                TIM6_DAC_IRQHandler
                0x08000ccc                TIM1_BRK_TIM9_IRQHandler
                0x08000ccc                DCMI_IRQHandler
                0x08000ccc                CAN2_RX0_IRQHandler
                0x08000ccc                DMA2_Stream3_IRQHandler
                0x08000ccc                USART6_IRQHandler
                0x08000ccc                USART3_IRQHandler
                0x08000ccc                CAN1_RX1_IRQHandler
                0x08000ccc                UART5_IRQHandler
                0x08000ccc                DMA2_Stream0_IRQHandler
                0x08000ccc                TIM4_IRQHandler
                0x08000ccc                I2C1_EV_IRQHandler
                0x08000ccc                DMA1_Stream6_IRQHandler
                0x08000ccc                DMA1_Stream1_IRQHandler
                0x08000ccc                UART4_IRQHandler
                0x08000ccc                TIM3_IRQHandler
                0x08000ccc                RCC_IRQHandler
                0x08000ccc                TIM8_BRK_TIM12_IRQHandler
                0x08000ccc                Default_Handler
                0x08000ccc                EXTI15_10_IRQHandler
                0x08000ccc                ADC_IRQHandler
                0x08000ccc                DMA1_Stream7_IRQHandler
                0x08000ccc                TIM7_IRQHandler
                0x08000ccc                CAN2_TX_IRQHandler
                0x08000ccc                TIM5_IRQHandler
                0x08000ccc                DMA2_Stream7_IRQHandler
                0x08000ccc                I2C3_EV_IRQHandler
                0x08000ccc                EXTI9_5_IRQHandler
                0x08000ccc                RTC_WKUP_IRQHandler
                0x08000ccc                ETH_WKUP_IRQHandler
                0x08000ccc                SPI2_IRQHandler
                0x08000ccc                OTG_HS_EP1_IN_IRQHandler
                0x08000ccc                DMA1_Stream0_IRQHandler
                0x08000ccc                CAN1_TX_IRQHandler
                0x08000ccc                EXTI4_IRQHandler
                0x08000ccc                FSMC_IRQHandler
                0x08000ccc                ETH_IRQHandler
                0x08000ccc                OTG_HS_EP1_OUT_IRQHandler
                0x08000ccc                WWDG_IRQHandler
                0x08000ccc                TIM2_IRQHandler
                0x08000ccc                OTG_FS_WKUP_IRQHandler
                0x08000ccc                TIM1_TRG_COM_TIM11_IRQHandler
                0x08000ccc                OTG_HS_IRQHandler
                0x08000ccc                EXTI1_IRQHandler
                0x08000ccc                USART2_IRQHandler
                0x08000ccc                I2C2_ER_IRQHandler
                0x08000ccc                DMA2_Stream1_IRQHandler
                0x08000ccc                CAN1_SCE_IRQHandler
                0x08000ccc                FLASH_IRQHandler
                0x08000ccc                DMA2_Stream4_IRQHandler
                0x08000ccc                USART1_IRQHandler
                0x08000ccc                SPI3_IRQHandler
                0x08000ccc                DMA1_Stream4_IRQHandler
                0x08000ccc                I2C1_ER_IRQHandler
                0x08000ccc                DMA2_Stream6_IRQHandler
                0x08000ccc                DMA1_Stream3_IRQHandler
 *fill*         0x08000cce        0x2 
 .text.HAL_Init
                0x08000cd0       0x44 ./Drivers/STM32F4xx_HAL_Driver/Src/stm32f4xx_hal.o
                0x08000cd0                HAL_Init
 .text.HAL_InitTick
                0x08000d14       0x60 ./Drivers/STM32F4xx_HAL_Driver/Src/stm32f4xx_hal.o
                0x08000d14                HAL_InitTick
 .text.HAL_IncTick
                0x08000d74       0x28 ./Drivers/STM32F4xx_HAL_Driver/Src/stm32f4xx_hal.o
                0x08000d74                HAL_IncTick
 .text.HAL_GetTick
                0x08000d9c       0x18 ./Drivers/STM32F4xx_HAL_Driver/Src/stm32f4xx_hal.o
                0x08000d9c                HAL_GetTick
 .text.HAL_Delay
                0x08000db4       0x48 ./Drivers/STM32F4xx_HAL_Driver/Src/stm32f4xx_hal.o
                0x08000db4                HAL_Delay
 .text.__NVIC_SetPriorityGrouping
                0x08000dfc       0x48 ./Drivers/STM32F4xx_HAL_Driver/Src/stm32f4xx_hal_cortex.o
 .text.__NVIC_GetPriorityGrouping
                0x08000e44       0x1c ./Drivers/STM32F4xx_HAL_Driver/Src/stm32f4xx_hal_cortex.o
 .text.__NVIC_EnableIRQ
                0x08000e60       0x3c ./Drivers/STM32F4xx_HAL_Driver/Src/stm32f4xx_hal_cortex.o
 .text.__NVIC_SetPriority
                0x08000e9c       0x54 ./Drivers/STM32F4xx_HAL_Driver/Src/stm32f4xx_hal_cortex.o
 .text.NVIC_EncodePriority
                0x08000ef0       0x66 ./Drivers/STM32F4xx_HAL_Driver/Src/stm32f4xx_hal_cortex.o
 *fill*         0x08000f56        0x2 
 .text.SysTick_Config
                0x08000f58       0x44 ./Drivers/STM32F4xx_HAL_Driver/Src/stm32f4xx_hal_cortex.o
 .text.HAL_NVIC_SetPriorityGrouping
                0x08000f9c       0x16 ./Drivers/STM32F4xx_HAL_Driver/Src/stm32f4xx_hal_cortex.o
                0x08000f9c                HAL_NVIC_SetPriorityGrouping
 .text.HAL_NVIC_SetPriority
                0x08000fb2       0x38 ./Drivers/STM32F4xx_HAL_Driver/Src/stm32f4xx_hal_cortex.o
                0x08000fb2                HAL_NVIC_SetPriority
 .text.HAL_NVIC_EnableIRQ
                0x08000fea       0x1c ./Drivers/STM32F4xx_HAL_Driver/Src/stm32f4xx_hal_cortex.o
                0x08000fea                HAL_NVIC_EnableIRQ
 .text.HAL_SYSTICK_Config
                0x08001006       0x18 ./Drivers/STM32F4xx_HAL_Driver/Src/stm32f4xx_hal_cortex.o
                0x08001006                HAL_SYSTICK_Config
 *fill*         0x0800101e        0x2 
 .text.HAL_GPIO_Init
                0x08001020      0x338 ./Drivers/STM32F4xx_HAL_Driver/Src/stm32f4xx_hal_gpio.o
                0x08001020                HAL_GPIO_Init
 .text.HAL_GPIO_WritePin
                0x08001358       0x32 ./Drivers/STM32F4xx_HAL_Driver/Src/stm32f4xx_hal_gpio.o
                0x08001358                HAL_GPIO_WritePin
 .text.HAL_PCD_Init
                0x0800138a      0x21e ./Drivers/STM32F4xx_HAL_Driver/Src/stm32f4xx_hal_pcd.o
                0x0800138a                HAL_PCD_Init
 .text.HAL_PCD_Start
                0x080015a8       0x6a ./Drivers/STM32F4xx_HAL_Driver/Src/stm32f4xx_hal_pcd.o
                0x080015a8                HAL_PCD_Start
 .text.HAL_PCD_IRQHandler
                0x08001612      0x942 ./Drivers/STM32F4xx_HAL_Driver/Src/stm32f4xx_hal_pcd.o
                0x08001612                HAL_PCD_IRQHandler
 .text.HAL_PCD_SetAddress
                0x08001f54       0x48 ./Drivers/STM32F4xx_HAL_Driver/Src/stm32f4xx_hal_pcd.o
                0x08001f54                HAL_PCD_SetAddress
 .text.HAL_PCD_EP_Open
                0x08001f9c       0xd4 ./Drivers/STM32F4xx_HAL_Driver/Src/stm32f4xx_hal_pcd.o
                0x08001f9c                HAL_PCD_EP_Open
 .text.HAL_PCD_EP_Close
                0x08002070       0x94 ./Drivers/STM32F4xx_HAL_Driver/Src/stm32f4xx_hal_pcd.o
                0x08002070                HAL_PCD_EP_Close
 .text.HAL_PCD_EP_Receive
                0x08002104       0x76 ./Drivers/STM32F4xx_HAL_Driver/Src/stm32f4xx_hal_pcd.o
                0x08002104                HAL_PCD_EP_Receive
 .text.HAL_PCD_EP_GetRxCount
                0x0800217a       0x30 ./Drivers/STM32F4xx_HAL_Driver/Src/stm32f4xx_hal_pcd.o
                0x0800217a                HAL_PCD_EP_GetRxCount
 .text.HAL_PCD_EP_Transmit
                0x080021aa       0x74 ./Drivers/STM32F4xx_HAL_Driver/Src/stm32f4xx_hal_pcd.o
                0x080021aa                HAL_PCD_EP_Transmit
 .text.HAL_PCD_EP_SetStall
                0x0800221e       0xc6 ./Drivers/STM32F4xx_HAL_Driver/Src/stm32f4xx_hal_pcd.o
                0x0800221e                HAL_PCD_EP_SetStall
 .text.HAL_PCD_EP_ClrStall
                0x080022e4       0xac ./Drivers/STM32F4xx_HAL_Driver/Src/stm32f4xx_hal_pcd.o
                0x080022e4                HAL_PCD_EP_ClrStall
 .text.HAL_PCD_EP_Abort
                0x08002390       0x62 ./Drivers/STM32F4xx_HAL_Driver/Src/stm32f4xx_hal_pcd.o
                0x08002390                HAL_PCD_EP_Abort
 .text.HAL_PCD_EP_Flush
                0x080023f2       0x5a ./Drivers/STM32F4xx_HAL_Driver/Src/stm32f4xx_hal_pcd.o
                0x080023f2                HAL_PCD_EP_Flush
 .text.PCD_WriteEmptyTxFifo
                0x0800244c      0x118 ./Drivers/STM32F4xx_HAL_Driver/Src/stm32f4xx_hal_pcd.o
 .text.PCD_EP_OutXfrComplete_int
                0x08002564      0x1d0 ./Drivers/STM32F4xx_HAL_Driver/Src/stm32f4xx_hal_pcd.o
 .text.PCD_EP_OutSetupPacket_int
                0x08002734       0x8c ./Drivers/STM32F4xx_HAL_Driver/Src/stm32f4xx_hal_pcd.o
 .text.HAL_PCDEx_SetTxFiFo
                0x080027c0       0x8e ./Drivers/STM32F4xx_HAL_Driver/Src/stm32f4xx_hal_pcd_ex.o
                0x080027c0                HAL_PCDEx_SetTxFiFo
 .text.HAL_PCDEx_SetRxFiFo
                0x0800284e       0x22 ./Drivers/STM32F4xx_HAL_Driver/Src/stm32f4xx_hal_pcd_ex.o
                0x0800284e                HAL_PCDEx_SetRxFiFo
 .text.HAL_PCDEx_LPM_Callback
                0x08002870       0x18 ./Drivers/STM32F4xx_HAL_Driver/Src/stm32f4xx_hal_pcd_ex.o
                0x08002870                HAL_PCDEx_LPM_Callback
 .text.HAL_RCC_OscConfig
                0x08002888      0x4f0 ./Drivers/STM32F4xx_HAL_Driver/Src/stm32f4xx_hal_rcc.o
                0x08002888                HAL_RCC_OscConfig
 .text.HAL_RCC_ClockConfig
                0x08002d78      0x1cc ./Drivers/STM32F4xx_HAL_Driver/Src/stm32f4xx_hal_rcc.o
                0x08002d78                HAL_RCC_ClockConfig
 .text.HAL_RCC_GetSysClockFreq
                0x08002f44      0x18c ./Drivers/STM32F4xx_HAL_Driver/Src/stm32f4xx_hal_rcc.o
                0x08002f44                HAL_RCC_GetSysClockFreq
 .text.HAL_RCC_GetHCLKFreq
                0x080030d0       0x18 ./Drivers/STM32F4xx_HAL_Driver/Src/stm32f4xx_hal_rcc.o
                0x080030d0                HAL_RCC_GetHCLKFreq
 .text.HAL_RCC_GetPCLK1Freq
                0x080030e8       0x28 ./Drivers/STM32F4xx_HAL_Driver/Src/stm32f4xx_hal_rcc.o
                0x080030e8                HAL_RCC_GetPCLK1Freq
 .text.HAL_RCC_GetPCLK2Freq
                0x08003110       0x28 ./Drivers/STM32F4xx_HAL_Driver/Src/stm32f4xx_hal_rcc.o
                0x08003110                HAL_RCC_GetPCLK2Freq
 .text.HAL_RCCEx_PeriphCLKConfig
                0x08003138      0x1c4 ./Drivers/STM32F4xx_HAL_Driver/Src/stm32f4xx_hal_rcc_ex.o
                0x08003138                HAL_RCCEx_PeriphCLKConfig
 .text.HAL_RTC_Init
                0x080032fc      0x102 ./Drivers/STM32F4xx_HAL_Driver/Src/stm32f4xx_hal_rtc.o
                0x080032fc                HAL_RTC_Init
 .text.HAL_RTC_SetTime
                0x080033fe      0x134 ./Drivers/STM32F4xx_HAL_Driver/Src/stm32f4xx_hal_rtc.o
                0x080033fe                HAL_RTC_SetTime
 .text.HAL_RTC_SetDate
                0x08003532      0x108 ./Drivers/STM32F4xx_HAL_Driver/Src/stm32f4xx_hal_rtc.o
                0x08003532                HAL_RTC_SetDate
 *fill*         0x0800363a        0x2 
 .text.HAL_RTC_WaitForSynchro
                0x0800363c       0x4c ./Drivers/STM32F4xx_HAL_Driver/Src/stm32f4xx_hal_rtc.o
                0x0800363c                HAL_RTC_WaitForSynchro
 .text.RTC_EnterInitMode
                0x08003688       0x6e ./Drivers/STM32F4xx_HAL_Driver/Src/stm32f4xx_hal_rtc.o
                0x08003688                RTC_EnterInitMode
 .text.RTC_ExitInitMode
                0x080036f6       0x4a ./Drivers/STM32F4xx_HAL_Driver/Src/stm32f4xx_hal_rtc.o
                0x080036f6                RTC_ExitInitMode
 .text.RTC_ByteToBcd2
                0x08003740       0x3c ./Drivers/STM32F4xx_HAL_Driver/Src/stm32f4xx_hal_rtc.o
                0x08003740                RTC_ByteToBcd2
 .text.HAL_SPI_Init
                0x0800377c      0x112 ./Drivers/STM32F4xx_HAL_Driver/Src/stm32f4xx_hal_spi.o
                0x0800377c                HAL_SPI_Init
 .text.HAL_SPI_TransmitReceive
                0x0800388e      0x352 ./Drivers/STM32F4xx_HAL_Driver/Src/stm32f4xx_hal_spi.o
                0x0800388e                HAL_SPI_TransmitReceive
 .text.SPI_WaitFlagStateUntilTimeout
                0x08003be0      0x110 ./Drivers/STM32F4xx_HAL_Driver/Src/stm32f4xx_hal_spi.o
 .text.SPI_EndRxTxTransaction
                0x08003cf0       0xa8 ./Drivers/STM32F4xx_HAL_Driver/Src/stm32f4xx_hal_spi.o
 .text.HAL_UART_Init
                0x08003d98       0xa0 ./Drivers/STM32F4xx_HAL_Driver/Src/stm32f4xx_hal_uart.o
                0x08003d98                HAL_UART_Init
 .text.UART_SetConfig
                0x08003e38      0x4e8 ./Drivers/STM32F4xx_HAL_Driver/Src/stm32f4xx_hal_uart.o
 .text.USB_CoreInit
                0x08004320       0xc8 ./Drivers/STM32F4xx_HAL_Driver/Src/stm32f4xx_ll_usb.o
                0x08004320                USB_CoreInit
 .text.USB_SetTurnaroundTime
                0x080043e8      0x144 ./Drivers/STM32F4xx_HAL_Driver/Src/stm32f4xx_ll_usb.o
                0x080043e8                USB_SetTurnaroundTime
 .text.USB_EnableGlobalInt
                0x0800452c       0x22 ./Drivers/STM32F4xx_HAL_Driver/Src/stm32f4xx_ll_usb.o
                0x0800452c                USB_EnableGlobalInt
 .text.USB_DisableGlobalInt
                0x0800454e       0x22 ./Drivers/STM32F4xx_HAL_Driver/Src/stm32f4xx_ll_usb.o
                0x0800454e                USB_DisableGlobalInt
 .text.USB_SetCurrentMode
                0x08004570       0x98 ./Drivers/STM32F4xx_HAL_Driver/Src/stm32f4xx_ll_usb.o
                0x08004570                USB_SetCurrentMode
 .text.USB_DevInit
                0x08004608      0x2c8 ./Drivers/STM32F4xx_HAL_Driver/Src/stm32f4xx_ll_usb.o
                0x08004608                USB_DevInit
 .text.USB_FlushTxFifo
                0x080048d0       0x64 ./Drivers/STM32F4xx_HAL_Driver/Src/stm32f4xx_ll_usb.o
                0x080048d0                USB_FlushTxFifo
 .text.USB_FlushRxFifo
                0x08004934       0x5c ./Drivers/STM32F4xx_HAL_Driver/Src/stm32f4xx_ll_usb.o
                0x08004934                USB_FlushRxFifo
 .text.USB_SetDevSpeed
                0x08004990       0x32 ./Drivers/STM32F4xx_HAL_Driver/Src/stm32f4xx_ll_usb.o
                0x08004990                USB_SetDevSpeed
 .text.USB_GetDevSpeed
                0x080049c2       0x4a ./Drivers/STM32F4xx_HAL_Driver/Src/stm32f4xx_ll_usb.o
                0x080049c2                USB_GetDevSpeed
 .text.USB_ActivateEndpoint
                0x08004a0c      0x10e ./Drivers/STM32F4xx_HAL_Driver/Src/stm32f4xx_ll_usb.o
                0x08004a0c                USB_ActivateEndpoint
 *fill*         0x08004b1a        0x2 
 .text.USB_DeactivateEndpoint
                0x08004b1c      0x1b8 ./Drivers/STM32F4xx_HAL_Driver/Src/stm32f4xx_ll_usb.o
                0x08004b1c                USB_DeactivateEndpoint
 .text.USB_EPStartXfer
                0x08004cd4      0x53c ./Drivers/STM32F4xx_HAL_Driver/Src/stm32f4xx_ll_usb.o
                0x08004cd4                USB_EPStartXfer
 .text.USB_EPStopXfer
                0x08005210      0x154 ./Drivers/STM32F4xx_HAL_Driver/Src/stm32f4xx_ll_usb.o
                0x08005210                USB_EPStopXfer
 .text.USB_WritePacket
                0x08005364       0x7c ./Drivers/STM32F4xx_HAL_Driver/Src/stm32f4xx_ll_usb.o
                0x08005364                USB_WritePacket
 .text.USB_ReadPacket
                0x080053e0       0xb0 ./Drivers/STM32F4xx_HAL_Driver/Src/stm32f4xx_ll_usb.o
                0x080053e0                USB_ReadPacket
 .text.USB_EPSetStall
                0x08005490       0xdc ./Drivers/STM32F4xx_HAL_Driver/Src/stm32f4xx_ll_usb.o
                0x08005490                USB_EPSetStall
 .text.USB_EPClearStall
                0x0800556c       0xcc ./Drivers/STM32F4xx_HAL_Driver/Src/stm32f4xx_ll_usb.o
                0x0800556c                USB_EPClearStall
 .text.USB_SetDevAddress
                0x08005638       0x4c ./Drivers/STM32F4xx_HAL_Driver/Src/stm32f4xx_ll_usb.o
                0x08005638                USB_SetDevAddress
 .text.USB_DevConnect
                0x08005684       0x42 ./Drivers/STM32F4xx_HAL_Driver/Src/stm32f4xx_ll_usb.o
                0x08005684                USB_DevConnect
 .text.USB_DevDisconnect
                0x080056c6       0x42 ./Drivers/STM32F4xx_HAL_Driver/Src/stm32f4xx_ll_usb.o
                0x080056c6                USB_DevDisconnect
 .text.USB_ReadInterrupts
                0x08005708       0x26 ./Drivers/STM32F4xx_HAL_Driver/Src/stm32f4xx_ll_usb.o
                0x08005708                USB_ReadInterrupts
 .text.USB_ReadDevAllOutEpInterrupt
                0x0800572e       0x34 ./Drivers/STM32F4xx_HAL_Driver/Src/stm32f4xx_ll_usb.o
                0x0800572e                USB_ReadDevAllOutEpInterrupt
 .text.USB_ReadDevAllInEpInterrupt
                0x08005762       0x34 ./Drivers/STM32F4xx_HAL_Driver/Src/stm32f4xx_ll_usb.o
                0x08005762                USB_ReadDevAllInEpInterrupt
 .text.USB_ReadDevOutEPInterrupt
                0x08005796       0x3c ./Drivers/STM32F4xx_HAL_Driver/Src/stm32f4xx_ll_usb.o
                0x08005796                USB_ReadDevOutEPInterrupt
 .text.USB_ReadDevInEPInterrupt
                0x080057d2       0x5c ./Drivers/STM32F4xx_HAL_Driver/Src/stm32f4xx_ll_usb.o
                0x080057d2                USB_ReadDevInEPInterrupt
 .text.USB_GetMode
                0x0800582e       0x1c ./Drivers/STM32F4xx_HAL_Driver/Src/stm32f4xx_ll_usb.o
                0x0800582e                USB_GetMode
 .text.USB_ActivateSetup
                0x0800584a       0x46 ./Drivers/STM32F4xx_HAL_Driver/Src/stm32f4xx_ll_usb.o
                0x0800584a                USB_ActivateSetup
 .text.USB_EP0_OutStart
                0x08005890       0xbc ./Drivers/STM32F4xx_HAL_Driver/Src/stm32f4xx_ll_usb.o
                0x08005890                USB_EP0_OutStart
 .text.USB_CoreReset
                0x0800594c       0x70 ./Drivers/STM32F4xx_HAL_Driver/Src/stm32f4xx_ll_usb.o
 .text.USBD_MSC_Init
                0x080059bc      0x120 ./Middlewares/ST/STM32_USB_Device_Library/Class/MSC/Src/usbd_msc.o
                0x080059bc                USBD_MSC_Init
 .text.USBD_MSC_DeInit
                0x08005adc       0xb0 ./Middlewares/ST/STM32_USB_Device_Library/Class/MSC/Src/usbd_msc.o
                0x08005adc                USBD_MSC_DeInit
 .text.USBD_MSC_Setup
                0x08005b8c      0x200 ./Middlewares/ST/STM32_USB_Device_Library/Class/MSC/Src/usbd_msc.o
                0x08005b8c                USBD_MSC_Setup
 .text.USBD_MSC_DataIn
                0x08005d8c       0x20 ./Middlewares/ST/STM32_USB_Device_Library/Class/MSC/Src/usbd_msc.o
                0x08005d8c                USBD_MSC_DataIn
 .text.USBD_MSC_DataOut
                0x08005dac       0x20 ./Middlewares/ST/STM32_USB_Device_Library/Class/MSC/Src/usbd_msc.o
                0x08005dac                USBD_MSC_DataOut
 .text.USBD_MSC_GetHSCfgDesc
                0x08005dcc       0x58 ./Middlewares/ST/STM32_USB_Device_Library/Class/MSC/Src/usbd_msc.o
                0x08005dcc                USBD_MSC_GetHSCfgDesc
 .text.USBD_MSC_GetFSCfgDesc
                0x08005e24       0x58 ./Middlewares/ST/STM32_USB_Device_Library/Class/MSC/Src/usbd_msc.o
                0x08005e24                USBD_MSC_GetFSCfgDesc
 .text.USBD_MSC_GetOtherSpeedCfgDesc
                0x08005e7c       0x58 ./Middlewares/ST/STM32_USB_Device_Library/Class/MSC/Src/usbd_msc.o
                0x08005e7c                USBD_MSC_GetOtherSpeedCfgDesc
 .text.USBD_MSC_GetDeviceQualifierDescriptor
                0x08005ed4       0x20 ./Middlewares/ST/STM32_USB_Device_Library/Class/MSC/Src/usbd_msc.o
                0x08005ed4                USBD_MSC_GetDeviceQualifierDescriptor
 .text.USBD_MSC_RegisterStorage
                0x08005ef4       0x34 ./Middlewares/ST/STM32_USB_Device_Library/Class/MSC/Src/usbd_msc.o
                0x08005ef4                USBD_MSC_RegisterStorage
 .text.MSC_BOT_Init
                0x08005f28       0xa4 ./Middlewares/ST/STM32_USB_Device_Library/Class/MSC/Src/usbd_msc_bot.o
                0x08005f28                MSC_BOT_Init
 .text.MSC_BOT_Reset
                0x08005fcc       0x68 ./Middlewares/ST/STM32_USB_Device_Library/Class/MSC/Src/usbd_msc_bot.o
                0x08005fcc                MSC_BOT_Reset
 .text.MSC_BOT_DeInit
                0x08006034       0x30 ./Middlewares/ST/STM32_USB_Device_Library/Class/MSC/Src/usbd_msc_bot.o
                0x08006034                MSC_BOT_DeInit
 .text.MSC_BOT_DataIn
                0x08006064       0x78 ./Middlewares/ST/STM32_USB_Device_Library/Class/MSC/Src/usbd_msc_bot.o
                0x08006064                MSC_BOT_DataIn
 .text.MSC_BOT_DataOut
                0x080060dc       0x6c ./Middlewares/ST/STM32_USB_Device_Library/Class/MSC/Src/usbd_msc_bot.o
                0x080060dc                MSC_BOT_DataOut
 .text.MSC_BOT_CBW_Decode
                0x08006148      0x144 ./Middlewares/ST/STM32_USB_Device_Library/Class/MSC/Src/usbd_msc_bot.o
 .text.MSC_BOT_SendData
                0x0800628c       0x78 ./Middlewares/ST/STM32_USB_Device_Library/Class/MSC/Src/usbd_msc_bot.o
 .text.MSC_BOT_SendCSW
                0x08006304       0x80 ./Middlewares/ST/STM32_USB_Device_Library/Class/MSC/Src/usbd_msc_bot.o
                0x08006304                MSC_BOT_SendCSW
 .text.MSC_BOT_Abort
                0x08006384       0x88 ./Middlewares/ST/STM32_USB_Device_Library/Class/MSC/Src/usbd_msc_bot.o
 .text.MSC_BOT_CplClrFeature
                0x0800640c       0x74 ./Middlewares/ST/STM32_USB_Device_Library/Class/MSC/Src/usbd_msc_bot.o
                0x0800640c                MSC_BOT_CplClrFeature
 .text.SCSI_ProcessCmd
                0x08006480      0x354 ./Middlewares/ST/STM32_USB_Device_Library/Class/MSC/Src/usbd_msc_scsi.o
                0x08006480                SCSI_ProcessCmd
 .text.SCSI_TestUnitReady
                0x080067d4       0xba ./Middlewares/ST/STM32_USB_Device_Library/Class/MSC/Src/usbd_msc_scsi.o
 *fill*         0x0800688e        0x2 
 .text.SCSI_Inquiry
                0x08006890      0x100 ./Middlewares/ST/STM32_USB_Device_Library/Class/MSC/Src/usbd_msc_scsi.o
 .text.SCSI_ReadCapacity10
                0x08006990       0xfa ./Middlewares/ST/STM32_USB_Device_Library/Class/MSC/Src/usbd_msc_scsi.o
 .text.SCSI_ReadCapacity16
                0x08006a8a      0x166 ./Middlewares/ST/STM32_USB_Device_Library/Class/MSC/Src/usbd_msc_scsi.o
 .text.SCSI_ReadFormatCapacity
                0x08006bf0       0xfa ./Middlewares/ST/STM32_USB_Device_Library/Class/MSC/Src/usbd_msc_scsi.o
 *fill*         0x08006cea        0x2 
 .text.SCSI_ModeSense6
                0x08006cec       0xa0 ./Middlewares/ST/STM32_USB_Device_Library/Class/MSC/Src/usbd_msc_scsi.o
 .text.SCSI_ModeSense10
                0x08006d8c       0x9c ./Middlewares/ST/STM32_USB_Device_Library/Class/MSC/Src/usbd_msc_scsi.o
 .text.SCSI_RequestSense
                0x08006e28      0x134 ./Middlewares/ST/STM32_USB_Device_Library/Class/MSC/Src/usbd_msc_scsi.o
 .text.SCSI_SenseCode
                0x08006f5c       0xb8 ./Middlewares/ST/STM32_USB_Device_Library/Class/MSC/Src/usbd_msc_scsi.o
                0x08006f5c                SCSI_SenseCode
 .text.SCSI_StartStopUnit
                0x08007014       0xba ./Middlewares/ST/STM32_USB_Device_Library/Class/MSC/Src/usbd_msc_scsi.o
 .text.SCSI_AllowPreventRemovable
                0x080070ce       0x62 ./Middlewares/ST/STM32_USB_Device_Library/Class/MSC/Src/usbd_msc_scsi.o
 .text.SCSI_Read10
                0x08007130      0x164 ./Middlewares/ST/STM32_USB_Device_Library/Class/MSC/Src/usbd_msc_scsi.o
 .text.SCSI_Read12
                0x08007294      0x178 ./Middlewares/ST/STM32_USB_Device_Library/Class/MSC/Src/usbd_msc_scsi.o
 .text.SCSI_Write10
                0x0800740c      0x1bc ./Middlewares/ST/STM32_USB_Device_Library/Class/MSC/Src/usbd_msc_scsi.o
 .text.SCSI_Write12
                0x080075c8      0x1dc ./Middlewares/ST/STM32_USB_Device_Library/Class/MSC/Src/usbd_msc_scsi.o
 .text.SCSI_Verify10
                0x080077a4       0x86 ./Middlewares/ST/STM32_USB_Device_Library/Class/MSC/Src/usbd_msc_scsi.o
 *fill*         0x0800782a        0x2 
 .text.SCSI_ReportLuns
                0x0800782c       0xa8 ./Middlewares/ST/STM32_USB_Device_Library/Class/MSC/Src/usbd_msc_scsi.o
 .text.SCSI_ReceiveDiagnosticResults
                0x080078d4       0x68 ./Middlewares/ST/STM32_USB_Device_Library/Class/MSC/Src/usbd_msc_scsi.o
 .text.SCSI_CheckAddressRange
                0x0800793c       0x66 ./Middlewares/ST/STM32_USB_Device_Library/Class/MSC/Src/usbd_msc_scsi.o
 *fill*         0x080079a2        0x2 
 .text.SCSI_ProcessRead
                0x080079a4      0x108 ./Middlewares/ST/STM32_USB_Device_Library/Class/MSC/Src/usbd_msc_scsi.o
 .text.SCSI_ProcessWrite
                0x08007aac      0x124 ./Middlewares/ST/STM32_USB_Device_Library/Class/MSC/Src/usbd_msc_scsi.o
 .text.SCSI_UpdateBotData
                0x08007bd0       0x52 ./Middlewares/ST/STM32_USB_Device_Library/Class/MSC/Src/usbd_msc_scsi.o
 .text.USBD_Init
                0x08007c22       0x60 ./Middlewares/ST/STM32_USB_Device_Library/Core/Src/usbd_core.o
                0x08007c22                USBD_Init
 .text.USBD_RegisterClass
                0x08007c82       0x6c ./Middlewares/ST/STM32_USB_Device_Library/Core/Src/usbd_core.o
                0x08007c82                USBD_RegisterClass
 .text.USBD_Start
                0x08007cee       0x18 ./Middlewares/ST/STM32_USB_Device_Library/Core/Src/usbd_core.o
                0x08007cee                USBD_Start
 .text.USBD_RunTestMode
                0x08007d06       0x16 ./Middlewares/ST/STM32_USB_Device_Library/Core/Src/usbd_core.o
                0x08007d06                USBD_RunTestMode
 .text.USBD_SetClassConfig
                0x08007d1c       0x38 ./Middlewares/ST/STM32_USB_Device_Library/Core/Src/usbd_core.o
                0x08007d1c                USBD_SetClassConfig
 .text.USBD_ClrClassConfig
                0x08007d54       0x34 ./Middlewares/ST/STM32_USB_Device_Library/Core/Src/usbd_core.o
                0x08007d54                USBD_ClrClassConfig
 .text.USBD_LL_SetupStage
                0x08007d88       0xaa ./Middlewares/ST/STM32_USB_Device_Library/Core/Src/usbd_core.o
                0x08007d88                USBD_LL_SetupStage
 .text.USBD_LL_DataOutStage
                0x08007e32      0x178 ./Middlewares/ST/STM32_USB_Device_Library/Core/Src/usbd_core.o
                0x08007e32                USBD_LL_DataOutStage
 .text.USBD_LL_DataInStage
                0x08007faa      0x176 ./Middlewares/ST/STM32_USB_Device_Library/Core/Src/usbd_core.o
                0x08007faa                USBD_LL_DataInStage
 .text.USBD_LL_Reset
                0x08008120       0xa6 ./Middlewares/ST/STM32_USB_Device_Library/Core/Src/usbd_core.o
                0x08008120                USBD_LL_Reset
 .text.USBD_LL_SetSpeed
                0x080081c6       0x20 ./Middlewares/ST/STM32_USB_Device_Library/Core/Src/usbd_core.o
                0x080081c6                USBD_LL_SetSpeed
 .text.USBD_LL_Suspend
                0x080081e6       0x38 ./Middlewares/ST/STM32_USB_Device_Library/Core/Src/usbd_core.o
                0x080081e6                USBD_LL_Suspend
 .text.USBD_LL_Resume
                0x0800821e       0x30 ./Middlewares/ST/STM32_USB_Device_Library/Core/Src/usbd_core.o
                0x0800821e                USBD_LL_Resume
 .text.USBD_LL_SOF
                0x0800824e       0x40 ./Middlewares/ST/STM32_USB_Device_Library/Core/Src/usbd_core.o
                0x0800824e                USBD_LL_SOF
 .text.USBD_LL_IsoINIncomplete
                0x0800828e       0x64 ./Middlewares/ST/STM32_USB_Device_Library/Core/Src/usbd_core.o
                0x0800828e                USBD_LL_IsoINIncomplete
 .text.USBD_LL_IsoOUTIncomplete
                0x080082f2       0x64 ./Middlewares/ST/STM32_USB_Device_Library/Core/Src/usbd_core.o
                0x080082f2                USBD_LL_IsoOUTIncomplete
 .text.USBD_LL_DevConnected
                0x08008356       0x16 ./Middlewares/ST/STM32_USB_Device_Library/Core/Src/usbd_core.o
                0x08008356                USBD_LL_DevConnected
 .text.USBD_LL_DevDisconnected
                0x0800836c       0x46 ./Middlewares/ST/STM32_USB_Device_Library/Core/Src/usbd_core.o
                0x0800836c                USBD_LL_DevDisconnected
 .text.USBD_CoreFindIF
                0x080083b2       0x1a ./Middlewares/ST/STM32_USB_Device_Library/Core/Src/usbd_core.o
                0x080083b2                USBD_CoreFindIF
 .text.USBD_CoreFindEP
                0x080083cc       0x1a ./Middlewares/ST/STM32_USB_Device_Library/Core/Src/usbd_core.o
                0x080083cc                USBD_CoreFindEP
 .text.USBD_GetEpDesc
                0x080083e6       0x70 ./Middlewares/ST/STM32_USB_Device_Library/Core/Src/usbd_core.o
                0x080083e6                USBD_GetEpDesc
 .text.USBD_GetNextDesc
                0x08008456       0x38 ./Middlewares/ST/STM32_USB_Device_Library/Core/Src/usbd_core.o
                0x08008456                USBD_GetNextDesc
 .text.SWAPBYTE
                0x0800848e       0x3e ./Middlewares/ST/STM32_USB_Device_Library/Core/Src/usbd_ctlreq.o
 .text.USBD_StdDevReq
                0x080084cc       0xe4 ./Middlewares/ST/STM32_USB_Device_Library/Core/Src/usbd_ctlreq.o
                0x080084cc                USBD_StdDevReq
 .text.USBD_StdItfReq
                0x080085b0       0xd8 ./Middlewares/ST/STM32_USB_Device_Library/Core/Src/usbd_ctlreq.o
                0x080085b0                USBD_StdItfReq
 .text.USBD_StdEPReq
                0x08008688      0x33e ./Middlewares/ST/STM32_USB_Device_Library/Core/Src/usbd_ctlreq.o
                0x08008688                USBD_StdEPReq
 *fill*         0x080089c6        0x2 
 .text.USBD_GetDescriptor
                0x080089c8      0x2d4 ./Middlewares/ST/STM32_USB_Device_Library/Core/Src/usbd_ctlreq.o
 .text.USBD_SetAddress
                0x08008c9c       0x88 ./Middlewares/ST/STM32_USB_Device_Library/Core/Src/usbd_ctlreq.o
 .text.USBD_SetConfig
                0x08008d24      0x154 ./Middlewares/ST/STM32_USB_Device_Library/Core/Src/usbd_ctlreq.o
 .text.USBD_GetConfig
                0x08008e78       0x6c ./Middlewares/ST/STM32_USB_Device_Library/Core/Src/usbd_ctlreq.o
 .text.USBD_GetStatus
                0x08008ee4       0x68 ./Middlewares/ST/STM32_USB_Device_Library/Core/Src/usbd_ctlreq.o
 .text.USBD_SetFeature
                0x08008f4c       0x52 ./Middlewares/ST/STM32_USB_Device_Library/Core/Src/usbd_ctlreq.o
 .text.USBD_ClrFeature
                0x08008f9e       0x44 ./Middlewares/ST/STM32_USB_Device_Library/Core/Src/usbd_ctlreq.o
 .text.USBD_ParseSetupRequest
                0x08008fe2       0x74 ./Middlewares/ST/STM32_USB_Device_Library/Core/Src/usbd_ctlreq.o
                0x08008fe2                USBD_ParseSetupRequest
 .text.USBD_CtlError
                0x08009056       0x22 ./Middlewares/ST/STM32_USB_Device_Library/Core/Src/usbd_ctlreq.o
                0x08009056                USBD_CtlError
 .text.USBD_GetString
                0x08009078       0xa4 ./Middlewares/ST/STM32_USB_Device_Library/Core/Src/usbd_ctlreq.o
                0x08009078                USBD_GetString
 .text.USBD_GetLen
                0x0800911c       0x34 ./Middlewares/ST/STM32_USB_Device_Library/Core/Src/usbd_ctlreq.o
 .text.USBD_CtlSendData
                0x08009150       0x3c ./Middlewares/ST/STM32_USB_Device_Library/Core/Src/usbd_ioreq.o
                0x08009150                USBD_CtlSendData
 .text.USBD_CtlContinueSendData
                0x0800918c       0x22 ./Middlewares/ST/STM32_USB_Device_Library/Core/Src/usbd_ioreq.o
                0x0800918c                USBD_CtlContinueSendData
 .text.USBD_CtlContinueRx
                0x080091ae       0x22 ./Middlewares/ST/STM32_USB_Device_Library/Core/Src/usbd_ioreq.o
                0x080091ae                USBD_CtlContinueRx
 .text.USBD_CtlSendStatus
                0x080091d0       0x26 ./Middlewares/ST/STM32_USB_Device_Library/Core/Src/usbd_ioreq.o
                0x080091d0                USBD_CtlSendStatus
 .text.USBD_CtlReceiveStatus
                0x080091f6       0x26 ./Middlewares/ST/STM32_USB_Device_Library/Core/Src/usbd_ioreq.o
                0x080091f6                USBD_CtlReceiveStatus
 .text.MX_USB_DEVICE_Init
                0x0800921c       0x60 ./USB_DEVICE/App/usb_device.o
                0x0800921c                MX_USB_DEVICE_Init
 .text.USBD_FS_DeviceDescriptor
                0x0800927c       0x24 ./USB_DEVICE/App/usbd_desc.o
                0x0800927c                USBD_FS_DeviceDescriptor
 .text.USBD_FS_LangIDStrDescriptor
                0x080092a0       0x24 ./USB_DEVICE/App/usbd_desc.o
                0x080092a0                USBD_FS_LangIDStrDescriptor
 .text.USBD_FS_ProductStrDescriptor
                0x080092c4       0x3c ./USB_DEVICE/App/usbd_desc.o
                0x080092c4                USBD_FS_ProductStrDescriptor
 .text.USBD_FS_ManufacturerStrDescriptor
                0x08009300       0x28 ./USB_DEVICE/App/usbd_desc.o
                0x08009300                USBD_FS_ManufacturerStrDescriptor
 .text.USBD_FS_SerialStrDescriptor
                0x08009328       0x24 ./USB_DEVICE/App/usbd_desc.o
                0x08009328                USBD_FS_SerialStrDescriptor
 .text.USBD_FS_ConfigStrDescriptor
                0x0800934c       0x3c ./USB_DEVICE/App/usbd_desc.o
                0x0800934c                USBD_FS_ConfigStrDescriptor
 .text.USBD_FS_InterfaceStrDescriptor
                0x08009388       0x3c ./USB_DEVICE/App/usbd_desc.o
                0x08009388                USBD_FS_InterfaceStrDescriptor
 .text.Get_SerialNum
                0x080093c4       0x58 ./USB_DEVICE/App/usbd_desc.o
 .text.IntToUnicode
                0x0800941c       0x7e ./USB_DEVICE/App/usbd_desc.o
 .text.STORAGE_Init_FS
                0x0800949a       0x22 ./USB_DEVICE/App/usbd_storage_if.o
 .text.STORAGE_GetCapacity_FS
                0x080094bc       0x2c ./USB_DEVICE/App/usbd_storage_if.o
 .text.STORAGE_IsReady_FS
                0x080094e8       0x1c ./USB_DEVICE/App/usbd_storage_if.o
 .text.STORAGE_IsWriteProtected_FS
                0x08009504       0x18 ./USB_DEVICE/App/usbd_storage_if.o
 .text.STORAGE_Read_FS
                0x0800951c       0x22 ./USB_DEVICE/App/usbd_storage_if.o
 .text.STORAGE_Write_FS
                0x0800953e       0x30 ./USB_DEVICE/App/usbd_storage_if.o
 .text.STORAGE_GetMaxLun_FS
                0x0800956e       0x10 ./USB_DEVICE/App/usbd_storage_if.o
 *fill*         0x0800957e        0x2 
 .text.HAL_PCD_MspInit
                0x08009580       0xa8 ./USB_DEVICE/Target/usbd_conf.o
                0x08009580                HAL_PCD_MspInit
 .text.HAL_PCD_SetupStageCallback
                0x08009628       0x24 ./USB_DEVICE/Target/usbd_conf.o
                0x08009628                HAL_PCD_SetupStageCallback
 .text.HAL_PCD_DataOutStageCallback
                0x0800964c       0x36 ./USB_DEVICE/Target/usbd_conf.o
                0x0800964c                HAL_PCD_DataOutStageCallback
 .text.HAL_PCD_DataInStageCallback
                0x08009682       0x34 ./USB_DEVICE/Target/usbd_conf.o
                0x08009682                HAL_PCD_DataInStageCallback
 .text.HAL_PCD_SOFCallback
                0x080096b6       0x1c ./USB_DEVICE/Target/usbd_conf.o
                0x080096b6                HAL_PCD_SOFCallback
 .text.HAL_PCD_ResetCallback
                0x080096d2       0x50 ./USB_DEVICE/Target/usbd_conf.o
                0x080096d2                HAL_PCD_ResetCallback
 *fill*         0x08009722        0x2 
 .text.HAL_PCD_SuspendCallback
                0x08009724       0x4c ./USB_DEVICE/Target/usbd_conf.o
                0x08009724                HAL_PCD_SuspendCallback
 .text.HAL_PCD_ResumeCallback
                0x08009770       0x1c ./USB_DEVICE/Target/usbd_conf.o
                0x08009770                HAL_PCD_ResumeCallback
 .text.HAL_PCD_ISOOUTIncompleteCallback
                0x0800978c       0x24 ./USB_DEVICE/Target/usbd_conf.o
                0x0800978c                HAL_PCD_ISOOUTIncompleteCallback
 .text.HAL_PCD_ISOINIncompleteCallback
                0x080097b0       0x24 ./USB_DEVICE/Target/usbd_conf.o
                0x080097b0                HAL_PCD_ISOINIncompleteCallback
 .text.HAL_PCD_ConnectCallback
                0x080097d4       0x1c ./USB_DEVICE/Target/usbd_conf.o
                0x080097d4                HAL_PCD_ConnectCallback
 .text.HAL_PCD_DisconnectCallback
                0x080097f0       0x1c ./USB_DEVICE/Target/usbd_conf.o
                0x080097f0                HAL_PCD_DisconnectCallback
 .text.USBD_LL_Init
                0x0800980c       0x98 ./USB_DEVICE/Target/usbd_conf.o
                0x0800980c                USBD_LL_Init
 .text.USBD_LL_Start
                0x080098a4       0x36 ./USB_DEVICE/Target/usbd_conf.o
                0x080098a4                USBD_LL_Start
 .text.USBD_LL_OpenEP
                0x080098da       0x4c ./USB_DEVICE/Target/usbd_conf.o
                0x080098da                USBD_LL_OpenEP
 .text.USBD_LL_CloseEP
                0x08009926       0x3e ./USB_DEVICE/Target/usbd_conf.o
                0x08009926                USBD_LL_CloseEP
 .text.USBD_LL_FlushEP
                0x08009964       0x3e ./USB_DEVICE/Target/usbd_conf.o
                0x08009964                USBD_LL_FlushEP
 .text.USBD_LL_StallEP
                0x080099a2       0x3e ./USB_DEVICE/Target/usbd_conf.o
                0x080099a2                USBD_LL_StallEP
 .text.USBD_LL_ClearStallEP
                0x080099e0       0x3e ./USB_DEVICE/Target/usbd_conf.o
                0x080099e0                USBD_LL_ClearStallEP
 .text.USBD_LL_IsStallEP
                0x08009a1e       0x58 ./USB_DEVICE/Target/usbd_conf.o
                0x08009a1e                USBD_LL_IsStallEP
 .text.USBD_LL_SetUSBAddress
                0x08009a76       0x3e ./USB_DEVICE/Target/usbd_conf.o
                0x08009a76                USBD_LL_SetUSBAddress
 .text.USBD_LL_Transmit
                0x08009ab4       0x42 ./USB_DEVICE/Target/usbd_conf.o
                0x08009ab4                USBD_LL_Transmit
 .text.USBD_LL_PrepareReceive
                0x08009af6       0x42 ./USB_DEVICE/Target/usbd_conf.o
                0x08009af6                USBD_LL_PrepareReceive
 .text.USBD_LL_GetRxDataSize
                0x08009b38       0x26 ./USB_DEVICE/Target/usbd_conf.o
                0x08009b38                USBD_LL_GetRxDataSize
 *fill*         0x08009b5e        0x2 
 .text.USBD_static_malloc
                0x08009b60       0x1c ./USB_DEVICE/Target/usbd_conf.o
                0x08009b60                USBD_static_malloc
 .text.USBD_static_free
                0x08009b7c       0x14 ./USB_DEVICE/Target/usbd_conf.o
                0x08009b7c                USBD_static_free
 .text.USBD_Get_USB_Status
                0x08009b90       0x58 ./USB_DEVICE/Target/usbd_conf.o
                0x08009b90                USBD_Get_USB_Status
 .text.memset   0x08009be8       0x10 C:/ST/STM32CubeIDE_1.19.0/STM32CubeIDE/plugins/com.st.stm32cube.ide.mcu.externaltools.gnu-tools-for-stm32.13.3.rel1.win32_1.0.0.202411081344/tools/bin/../lib/gcc/arm-none-eabi/13.3.1/../../../../arm-none-eabi/lib/thumb/v7e-m+fp/hard\libc_nano.a(libc_a-memset.o)
                0x08009be8                memset
 .text.__libc_init_array
                0x08009bf8       0x48 C:/ST/STM32CubeIDE_1.19.0/STM32CubeIDE/plugins/com.st.stm32cube.ide.mcu.externaltools.gnu-tools-for-stm32.13.3.rel1.win32_1.0.0.202411081344/tools/bin/../lib/gcc/arm-none-eabi/13.3.1/../../../../arm-none-eabi/lib/thumb/v7e-m+fp/hard\libc_nano.a(libc_a-init.o)
                0x08009bf8                __libc_init_array
 *(.glue_7)
 .glue_7        0x08009c40        0x0 linker stubs
 *(.glue_7t)
 .glue_7t       0x08009c40        0x0 linker stubs
 *(.eh_frame)
 .eh_frame      0x08009c40        0x0 C:/ST/STM32CubeIDE_1.19.0/STM32CubeIDE/plugins/com.st.stm32cube.ide.mcu.externaltools.gnu-tools-for-stm32.13.3.rel1.win32_1.0.0.202411081344/tools/bin/../lib/gcc/arm-none-eabi/13.3.1/thumb/v7e-m+fp/hard/crtbegin.o
 *(.init)
 .init          0x08009c40        0x4 C:/ST/STM32CubeIDE_1.19.0/STM32CubeIDE/plugins/com.st.stm32cube.ide.mcu.externaltools.gnu-tools-for-stm32.13.3.rel1.win32_1.0.0.202411081344/tools/bin/../lib/gcc/arm-none-eabi/13.3.1/thumb/v7e-m+fp/hard/crti.o
                0x08009c40                _init
 .init          0x08009c44        0x8 C:/ST/STM32CubeIDE_1.19.0/STM32CubeIDE/plugins/com.st.stm32cube.ide.mcu.externaltools.gnu-tools-for-stm32.13.3.rel1.win32_1.0.0.202411081344/tools/bin/../lib/gcc/arm-none-eabi/13.3.1/thumb/v7e-m+fp/hard/crtn.o
 *(.fini)
 .fini          0x08009c4c        0x4 C:/ST/STM32CubeIDE_1.19.0/STM32CubeIDE/plugins/com.st.stm32cube.ide.mcu.externaltools.gnu-tools-for-stm32.13.3.rel1.win32_1.0.0.202411081344/tools/bin/../lib/gcc/arm-none-eabi/13.3.1/thumb/v7e-m+fp/hard/crti.o
                0x08009c4c                _fini
 .fini          0x08009c50        0x8 C:/ST/STM32CubeIDE_1.19.0/STM32CubeIDE/plugins/com.st.stm32cube.ide.mcu.externaltools.gnu-tools-for-stm32.13.3.rel1.win32_1.0.0.202411081344/tools/bin/../lib/gcc/arm-none-eabi/13.3.1/thumb/v7e-m+fp/hard/crtn.o
                0x08009c58                        . = ALIGN (0x4)
                0x08009c58                        _etext = .

.vfp11_veneer   0x08009c58        0x0
 .vfp11_veneer  0x08009c58        0x0 linker stubs

.v4_bx          0x08009c58        0x0
 .v4_bx         0x08009c58        0x0 linker stubs

.iplt           0x08009c58        0x0
 .iplt          0x08009c58        0x0 C:/ST/STM32CubeIDE_1.19.0/STM32CubeIDE/plugins/com.st.stm32cube.ide.mcu.externaltools.gnu-tools-for-stm32.13.3.rel1.win32_1.0.0.202411081344/tools/bin/../lib/gcc/arm-none-eabi/13.3.1/thumb/v7e-m+fp/hard/crtbegin.o

.rodata         0x08009c58       0x80
                0x08009c58                        . = ALIGN (0x4)
 *(.rodata)
 .rodata        0x08009c58       0x42 ./USB_DEVICE/App/usbd_desc.o
 *(.rodata*)
 *fill*         0x08009c9a        0x2 
 .rodata.AHBPrescTable
                0x08009c9c       0x10 ./Core/Src/system_stm32f4xx.o
                0x08009c9c                AHBPrescTable
 .rodata.APBPrescTable
                0x08009cac        0x8 ./Core/Src/system_stm32f4xx.o
                0x08009cac                APBPrescTable
 .rodata.STORAGE_Inquirydata_FS
                0x08009cb4       0x24 ./USB_DEVICE/App/usbd_storage_if.o
                0x08009cb4                STORAGE_Inquirydata_FS
                0x08009cd8                        . = ALIGN (0x4)

.ARM.extab      0x08009cd8        0x0
                0x08009cd8                        . = ALIGN (0x4)
 *(.ARM.extab* .gnu.linkonce.armextab.*)
                0x08009cd8                        . = ALIGN (0x4)

.ARM            0x08009cd8        0x8
                0x08009cd8                        . = ALIGN (0x4)
                0x08009cd8                        __exidx_start = .
 *(.ARM.exidx*)
 .ARM.exidx     0x08009cd8        0x8 C:/ST/STM32CubeIDE_1.19.0/STM32CubeIDE/plugins/com.st.stm32cube.ide.mcu.externaltools.gnu-tools-for-stm32.13.3.rel1.win32_1.0.0.202411081344/tools/bin/../lib/gcc/arm-none-eabi/13.3.1/thumb/v7e-m+fp/hard\libgcc.a(_udivmoddi4.o)
                0x08009ce0                        __exidx_end = .
                0x08009ce0                        . = ALIGN (0x4)

.preinit_array  0x08009ce0        0x0
                0x08009ce0                        . = ALIGN (0x4)
                0x08009ce0                        PROVIDE (__preinit_array_start = .)
 *(.preinit_array*)
                0x08009ce0                        PROVIDE (__preinit_array_end = .)
                0x08009ce0                        . = ALIGN (0x4)

.init_array     0x08009ce0        0x4
                0x08009ce0                        . = ALIGN (0x4)
                0x08009ce0                        PROVIDE (__init_array_start = .)
 *(SORT_BY_NAME(.init_array.*))
 *(.init_array*)
 .init_array    0x08009ce0        0x4 C:/ST/STM32CubeIDE_1.19.0/STM32CubeIDE/plugins/com.st.stm32cube.ide.mcu.externaltools.gnu-tools-for-stm32.13.3.rel1.win32_1.0.0.202411081344/tools/bin/../lib/gcc/arm-none-eabi/13.3.1/thumb/v7e-m+fp/hard/crtbegin.o
                0x08009ce4                        PROVIDE (__init_array_end = .)
                0x08009ce4                        . = ALIGN (0x4)

.fini_array     0x08009ce4        0x4
                0x08009ce4                        . = ALIGN (0x4)
                [!provide]                        PROVIDE (__fini_array_start = .)
 *(SORT_BY_NAME(.fini_array.*))
 *(.fini_array*)
 .fini_array    0x08009ce4        0x4 C:/ST/STM32CubeIDE_1.19.0/STM32CubeIDE/plugins/com.st.stm32cube.ide.mcu.externaltools.gnu-tools-for-stm32.13.3.rel1.win32_1.0.0.202411081344/tools/bin/../lib/gcc/arm-none-eabi/13.3.1/thumb/v7e-m+fp/hard/crtbegin.o
                [!provide]                        PROVIDE (__fini_array_end = .)
                0x08009ce8                        . = ALIGN (0x4)
                0x08009ce8                        _sidata = LOADADDR (.data)

.rel.dyn        0x08009ce8        0x0
 .rel.iplt      0x08009ce8        0x0 C:/ST/STM32CubeIDE_1.19.0/STM32CubeIDE/plugins/com.st.stm32cube.ide.mcu.externaltools.gnu-tools-for-stm32.13.3.rel1.win32_1.0.0.202411081344/tools/bin/../lib/gcc/arm-none-eabi/13.3.1/thumb/v7e-m+fp/hard/crtbegin.o

.data           0x20000000       0xfc load address 0x08009ce8
                0x20000000                        . = ALIGN (0x4)
                0x20000000                        _sdata = .
 *(.data)
 *(.data*)
 .data.SystemCoreClock
                0x20000000        0x4 ./Core/Src/system_stm32f4xx.o
                0x20000000                SystemCoreClock
 .data.uwTickPrio
                0x20000004        0x4 ./Drivers/STM32F4xx_HAL_Driver/Src/stm32f4xx_hal.o
                0x20000004                uwTickPrio
 .data.uwTickFreq
                0x20000008        0x1 ./Drivers/STM32F4xx_HAL_Driver/Src/stm32f4xx_hal.o
                0x20000008                uwTickFreq
 *fill*         0x20000009        0x3 
 .data.USBD_MSC
                0x2000000c       0x38 ./Middlewares/ST/STM32_USB_Device_Library/Class/MSC/Src/usbd_msc.o
                0x2000000c                USBD_MSC
 .data.USBD_MSC_CfgDesc
                0x20000044       0x20 ./Middlewares/ST/STM32_USB_Device_Library/Class/MSC/Src/usbd_msc.o
 .data.USBD_MSC_DeviceQualifierDesc
                0x20000064        0xa ./Middlewares/ST/STM32_USB_Device_Library/Class/MSC/Src/usbd_msc.o
 .data.MSCInEpAdd
                0x2000006e        0x1 ./Middlewares/ST/STM32_USB_Device_Library/Class/MSC/Src/usbd_msc.o
                0x2000006e                MSCInEpAdd
 .data.MSCOutEpAdd
                0x2000006f        0x1 ./Middlewares/ST/STM32_USB_Device_Library/Class/MSC/Src/usbd_msc.o
                0x2000006f                MSCOutEpAdd
 .data.MSC_Page00_Inquiry_Data
                0x20000070        0x6 ./Middlewares/ST/STM32_USB_Device_Library/Class/MSC/Src/usbd_msc_data.o
                0x20000070                MSC_Page00_Inquiry_Data
 *fill*         0x20000076        0x2 
 .data.MSC_Page80_Inquiry_Data
                0x20000078        0x8 ./Middlewares/ST/STM32_USB_Device_Library/Class/MSC/Src/usbd_msc_data.o
                0x20000078                MSC_Page80_Inquiry_Data
 .data.MSC_Mode_Sense6_data
                0x20000080        0x4 ./Middlewares/ST/STM32_USB_Device_Library/Class/MSC/Src/usbd_msc_data.o
                0x20000080                MSC_Mode_Sense6_data
 .data.MSC_Mode_Sense10_data
                0x20000084        0x8 ./Middlewares/ST/STM32_USB_Device_Library/Class/MSC/Src/usbd_msc_data.o
                0x20000084                MSC_Mode_Sense10_data
 .data.FS_Desc  0x2000008c       0x1c ./USB_DEVICE/App/usbd_desc.o
                0x2000008c                FS_Desc
 .data.USBD_FS_DeviceDesc
                0x200000a8       0x12 ./USB_DEVICE/App/usbd_desc.o
                0x200000a8                USBD_FS_DeviceDesc
 *fill*         0x200000ba        0x2 
 .data.USBD_LangIDDesc
                0x200000bc        0x4 ./USB_DEVICE/App/usbd_desc.o
                0x200000bc                USBD_LangIDDesc
 .data.USBD_StringSerial
                0x200000c0       0x1a ./USB_DEVICE/App/usbd_desc.o
                0x200000c0                USBD_StringSerial
 *fill*         0x200000da        0x2 
 .data.USBD_Storage_Interface_fops_FS
                0x200000dc       0x20 ./USB_DEVICE/App/usbd_storage_if.o
                0x200000dc                USBD_Storage_Interface_fops_FS
 *(.RamFunc)
 *(.RamFunc*)
                0x200000fc                        . = ALIGN (0x4)
                0x200000fc                        _edata = .
                0x08009de4                        _siccmram = LOADADDR (.ccmram)

.igot.plt       0x200000fc        0x0 load address 0x08009de4
 .igot.plt      0x200000fc        0x0 C:/ST/STM32CubeIDE_1.19.0/STM32CubeIDE/plugins/com.st.stm32cube.ide.mcu.externaltools.gnu-tools-for-stm32.13.3.rel1.win32_1.0.0.202411081344/tools/bin/../lib/gcc/arm-none-eabi/13.3.1/thumb/v7e-m+fp/hard/crtbegin.o

.ccmram         0x10000000        0x0 load address 0x08009de4
                0x10000000                        . = ALIGN (0x4)
                0x10000000                        _sccmram = .
 *(.ccmram)
 *(.ccmram*)
                0x10000000                        . = ALIGN (0x4)
                0x10000000                        _eccmram = .
                0x10000000                        . = ALIGN (0x4)

.bss            0x200000fc     0x2950
                0x200000fc                        _sbss = .
                0x200000fc                        __bss_start__ = _sbss
 *(.bss)
 .bss           0x200000fc       0x1c C:/ST/STM32CubeIDE_1.19.0/STM32CubeIDE/plugins/com.st.stm32cube.ide.mcu.externaltools.gnu-tools-for-stm32.13.3.rel1.win32_1.0.0.202411081344/tools/bin/../lib/gcc/arm-none-eabi/13.3.1/thumb/v7e-m+fp/hard/crtbegin.o
 *(.bss*)
 .bss.W25Qxx_TYPE
                0x20000118        0x2 ./Core/Src/main.o
                0x20000118                W25Qxx_TYPE
 *fill*         0x2000011a        0x2 
 .bss.hrtc      0x2000011c       0x20 ./Core/Src/rtc.o
                0x2000011c                hrtc
 .bss.hspi2     0x2000013c       0x58 ./Core/Src/spi.o
                0x2000013c                hspi2
 .bss.huart6    0x20000194       0x48 ./Core/Src/usart.o
                0x20000194                huart6
 .bss.uwTick    0x200001dc        0x4 ./Drivers/STM32F4xx_HAL_Driver/Src/stm32f4xx_hal.o
                0x200001dc                uwTick
 .bss.MSC_Diagnostic_Data
                0x200001e0        0x8 ./Middlewares/ST/STM32_USB_Device_Library/Class/MSC/Src/usbd_msc_data.o
                0x200001e0                MSC_Diagnostic_Data
 .bss.lun_report.0
                0x200001e8       0x18 ./Middlewares/ST/STM32_USB_Device_Library/Class/MSC/Src/usbd_msc_scsi.o
 .bss.cfgidx.0  0x20000200        0x1 ./Middlewares/ST/STM32_USB_Device_Library/Core/Src/usbd_ctlreq.o
 *fill*         0x20000201        0x3 
 .bss.hUsbDeviceFS
                0x20000204      0x2dc ./USB_DEVICE/App/usb_device.o
                0x20000204                hUsbDeviceFS
 .bss.USBD_StrDesc
                0x200004e0     0x1000 ./USB_DEVICE/App/usbd_desc.o
                0x200004e0                USBD_StrDesc
 .bss.hpcd_USB_OTG_FS
                0x200014e0      0x4e4 ./USB_DEVICE/Target/usbd_conf.o
                0x200014e0                hpcd_USB_OTG_FS
 .bss.mem.0     0x200019c4     0x1088 ./USB_DEVICE/Target/usbd_conf.o
 *(COMMON)
                0x20002a4c                        . = ALIGN (0x4)
                0x20002a4c                        _ebss = .
                0x20002a4c                        __bss_end__ = _ebss

._user_heap_stack
                0x20002a4c     0x2004
                0x20002a50                        . = ALIGN (0x8)
 *fill*         0x20002a4c        0x4 
                [!provide]                        PROVIDE (end = .)
                0x20002a50                        PROVIDE (_end = .)
                0x20003a50                        . = (. + _Min_Heap_Size)
 *fill*         0x20002a50     0x1000 
                0x20004a50                        . = (. + _Min_Stack_Size)
 *fill*         0x20003a50     0x1000 
                0x20004a50                        . = ALIGN (0x8)

/DISCARD/
 libc.a(*)
 libm.a(*)
 libgcc.a(*)

.ARM.attributes
                0x00000000       0x30
 *(.ARM.attributes)
 .ARM.attributes
                0x00000000       0x22 C:/ST/STM32CubeIDE_1.19.0/STM32CubeIDE/plugins/com.st.stm32cube.ide.mcu.externaltools.gnu-tools-for-stm32.13.3.rel1.win32_1.0.0.202411081344/tools/bin/../lib/gcc/arm-none-eabi/13.3.1/thumb/v7e-m+fp/hard/crti.o
 .ARM.attributes
                0x00000022       0x34 C:/ST/STM32CubeIDE_1.19.0/STM32CubeIDE/plugins/com.st.stm32cube.ide.mcu.externaltools.gnu-tools-for-stm32.13.3.rel1.win32_1.0.0.202411081344/tools/bin/../lib/gcc/arm-none-eabi/13.3.1/thumb/v7e-m+fp/hard/crtbegin.o
 .ARM.attributes
                0x00000056       0x34 ./Core/Src/gpio.o
 .ARM.attributes
                0x0000008a       0x34 ./Core/Src/main.o
 .ARM.attributes
                0x000000be       0x34 ./Core/Src/rtc.o
 .ARM.attributes
                0x000000f2       0x34 ./Core/Src/spi.o
 .ARM.attributes
                0x00000126       0x34 ./Core/Src/stm32f4xx_hal_msp.o
 .ARM.attributes
                0x0000015a       0x34 ./Core/Src/stm32f4xx_it.o
 .ARM.attributes
                0x0000018e       0x34 ./Core/Src/system_stm32f4xx.o
 .ARM.attributes
                0x000001c2       0x34 ./Core/Src/usart.o
 .ARM.attributes
                0x000001f6       0x21 ./Core/Startup/startup_stm32f407zgtx.o
 .ARM.attributes
                0x00000217       0x34 ./Drivers/STM32F4xx_HAL_Driver/Src/stm32f4xx_hal.o
 .ARM.attributes
                0x0000024b       0x34 ./Drivers/STM32F4xx_HAL_Driver/Src/stm32f4xx_hal_cortex.o
 .ARM.attributes
                0x0000027f       0x34 ./Drivers/STM32F4xx_HAL_Driver/Src/stm32f4xx_hal_gpio.o
 .ARM.attributes
                0x000002b3       0x34 ./Drivers/STM32F4xx_HAL_Driver/Src/stm32f4xx_hal_pcd.o
 .ARM.attributes
                0x000002e7       0x34 ./Drivers/STM32F4xx_HAL_Driver/Src/stm32f4xx_hal_pcd_ex.o
 .ARM.attributes
                0x0000031b       0x34 ./Drivers/STM32F4xx_HAL_Driver/Src/stm32f4xx_hal_rcc.o
 .ARM.attributes
                0x0000034f       0x34 ./Drivers/STM32F4xx_HAL_Driver/Src/stm32f4xx_hal_rcc_ex.o
 .ARM.attributes
                0x00000383       0x34 ./Drivers/STM32F4xx_HAL_Driver/Src/stm32f4xx_hal_rtc.o
 .ARM.attributes
                0x000003b7       0x34 ./Drivers/STM32F4xx_HAL_Driver/Src/stm32f4xx_hal_spi.o
 .ARM.attributes
                0x000003eb       0x34 ./Drivers/STM32F4xx_HAL_Driver/Src/stm32f4xx_hal_uart.o
 .ARM.attributes
                0x0000041f       0x34 ./Drivers/STM32F4xx_HAL_Driver/Src/stm32f4xx_ll_usb.o
 .ARM.attributes
                0x00000453       0x34 ./Middlewares/ST/STM32_USB_Device_Library/Class/MSC/Src/usbd_msc.o
 .ARM.attributes
                0x00000487       0x34 ./Middlewares/ST/STM32_USB_Device_Library/Class/MSC/Src/usbd_msc_bot.o
 .ARM.attributes
                0x000004bb       0x34 ./Middlewares/ST/STM32_USB_Device_Library/Class/MSC/Src/usbd_msc_data.o
 .ARM.attributes
                0x000004ef       0x34 ./Middlewares/ST/STM32_USB_Device_Library/Class/MSC/Src/usbd_msc_scsi.o
 .ARM.attributes
                0x00000523       0x34 ./Middlewares/ST/STM32_USB_Device_Library/Core/Src/usbd_core.o
 .ARM.attributes
                0x00000557       0x34 ./Middlewares/ST/STM32_USB_Device_Library/Core/Src/usbd_ctlreq.o
 .ARM.attributes
                0x0000058b       0x34 ./Middlewares/ST/STM32_USB_Device_Library/Core/Src/usbd_ioreq.o
 .ARM.attributes
                0x000005bf       0x34 ./USB_DEVICE/App/usb_device.o
 .ARM.attributes
                0x000005f3       0x34 ./USB_DEVICE/App/usbd_desc.o
 .ARM.attributes
                0x00000627       0x34 ./USB_DEVICE/App/usbd_storage_if.o
 .ARM.attributes
                0x0000065b       0x34 ./USB_DEVICE/Target/usbd_conf.o
 .ARM.attributes
                0x0000068f       0x34 C:/ST/STM32CubeIDE_1.19.0/STM32CubeIDE/plugins/com.st.stm32cube.ide.mcu.externaltools.gnu-tools-for-stm32.13.3.rel1.win32_1.0.0.202411081344/tools/bin/../lib/gcc/arm-none-eabi/13.3.1/../../../../arm-none-eabi/lib/thumb/v7e-m+fp/hard\libc_nano.a(libc_a-memset.o)
 .ARM.attributes
                0x000006c3       0x34 C:/ST/STM32CubeIDE_1.19.0/STM32CubeIDE/plugins/com.st.stm32cube.ide.mcu.externaltools.gnu-tools-for-stm32.13.3.rel1.win32_1.0.0.202411081344/tools/bin/../lib/gcc/arm-none-eabi/13.3.1/../../../../arm-none-eabi/lib/thumb/v7e-m+fp/hard\libc_nano.a(libc_a-init.o)
 .ARM.attributes
                0x000006f7       0x22 C:/ST/STM32CubeIDE_1.19.0/STM32CubeIDE/plugins/com.st.stm32cube.ide.mcu.externaltools.gnu-tools-for-stm32.13.3.rel1.win32_1.0.0.202411081344/tools/bin/../lib/gcc/arm-none-eabi/13.3.1/thumb/v7e-m+fp/hard\libgcc.a(_aeabi_uldivmod.o)
 .ARM.attributes
                0x00000719       0x34 C:/ST/STM32CubeIDE_1.19.0/STM32CubeIDE/plugins/com.st.stm32cube.ide.mcu.externaltools.gnu-tools-for-stm32.13.3.rel1.win32_1.0.0.202411081344/tools/bin/../lib/gcc/arm-none-eabi/13.3.1/thumb/v7e-m+fp/hard\libgcc.a(_udivmoddi4.o)
 .ARM.attributes
                0x0000074d       0x22 C:/ST/STM32CubeIDE_1.19.0/STM32CubeIDE/plugins/com.st.stm32cube.ide.mcu.externaltools.gnu-tools-for-stm32.13.3.rel1.win32_1.0.0.202411081344/tools/bin/../lib/gcc/arm-none-eabi/13.3.1/thumb/v7e-m+fp/hard\libgcc.a(_dvmd_tls.o)
 .ARM.attributes
                0x0000076f       0x22 C:/ST/STM32CubeIDE_1.19.0/STM32CubeIDE/plugins/com.st.stm32cube.ide.mcu.externaltools.gnu-tools-for-stm32.13.3.rel1.win32_1.0.0.202411081344/tools/bin/../lib/gcc/arm-none-eabi/13.3.1/thumb/v7e-m+fp/hard/crtn.o
OUTPUT(Demo15_8_USBD_MSC_SPIFlash.elf elf32-littlearm)
LOAD linker stubs
LOAD C:/ST/STM32CubeIDE_1.19.0/STM32CubeIDE/plugins/com.st.stm32cube.ide.mcu.externaltools.gnu-tools-for-stm32.13.3.rel1.win32_1.0.0.202411081344/tools/bin/../lib/gcc/arm-none-eabi/13.3.1/../../../../arm-none-eabi/lib/thumb/v7e-m+fp/hard\libc.a
LOAD C:/ST/STM32CubeIDE_1.19.0/STM32CubeIDE/plugins/com.st.stm32cube.ide.mcu.externaltools.gnu-tools-for-stm32.13.3.rel1.win32_1.0.0.202411081344/tools/bin/../lib/gcc/arm-none-eabi/13.3.1/../../../../arm-none-eabi/lib/thumb/v7e-m+fp/hard\libm.a
LOAD C:/ST/STM32CubeIDE_1.19.0/STM32CubeIDE/plugins/com.st.stm32cube.ide.mcu.externaltools.gnu-tools-for-stm32.13.3.rel1.win32_1.0.0.202411081344/tools/bin/../lib/gcc/arm-none-eabi/13.3.1/thumb/v7e-m+fp/hard\libgcc.a

.debug_info     0x00000000    0x16939
 .debug_info    0x00000000      0x425 ./Core/Src/gpio.o
 .debug_info    0x00000425     0x1026 ./Core/Src/main.o
 .debug_info    0x0000144b      0x683 ./Core/Src/rtc.o
 .debug_info    0x00001ace      0x94d ./Core/Src/spi.o
 .debug_info    0x0000241b      0x269 ./Core/Src/stm32f4xx_hal_msp.o
 .debug_info    0x00002684      0x627 ./Core/Src/stm32f4xx_it.o
 .debug_info    0x00002cab      0x512 ./Core/Src/system_stm32f4xx.o
 .debug_info    0x000031bd      0x91d ./Core/Src/usart.o
 .debug_info    0x00003ada       0x30 ./Core/Startup/startup_stm32f407zgtx.o
 .debug_info    0x00003b0a      0x944 ./Drivers/STM32F4xx_HAL_Driver/Src/stm32f4xx_hal.o
 .debug_info    0x0000444e      0xd8c ./Drivers/STM32F4xx_HAL_Driver/Src/stm32f4xx_hal_cortex.o
 .debug_info    0x000051da      0x6c3 ./Drivers/STM32F4xx_HAL_Driver/Src/stm32f4xx_hal_gpio.o
 .debug_info    0x0000589d     0x156f ./Drivers/STM32F4xx_HAL_Driver/Src/stm32f4xx_hal_pcd.o
 .debug_info    0x00006e0c      0x6ea ./Drivers/STM32F4xx_HAL_Driver/Src/stm32f4xx_hal_pcd_ex.o
 .debug_info    0x000074f6      0x8c3 ./Drivers/STM32F4xx_HAL_Driver/Src/stm32f4xx_hal_rcc.o
 .debug_info    0x00007db9      0x536 ./Drivers/STM32F4xx_HAL_Driver/Src/stm32f4xx_hal_rcc_ex.o
 .debug_info    0x000082ef      0xc20 ./Drivers/STM32F4xx_HAL_Driver/Src/stm32f4xx_hal_rtc.o
 .debug_info    0x00008f0f     0x1525 ./Drivers/STM32F4xx_HAL_Driver/Src/stm32f4xx_hal_spi.o
 .debug_info    0x0000a434     0x2f4f ./Drivers/STM32F4xx_HAL_Driver/Src/stm32f4xx_hal_uart.o
 .debug_info    0x0000d383     0x1993 ./Drivers/STM32F4xx_HAL_Driver/Src/stm32f4xx_ll_usb.o
 .debug_info    0x0000ed16      0xe11 ./Middlewares/ST/STM32_USB_Device_Library/Class/MSC/Src/usbd_msc.o
 .debug_info    0x0000fb27      0xc9f ./Middlewares/ST/STM32_USB_Device_Library/Class/MSC/Src/usbd_msc_bot.o
 .debug_info    0x000107c6      0x12d ./Middlewares/ST/STM32_USB_Device_Library/Class/MSC/Src/usbd_msc_data.o
 .debug_info    0x000108f3     0x13e2 ./Middlewares/ST/STM32_USB_Device_Library/Class/MSC/Src/usbd_msc_scsi.o
 .debug_info    0x00011cd5      0xe12 ./Middlewares/ST/STM32_USB_Device_Library/Core/Src/usbd_core.o
 .debug_info    0x00012ae7      0xaeb ./Middlewares/ST/STM32_USB_Device_Library/Core/Src/usbd_ctlreq.o
 .debug_info    0x000135d2      0x762 ./Middlewares/ST/STM32_USB_Device_Library/Core/Src/usbd_ioreq.o
 .debug_info    0x00013d34      0x74b ./USB_DEVICE/App/usb_device.o
 .debug_info    0x0001447f      0x458 ./USB_DEVICE/App/usbd_desc.o
 .debug_info    0x000148d7      0x3ea ./USB_DEVICE/App/usbd_storage_if.o
 .debug_info    0x00014cc1     0x1c78 ./USB_DEVICE/Target/usbd_conf.o

.debug_abbrev   0x00000000     0x40a4
 .debug_abbrev  0x00000000      0x152 ./Core/Src/gpio.o
 .debug_abbrev  0x00000152      0x354 ./Core/Src/main.o
 .debug_abbrev  0x000004a6      0x199 ./Core/Src/rtc.o
 .debug_abbrev  0x0000063f      0x1fa ./Core/Src/spi.o
 .debug_abbrev  0x00000839       0xd8 ./Core/Src/stm32f4xx_hal_msp.o
 .debug_abbrev  0x00000911      0x1a4 ./Core/Src/stm32f4xx_it.o
 .debug_abbrev  0x00000ab5      0x11a ./Core/Src/system_stm32f4xx.o
 .debug_abbrev  0x00000bcf      0x1f9 ./Core/Src/usart.o
 .debug_abbrev  0x00000dc8       0x24 ./Core/Startup/startup_stm32f407zgtx.o
 .debug_abbrev  0x00000dec      0x214 ./Drivers/STM32F4xx_HAL_Driver/Src/stm32f4xx_hal.o
 .debug_abbrev  0x00001000      0x31d ./Drivers/STM32F4xx_HAL_Driver/Src/stm32f4xx_hal_cortex.o
 .debug_abbrev  0x0000131d      0x1d4 ./Drivers/STM32F4xx_HAL_Driver/Src/stm32f4xx_hal_gpio.o
 .debug_abbrev  0x000014f1      0x2b9 ./Drivers/STM32F4xx_HAL_Driver/Src/stm32f4xx_hal_pcd.o
 .debug_abbrev  0x000017aa      0x1da ./Drivers/STM32F4xx_HAL_Driver/Src/stm32f4xx_hal_pcd_ex.o
 .debug_abbrev  0x00001984      0x2b7 ./Drivers/STM32F4xx_HAL_Driver/Src/stm32f4xx_hal_rcc.o
 .debug_abbrev  0x00001c3b      0x1b0 ./Drivers/STM32F4xx_HAL_Driver/Src/stm32f4xx_hal_rcc_ex.o
 .debug_abbrev  0x00001deb      0x1dd ./Drivers/STM32F4xx_HAL_Driver/Src/stm32f4xx_hal_rtc.o
 .debug_abbrev  0x00001fc8      0x27a ./Drivers/STM32F4xx_HAL_Driver/Src/stm32f4xx_hal_spi.o
 .debug_abbrev  0x00002242      0x30e ./Drivers/STM32F4xx_HAL_Driver/Src/stm32f4xx_hal_uart.o
 .debug_abbrev  0x00002550      0x2b3 ./Drivers/STM32F4xx_HAL_Driver/Src/stm32f4xx_ll_usb.o
 .debug_abbrev  0x00002803      0x316 ./Middlewares/ST/STM32_USB_Device_Library/Class/MSC/Src/usbd_msc.o
 .debug_abbrev  0x00002b19      0x2dc ./Middlewares/ST/STM32_USB_Device_Library/Class/MSC/Src/usbd_msc_bot.o
 .debug_abbrev  0x00002df5       0x6f ./Middlewares/ST/STM32_USB_Device_Library/Class/MSC/Src/usbd_msc_data.o
 .debug_abbrev  0x00002e64      0x313 ./Middlewares/ST/STM32_USB_Device_Library/Class/MSC/Src/usbd_msc_scsi.o
 .debug_abbrev  0x00003177      0x27c ./Middlewares/ST/STM32_USB_Device_Library/Core/Src/usbd_core.o
 .debug_abbrev  0x000033f3      0x26f ./Middlewares/ST/STM32_USB_Device_Library/Core/Src/usbd_ctlreq.o
 .debug_abbrev  0x00003662      0x19a ./Middlewares/ST/STM32_USB_Device_Library/Core/Src/usbd_ioreq.o
 .debug_abbrev  0x000037fc      0x194 ./USB_DEVICE/App/usb_device.o
 .debug_abbrev  0x00003990      0x1e1 ./USB_DEVICE/App/usbd_desc.o
 .debug_abbrev  0x00003b71      0x1eb ./USB_DEVICE/App/usbd_storage_if.o
 .debug_abbrev  0x00003d5c      0x348 ./USB_DEVICE/Target/usbd_conf.o

.debug_aranges  0x00000000     0x1290
 .debug_aranges
                0x00000000       0x20 ./Core/Src/gpio.o
 .debug_aranges
                0x00000020       0x90 ./Core/Src/main.o
 .debug_aranges
                0x000000b0       0x30 ./Core/Src/rtc.o
 .debug_aranges
                0x000000e0       0x30 ./Core/Src/spi.o
 .debug_aranges
                0x00000110       0x20 ./Core/Src/stm32f4xx_hal_msp.o
 .debug_aranges
                0x00000130       0x68 ./Core/Src/stm32f4xx_it.o
 .debug_aranges
                0x00000198       0x28 ./Core/Src/system_stm32f4xx.o
 .debug_aranges
                0x000001c0       0x30 ./Core/Src/usart.o
 .debug_aranges
                0x000001f0       0x28 ./Core/Startup/startup_stm32f407zgtx.o
 .debug_aranges
                0x00000218       0xf0 ./Drivers/STM32F4xx_HAL_Driver/Src/stm32f4xx_hal.o
 .debug_aranges
                0x00000308      0x130 ./Drivers/STM32F4xx_HAL_Driver/Src/stm32f4xx_hal_cortex.o
 .debug_aranges
                0x00000438       0x58 ./Drivers/STM32F4xx_HAL_Driver/Src/stm32f4xx_hal_gpio.o
 .debug_aranges
                0x00000490      0x148 ./Drivers/STM32F4xx_HAL_Driver/Src/stm32f4xx_hal_pcd.o
 .debug_aranges
                0x000005d8       0x38 ./Drivers/STM32F4xx_HAL_Driver/Src/stm32f4xx_hal_pcd_ex.o
 .debug_aranges
                0x00000610       0x88 ./Drivers/STM32F4xx_HAL_Driver/Src/stm32f4xx_hal_rcc.o
 .debug_aranges
                0x00000698       0x48 ./Drivers/STM32F4xx_HAL_Driver/Src/stm32f4xx_hal_rcc_ex.o
 .debug_aranges
                0x000006e0       0xe8 ./Drivers/STM32F4xx_HAL_Driver/Src/stm32f4xx_hal_rtc.o
 .debug_aranges
                0x000007c8      0x1d0 ./Drivers/STM32F4xx_HAL_Driver/Src/stm32f4xx_hal_spi.o
 .debug_aranges
                0x00000998      0x208 ./Drivers/STM32F4xx_HAL_Driver/Src/stm32f4xx_hal_uart.o
 .debug_aranges
                0x00000ba0      0x1a0 ./Drivers/STM32F4xx_HAL_Driver/Src/stm32f4xx_ll_usb.o
 .debug_aranges
                0x00000d40       0x68 ./Middlewares/ST/STM32_USB_Device_Library/Class/MSC/Src/usbd_msc.o
 .debug_aranges
                0x00000da8       0x68 ./Middlewares/ST/STM32_USB_Device_Library/Class/MSC/Src/usbd_msc_bot.o
 .debug_aranges
                0x00000e10       0x18 ./Middlewares/ST/STM32_USB_Device_Library/Class/MSC/Src/usbd_msc_data.o
 .debug_aranges
                0x00000e28       0xd0 ./Middlewares/ST/STM32_USB_Device_Library/Class/MSC/Src/usbd_msc_scsi.o
 .debug_aranges
                0x00000ef8       0xd8 ./Middlewares/ST/STM32_USB_Device_Library/Core/Src/usbd_core.o
 .debug_aranges
                0x00000fd0       0x90 ./Middlewares/ST/STM32_USB_Device_Library/Core/Src/usbd_ctlreq.o
 .debug_aranges
                0x00001060       0x50 ./Middlewares/ST/STM32_USB_Device_Library/Core/Src/usbd_ioreq.o
 .debug_aranges
                0x000010b0       0x20 ./USB_DEVICE/App/usb_device.o
 .debug_aranges
                0x000010d0       0x60 ./USB_DEVICE/App/usbd_desc.o
 .debug_aranges
                0x00001130       0x50 ./USB_DEVICE/App/usbd_storage_if.o
 .debug_aranges
                0x00001180      0x110 ./USB_DEVICE/Target/usbd_conf.o

.debug_rnglists
                0x00000000      0xdfd
 .debug_rnglists
                0x00000000       0x14 ./Core/Src/gpio.o
 .debug_rnglists
                0x00000014       0x6c ./Core/Src/main.o
 .debug_rnglists
                0x00000080       0x20 ./Core/Src/rtc.o
 .debug_rnglists
                0x000000a0       0x20 ./Core/Src/spi.o
 .debug_rnglists
                0x000000c0       0x13 ./Core/Src/stm32f4xx_hal_msp.o
 .debug_rnglists
                0x000000d3       0x49 ./Core/Src/stm32f4xx_it.o
 .debug_rnglists
                0x0000011c       0x1a ./Core/Src/system_stm32f4xx.o
 .debug_rnglists
                0x00000136       0x20 ./Core/Src/usart.o
 .debug_rnglists
                0x00000156       0x19 ./Core/Startup/startup_stm32f407zgtx.o
 .debug_rnglists
                0x0000016f       0xaf ./Drivers/STM32F4xx_HAL_Driver/Src/stm32f4xx_hal.o
 .debug_rnglists
                0x0000021e       0xe0 ./Drivers/STM32F4xx_HAL_Driver/Src/stm32f4xx_hal_cortex.o
 .debug_rnglists
                0x000002fe       0x3f ./Drivers/STM32F4xx_HAL_Driver/Src/stm32f4xx_hal_gpio.o
 .debug_rnglists
                0x0000033d       0xfa ./Drivers/STM32F4xx_HAL_Driver/Src/stm32f4xx_hal_pcd.o
 .debug_rnglists
                0x00000437       0x26 ./Drivers/STM32F4xx_HAL_Driver/Src/stm32f4xx_hal_pcd_ex.o
 .debug_rnglists
                0x0000045d       0x66 ./Drivers/STM32F4xx_HAL_Driver/Src/stm32f4xx_hal_rcc.o
 .debug_rnglists
                0x000004c3       0x35 ./Drivers/STM32F4xx_HAL_Driver/Src/stm32f4xx_hal_rcc_ex.o
 .debug_rnglists
                0x000004f8       0xb4 ./Drivers/STM32F4xx_HAL_Driver/Src/stm32f4xx_hal_rtc.o
 .debug_rnglists
                0x000005ac      0x16f ./Drivers/STM32F4xx_HAL_Driver/Src/stm32f4xx_hal_spi.o
 .debug_rnglists
                0x0000071b      0x1bc ./Drivers/STM32F4xx_HAL_Driver/Src/stm32f4xx_hal_uart.o
 .debug_rnglists
                0x000008d7      0x147 ./Drivers/STM32F4xx_HAL_Driver/Src/stm32f4xx_ll_usb.o
 .debug_rnglists
                0x00000a1e       0x4c ./Middlewares/ST/STM32_USB_Device_Library/Class/MSC/Src/usbd_msc.o
 .debug_rnglists
                0x00000a6a       0x4d ./Middlewares/ST/STM32_USB_Device_Library/Class/MSC/Src/usbd_msc_bot.o
 .debug_rnglists
                0x00000ab7       0xaa ./Middlewares/ST/STM32_USB_Device_Library/Class/MSC/Src/usbd_msc_scsi.o
 .debug_rnglists
                0x00000b61       0xa1 ./Middlewares/ST/STM32_USB_Device_Library/Core/Src/usbd_core.o
 .debug_rnglists
                0x00000c02       0x6e ./Middlewares/ST/STM32_USB_Device_Library/Core/Src/usbd_ctlreq.o
 .debug_rnglists
                0x00000c70       0x37 ./Middlewares/ST/STM32_USB_Device_Library/Core/Src/usbd_ioreq.o
 .debug_rnglists
                0x00000ca7       0x13 ./USB_DEVICE/App/usb_device.o
 .debug_rnglists
                0x00000cba       0x43 ./USB_DEVICE/App/usbd_desc.o
 .debug_rnglists
                0x00000cfd       0x37 ./USB_DEVICE/App/usbd_storage_if.o
 .debug_rnglists
                0x00000d34       0xc9 ./USB_DEVICE/Target/usbd_conf.o

.debug_macro    0x00000000    0x257ce
 .debug_macro   0x00000000      0x21a ./Core/Src/gpio.o
 .debug_macro   0x0000021a      0xad8 ./Core/Src/gpio.o
 .debug_macro   0x00000cf2      0x2a7 ./Core/Src/gpio.o
 .debug_macro   0x00000f99       0x2e ./Core/Src/gpio.o
 .debug_macro   0x00000fc7       0x2f ./Core/Src/gpio.o
 .debug_macro   0x00000ff6       0x22 ./Core/Src/gpio.o
 .debug_macro   0x00001018       0x8e ./Core/Src/gpio.o
 .debug_macro   0x000010a6       0x51 ./Core/Src/gpio.o
 .debug_macro   0x000010f7      0x103 ./Core/Src/gpio.o
 .debug_macro   0x000011fa       0x6a ./Core/Src/gpio.o
 .debug_macro   0x00001264      0x1df ./Core/Src/gpio.o
 .debug_macro   0x00001443       0x1c ./Core/Src/gpio.o
 .debug_macro   0x0000145f       0x22 ./Core/Src/gpio.o
 .debug_macro   0x00001481       0xfb ./Core/Src/gpio.o
 .debug_macro   0x0000157c     0x1011 ./Core/Src/gpio.o
 .debug_macro   0x0000258d      0x11f ./Core/Src/gpio.o
 .debug_macro   0x000026ac    0x15ea5 ./Core/Src/gpio.o
 .debug_macro   0x00018551       0x6d ./Core/Src/gpio.o
 .debug_macro   0x000185be     0x3693 ./Core/Src/gpio.o
 .debug_macro   0x0001bc51      0x190 ./Core/Src/gpio.o
 .debug_macro   0x0001bde1       0x5c ./Core/Src/gpio.o
 .debug_macro   0x0001be3d      0x980 ./Core/Src/gpio.o
 .debug_macro   0x0001c7bd      0x9e9 ./Core/Src/gpio.o
 .debug_macro   0x0001d1a6      0x115 ./Core/Src/gpio.o
 .debug_macro   0x0001d2bb      0x13e ./Core/Src/gpio.o
 .debug_macro   0x0001d3f9       0xa5 ./Core/Src/gpio.o
 .debug_macro   0x0001d49e      0x174 ./Core/Src/gpio.o
 .debug_macro   0x0001d612      0x287 ./Core/Src/gpio.o
 .debug_macro   0x0001d899       0x5f ./Core/Src/gpio.o
 .debug_macro   0x0001d8f8      0x236 ./Core/Src/gpio.o
 .debug_macro   0x0001db2e      0x12c ./Core/Src/gpio.o
 .debug_macro   0x0001dc5a      0x21e ./Core/Src/gpio.o
 .debug_macro   0x0001de78       0x2e ./Core/Src/gpio.o
 .debug_macro   0x0001dea6      0x127 ./Core/Src/gpio.o
 .debug_macro   0x0001dfcd       0x7e ./Core/Src/gpio.o
 .debug_macro   0x0001e04b       0x89 ./Core/Src/gpio.o
 .debug_macro   0x0001e0d4      0x30c ./Core/Src/gpio.o
 .debug_macro   0x0001e3e0      0x44b ./Core/Src/gpio.o
 .debug_macro   0x0001e82b       0xeb ./Core/Src/gpio.o
 .debug_macro   0x0001e916      0x225 ./Core/Src/gpio.o
 .debug_macro   0x0001eb3b      0x2aa ./Core/Src/gpio.o
 .debug_macro   0x0001ede5      0x293 ./Core/Src/gpio.o
 .debug_macro   0x0001f078       0xba ./Core/Src/gpio.o
 .debug_macro   0x0001f132      0x12d ./Core/Src/gpio.o
 .debug_macro   0x0001f25f       0x1c ./Core/Src/gpio.o
 .debug_macro   0x0001f27b      0x448 ./Core/Src/main.o
 .debug_macro   0x0001f6c3       0x61 ./Core/Src/main.o
 .debug_macro   0x0001f724       0x2a ./Core/Src/main.o
 .debug_macro   0x0001f74e       0x43 ./Core/Src/main.o
 .debug_macro   0x0001f791       0x34 ./Core/Src/main.o
 .debug_macro   0x0001f7c5       0x16 ./Core/Src/main.o
 .debug_macro   0x0001f7db       0x3c ./Core/Src/main.o
 .debug_macro   0x0001f817      0x370 ./Core/Src/main.o
 .debug_macro   0x0001fb87       0x10 ./Core/Src/main.o
 .debug_macro   0x0001fb97       0x16 ./Core/Src/main.o
 .debug_macro   0x0001fbad       0x4a ./Core/Src/main.o
 .debug_macro   0x0001fbf7       0x34 ./Core/Src/main.o
 .debug_macro   0x0001fc2b       0x10 ./Core/Src/main.o
 .debug_macro   0x0001fc3b       0x58 ./Core/Src/main.o
 .debug_macro   0x0001fc93       0x8e ./Core/Src/main.o
 .debug_macro   0x0001fd21       0x1c ./Core/Src/main.o
 .debug_macro   0x0001fd3d      0x185 ./Core/Src/main.o
 .debug_macro   0x0001fec2       0x16 ./Core/Src/main.o
 .debug_macro   0x0001fed8       0x16 ./Core/Src/main.o
 .debug_macro   0x0001feee      0x146 ./Core/Src/main.o
 .debug_macro   0x00020034       0x16 ./Core/Src/main.o
 .debug_macro   0x0002004a       0x16 ./Core/Src/main.o
 .debug_macro   0x00020060       0x29 ./Core/Src/main.o
 .debug_macro   0x00020089       0x16 ./Core/Src/main.o
 .debug_macro   0x0002009f       0x20 ./Core/Src/main.o
 .debug_macro   0x000200bf       0x6b ./Core/Src/main.o
 .debug_macro   0x0002012a      0x20f ./Core/Src/main.o
 .debug_macro   0x00020339      0x21a ./Core/Src/rtc.o
 .debug_macro   0x00020553      0x21a ./Core/Src/spi.o
 .debug_macro   0x0002076d      0x210 ./Core/Src/stm32f4xx_hal_msp.o
 .debug_macro   0x0002097d      0x21a ./Core/Src/stm32f4xx_it.o
 .debug_macro   0x00020b97      0x201 ./Core/Src/system_stm32f4xx.o
 .debug_macro   0x00020d98      0x21a ./Core/Src/usart.o
 .debug_macro   0x00020fb2      0x261 ./Drivers/STM32F4xx_HAL_Driver/Src/stm32f4xx_hal.o
 .debug_macro   0x00021213      0x201 ./Drivers/STM32F4xx_HAL_Driver/Src/stm32f4xx_hal_cortex.o
 .debug_macro   0x00021414      0x207 ./Drivers/STM32F4xx_HAL_Driver/Src/stm32f4xx_hal_gpio.o
 .debug_macro   0x0002161b      0x20d ./Drivers/STM32F4xx_HAL_Driver/Src/stm32f4xx_hal_pcd.o
 .debug_macro   0x00021828      0x201 ./Drivers/STM32F4xx_HAL_Driver/Src/stm32f4xx_hal_pcd_ex.o
 .debug_macro   0x00021a29      0x225 ./Drivers/STM32F4xx_HAL_Driver/Src/stm32f4xx_hal_rcc.o
 .debug_macro   0x00021c4e      0x201 ./Drivers/STM32F4xx_HAL_Driver/Src/stm32f4xx_hal_rcc_ex.o
 .debug_macro   0x00021e4f      0x202 ./Drivers/STM32F4xx_HAL_Driver/Src/stm32f4xx_hal_rtc.o
 .debug_macro   0x00022051      0x210 ./Drivers/STM32F4xx_HAL_Driver/Src/stm32f4xx_hal_spi.o
 .debug_macro   0x00022261      0x202 ./Drivers/STM32F4xx_HAL_Driver/Src/stm32f4xx_hal_uart.o
 .debug_macro   0x00022463      0x201 ./Drivers/STM32F4xx_HAL_Driver/Src/stm32f4xx_ll_usb.o
 .debug_macro   0x00022664      0x3bb ./Middlewares/ST/STM32_USB_Device_Library/Class/MSC/Src/usbd_msc.o
 .debug_macro   0x00022a1f       0x9e ./Middlewares/ST/STM32_USB_Device_Library/Class/MSC/Src/usbd_msc.o
 .debug_macro   0x00022abd      0x112 ./Middlewares/ST/STM32_USB_Device_Library/Class/MSC/Src/usbd_msc.o
 .debug_macro   0x00022bcf       0x56 ./Middlewares/ST/STM32_USB_Device_Library/Class/MSC/Src/usbd_msc.o
 .debug_macro   0x00022c25      0x215 ./Middlewares/ST/STM32_USB_Device_Library/Class/MSC/Src/usbd_msc.o
 .debug_macro   0x00022e3a       0x7c ./Middlewares/ST/STM32_USB_Device_Library/Class/MSC/Src/usbd_msc.o
 .debug_macro   0x00022eb6      0x16c ./Middlewares/ST/STM32_USB_Device_Library/Class/MSC/Src/usbd_msc.o
 .debug_macro   0x00023022       0x3a ./Middlewares/ST/STM32_USB_Device_Library/Class/MSC/Src/usbd_msc.o
 .debug_macro   0x0002305c      0x3c3 ./Middlewares/ST/STM32_USB_Device_Library/Class/MSC/Src/usbd_msc_bot.o
 .debug_macro   0x0002341f      0x364 ./Middlewares/ST/STM32_USB_Device_Library/Class/MSC/Src/usbd_msc_data.o
 .debug_macro   0x00023783       0x2e ./Middlewares/ST/STM32_USB_Device_Library/Class/MSC/Src/usbd_msc_data.o
 .debug_macro   0x000237b1      0x3cc ./Middlewares/ST/STM32_USB_Device_Library/Class/MSC/Src/usbd_msc_scsi.o
 .debug_macro   0x00023b7d       0x34 ./Middlewares/ST/STM32_USB_Device_Library/Class/MSC/Src/usbd_msc_scsi.o
 .debug_macro   0x00023bb1      0x386 ./Middlewares/ST/STM32_USB_Device_Library/Core/Src/usbd_core.o
 .debug_macro   0x00023f37      0x390 ./Middlewares/ST/STM32_USB_Device_Library/Core/Src/usbd_ctlreq.o
 .debug_macro   0x000242c7      0x38c ./Middlewares/ST/STM32_USB_Device_Library/Core/Src/usbd_ioreq.o
 .debug_macro   0x00024653      0x3d2 ./USB_DEVICE/App/usb_device.o
 .debug_macro   0x00024a25       0x22 ./USB_DEVICE/App/usb_device.o
 .debug_macro   0x00024a47       0x22 ./USB_DEVICE/App/usb_device.o
 .debug_macro   0x00024a69       0x82 ./USB_DEVICE/App/usb_device.o
 .debug_macro   0x00024aeb      0x172 ./USB_DEVICE/App/usb_device.o
 .debug_macro   0x00024c5d      0x3c9 ./USB_DEVICE/App/usbd_desc.o
 .debug_macro   0x00025026       0x1c ./USB_DEVICE/App/usbd_desc.o
 .debug_macro   0x00025042      0x3d7 ./USB_DEVICE/App/usbd_storage_if.o
 .debug_macro   0x00025419      0x3b5 ./USB_DEVICE/Target/usbd_conf.o

.debug_line     0x00000000    0x1aa1d
 .debug_line    0x00000000      0x7bf ./Core/Src/gpio.o
 .debug_line    0x000007bf      0xd85 ./Core/Src/main.o
 .debug_line    0x00001544      0x842 ./Core/Src/rtc.o
 .debug_line    0x00001d86      0x81a ./Core/Src/spi.o
 .debug_line    0x000025a0      0x7a4 ./Core/Src/stm32f4xx_hal_msp.o
 .debug_line    0x00002d44      0x86b ./Core/Src/stm32f4xx_it.o
 .debug_line    0x000035af      0x81a ./Core/Src/system_stm32f4xx.o
 .debug_line    0x00003dc9      0x812 ./Core/Src/usart.o
 .debug_line    0x000045db       0x7a ./Core/Startup/startup_stm32f407zgtx.o
 .debug_line    0x00004655      0xa96 ./Drivers/STM32F4xx_HAL_Driver/Src/stm32f4xx_hal.o
 .debug_line    0x000050eb      0xd66 ./Drivers/STM32F4xx_HAL_Driver/Src/stm32f4xx_hal_cortex.o
 .debug_line    0x00005e51      0xbee ./Drivers/STM32F4xx_HAL_Driver/Src/stm32f4xx_hal_gpio.o
 .debug_line    0x00006a3f     0x14e1 ./Drivers/STM32F4xx_HAL_Driver/Src/stm32f4xx_hal_pcd.o
 .debug_line    0x00007f20      0x85f ./Drivers/STM32F4xx_HAL_Driver/Src/stm32f4xx_hal_pcd_ex.o
 .debug_line    0x0000877f      0xea3 ./Drivers/STM32F4xx_HAL_Driver/Src/stm32f4xx_hal_rcc.o
 .debug_line    0x00009622      0xb05 ./Drivers/STM32F4xx_HAL_Driver/Src/stm32f4xx_hal_rcc_ex.o
 .debug_line    0x0000a127     0x11c7 ./Drivers/STM32F4xx_HAL_Driver/Src/stm32f4xx_hal_rtc.o
 .debug_line    0x0000b2ee     0x1d31 ./Drivers/STM32F4xx_HAL_Driver/Src/stm32f4xx_hal_spi.o
 .debug_line    0x0000d01f     0x25de ./Drivers/STM32F4xx_HAL_Driver/Src/stm32f4xx_hal_uart.o
 .debug_line    0x0000f5fd     0x1dca ./Drivers/STM32F4xx_HAL_Driver/Src/stm32f4xx_ll_usb.o