Archive member included to satisfy reference by file (symbol)

C:/ST/STM32CubeIDE_1.19.0/STM32CubeIDE/plugins/com.st.stm32cube.ide.mcu.externaltools.gnu-tools-for-stm32.13.3.rel1.win32_1.0.0.202411081344/tools/bin/../lib/gcc/arm-none-eabi/13.3.1/../../../../arm-none-eabi/lib/thumb/v7e-m+fp/hard\libc_nano.a(libc_a-exit.o)
                              C:/ST/STM32CubeIDE_1.19.0/STM32CubeIDE/plugins/com.st.stm32cube.ide.mcu.externaltools.gnu-tools-for-stm32.13.3.rel1.win32_1.0.0.202411081344/tools/bin/../lib/gcc/arm-none-eabi/13.3.1/../../../../arm-none-eabi/lib/thumb/v7e-m+fp/hard/crt0.o (exit)
C:/ST/STM32CubeIDE_1.19.0/STM32CubeIDE/plugins/com.st.stm32cube.ide.mcu.externaltools.gnu-tools-for-stm32.13.3.rel1.win32_1.0.0.202411081344/tools/bin/../lib/gcc/arm-none-eabi/13.3.1/../../../../arm-none-eabi/lib/thumb/v7e-m+fp/hard\libc_nano.a(libc_a-findfp.o)
                              C:/ST/STM32CubeIDE_1.19.0/STM32CubeIDE/plugins/com.st.stm32cube.ide.mcu.externaltools.gnu-tools-for-stm32.13.3.rel1.win32_1.0.0.202411081344/tools/bin/../lib/gcc/arm-none-eabi/13.3.1/../../../../arm-none-eabi/lib/thumb/v7e-m+fp/hard\libc_nano.a(libc_a-exit.o) (__stdio_exit_handler)
C:/ST/STM32CubeIDE_1.19.0/STM32CubeIDE/plugins/com.st.stm32cube.ide.mcu.externaltools.gnu-tools-for-stm32.13.3.rel1.win32_1.0.0.202411081344/tools/bin/../lib/gcc/arm-none-eabi/13.3.1/../../../../arm-none-eabi/lib/thumb/v7e-m+fp/hard\libc_nano.a(libc_a-fwalk.o)
                              C:/ST/STM32CubeIDE_1.19.0/STM32CubeIDE/plugins/com.st.stm32cube.ide.mcu.externaltools.gnu-tools-for-stm32.13.3.rel1.win32_1.0.0.202411081344/tools/bin/../lib/gcc/arm-none-eabi/13.3.1/../../../../arm-none-eabi/lib/thumb/v7e-m+fp/hard\libc_nano.a(libc_a-findfp.o) (_fwalk_sglue)
C:/ST/STM32CubeIDE_1.19.0/STM32CubeIDE/plugins/com.st.stm32cube.ide.mcu.externaltools.gnu-tools-for-stm32.13.3.rel1.win32_1.0.0.202411081344/tools/bin/../lib/gcc/arm-none-eabi/13.3.1/../../../../arm-none-eabi/lib/thumb/v7e-m+fp/hard\libc_nano.a(libc_a-printf.o)
                              ./Core/Src/main.o (printf)
C:/ST/STM32CubeIDE_1.19.0/STM32CubeIDE/plugins/com.st.stm32cube.ide.mcu.externaltools.gnu-tools-for-stm32.13.3.rel1.win32_1.0.0.202411081344/tools/bin/../lib/gcc/arm-none-eabi/13.3.1/../../../../arm-none-eabi/lib/thumb/v7e-m+fp/hard\libc_nano.a(libc_a-stdio.o)
                              C:/ST/STM32CubeIDE_1.19.0/STM32CubeIDE/plugins/com.st.stm32cube.ide.mcu.externaltools.gnu-tools-for-stm32.13.3.rel1.win32_1.0.0.202411081344/tools/bin/../lib/gcc/arm-none-eabi/13.3.1/../../../../arm-none-eabi/lib/thumb/v7e-m+fp/hard\libc_nano.a(libc_a-findfp.o) (__sread)
C:/ST/STM32CubeIDE_1.19.0/STM32CubeIDE/plugins/com.st.stm32cube.ide.mcu.externaltools.gnu-tools-for-stm32.13.3.rel1.win32_1.0.0.202411081344/tools/bin/../lib/gcc/arm-none-eabi/13.3.1/../../../../arm-none-eabi/lib/thumb/v7e-m+fp/hard\libc_nano.a(libc_a-memset.o)
                              C:/ST/STM32CubeIDE_1.19.0/STM32CubeIDE/plugins/com.st.stm32cube.ide.mcu.externaltools.gnu-tools-for-stm32.13.3.rel1.win32_1.0.0.202411081344/tools/bin/../lib/gcc/arm-none-eabi/13.3.1/../../../../arm-none-eabi/lib/thumb/v7e-m+fp/hard/crt0.o (memset)
C:/ST/STM32CubeIDE_1.19.0/STM32CubeIDE/plugins/com.st.stm32cube.ide.mcu.externaltools.gnu-tools-for-stm32.13.3.rel1.win32_1.0.0.202411081344/tools/bin/../lib/gcc/arm-none-eabi/13.3.1/../../../../arm-none-eabi/lib/thumb/v7e-m+fp/hard\libc_nano.a(libc_a-closer.o)
                              C:/ST/STM32CubeIDE_1.19.0/STM32CubeIDE/plugins/com.st.stm32cube.ide.mcu.externaltools.gnu-tools-for-stm32.13.3.rel1.win32_1.0.0.202411081344/tools/bin/../lib/gcc/arm-none-eabi/13.3.1/../../../../arm-none-eabi/lib/thumb/v7e-m+fp/hard\libc_nano.a(libc_a-stdio.o) (_close_r)
C:/ST/STM32CubeIDE_1.19.0/STM32CubeIDE/plugins/com.st.stm32cube.ide.mcu.externaltools.gnu-tools-for-stm32.13.3.rel1.win32_1.0.0.202411081344/tools/bin/../lib/gcc/arm-none-eabi/13.3.1/../../../../arm-none-eabi/lib/thumb/v7e-m+fp/hard\libc_nano.a(libc_a-reent.o)
                              C:/ST/STM32CubeIDE_1.19.0/STM32CubeIDE/plugins/com.st.stm32cube.ide.mcu.externaltools.gnu-tools-for-stm32.13.3.rel1.win32_1.0.0.202411081344/tools/bin/../lib/gcc/arm-none-eabi/13.3.1/../../../../arm-none-eabi/lib/thumb/v7e-m+fp/hard\libc_nano.a(libc_a-closer.o) (errno)
C:/ST/STM32CubeIDE_1.19.0/STM32CubeIDE/plugins/com.st.stm32cube.ide.mcu.externaltools.gnu-tools-for-stm32.13.3.rel1.win32_1.0.0.202411081344/tools/bin/../lib/gcc/arm-none-eabi/13.3.1/../../../../arm-none-eabi/lib/thumb/v7e-m+fp/hard\libc_nano.a(libc_a-impure.o)
                              C:/ST/STM32CubeIDE_1.19.0/STM32CubeIDE/plugins/com.st.stm32cube.ide.mcu.externaltools.gnu-tools-for-stm32.13.3.rel1.win32_1.0.0.202411081344/tools/bin/../lib/gcc/arm-none-eabi/13.3.1/../../../../arm-none-eabi/lib/thumb/v7e-m+fp/hard\libc_nano.a(libc_a-printf.o) (_impure_ptr)
[...]
Memory Configuration

Name             Origin             Length             Attributes
CCMRAM           0x10000000         0x00010000         xrw
RAM              0x20000000         0x00020000         xrw
FLASH            0x08000000         0x00100000         xr
*default*        0x00000000         0xffffffff

Linker script and memory map

LOAD C:/ST/STM32CubeIDE_1.19.0/STM32CubeIDE/plugins/com.st.stm32cube.ide.mcu.externaltools.gnu-tools-for-stm32.13.3.rel1.win32_1.0.0.202411081344/tools/bin/../lib/gcc/arm-none-eabi/13.3.1/thumb/v7e-m+fp/hard/crti.o
LOAD C:/ST/STM32CubeIDE_1.19.0/STM32CubeIDE/plugins/com.st.stm32cube.ide.mcu.externaltools.gnu-tools-for-stm32.13.3.rel1.win32_1.0.0.202411081344/tools/bin/../lib/gcc/arm-none-eabi/13.3.1/thumb/v7e-m+fp/hard/crtbegin.o
LOAD C:/ST/STM32CubeIDE_1.19.0/STM32CubeIDE/plugins/com.st.stm32cube.ide.mcu.externaltools.gnu-tools-for-stm32.13.3.rel1.win32_1.0.0.202411081344/tools/bin/../lib/gcc/arm-none-eabi/13.3.1/../../../../arm-none-eabi/lib/thumb/v7e-m+fp/hard/crt0.o
LOAD ./Core/Src/gpio.o
LOAD ./Core/Src/main.o
LOAD ./Core/Src/rtc.o
LOAD ./Core/Src/spi.o
LOAD ./Core/Src/stm32f4xx_hal_msp.o
LOAD ./Core/Src/stm32f4xx_it.o
LOAD ./Core/Src/syscalls.o
LOAD ./Core/Src/sysmem.o
LOAD ./Core/Src/system_stm32f4xx.o
LOAD ./Core/Src/usart.o
LOAD ./Core/Startup/startup_stm32f407zgtx.o
LOAD ./Drivers/STM32F4xx_HAL_Driver/Src/stm32f4xx_hal.o
LOAD ./Drivers/STM32F4xx_HAL_Driver/Src/stm32f4xx_hal_cortex.o
LOAD ./Drivers/STM32F4xx_HAL_Driver/Src/stm32f4xx_hal_dma.o
LOAD ./Drivers/STM32F4xx_HAL_Driver/Src/stm32f4xx_hal_dma_ex.o
LOAD ./Drivers/STM32F4xx_HAL_Driver/Src/stm32f4xx_hal_exti.o
LOAD ./Drivers/STM32F4xx_HAL_Driver/Src/stm32f4xx_hal_flash.o
LOAD ./Drivers/STM32F4xx_HAL_Driver/Src/stm32f4xx_hal_flash_ex.o
LOAD ./Drivers/STM32F4xx_HAL_Driver/Src/stm32f4xx_hal_flash_ramfunc.o
LOAD ./Drivers/STM32F4xx_HAL_Driver/Src/stm32f4xx_hal_gpio.o
LOAD ./Drivers/STM32F4xx_HAL_Driver/Src/stm32f4xx_hal_pcd.o
LOAD ./Drivers/STM32F4xx_HAL_Driver/Src/stm32f4xx_hal_pcd_ex.o
LOAD ./Drivers/STM32F4xx_HAL_Driver/Src/stm32f4xx_hal_pwr.o
LOAD ./Drivers/STM32F4xx_HAL_Driver/Src/stm32f4xx_hal_pwr_ex.o
LOAD ./Drivers/STM32F4xx_HAL_Driver/Src/stm32f4xx_hal_rcc.o
LOAD ./Drivers/STM32F4xx_HAL_Driver/Src/stm32f4xx_hal_rcc_ex.o
LOAD ./Drivers/STM32F4xx_HAL_Driver/Src/stm32f4xx_hal_rtc.o
LOAD ./Drivers/STM32F4xx_HAL_Driver/Src/stm32f4xx_hal_rtc_ex.o
LOAD ./Drivers/STM32F4xx_HAL_Driver/Src/stm32f4xx_hal_spi.o
LOAD ./Drivers/STM32F4xx_HAL_Driver/Src/stm32f4xx_hal_uart.o
LOAD ./Drivers/STM32F4xx_HAL_Driver/Src/stm32f4xx_ll_usb.o
LOAD ./Middlewares/ST/STM32_USB_Device_Library/Class/MSC/Src/usbd_msc.o
LOAD ./Middlewares/ST/STM32_USB_Device_Library/Class/MSC/Src/usbd_msc_bot.o
LOAD ./Middlewares/ST/STM32_USB_Device_Library/Class/MSC/Src/usbd_msc_data.o
LOAD ./Middlewares/ST/STM32_USB_Device_Library/Class/MSC/Src/usbd_msc_scsi.o
LOAD ./Middlewares/ST/STM32_USB_Device_Library/Core/Src/usbd_core.o
LOAD ./Middlewares/ST/STM32_USB_Device_Library/Core/Src/usbd_ctlreq.o
LOAD ./Middlewares/ST/STM32_USB_Device_Library/Core/Src/usbd_ioreq.o
LOAD ./USB_DEVICE/App/usb_device.o
LOAD ./USB_DEVICE/App/usbd_desc.o
LOAD ./USB_DEVICE/App/usbd_storage_if.o
LOAD ./USB_DEVICE/Target/usbd_conf.o
START GROUP
LOAD C:/ST/STM32CubeIDE_1.19.0/STM32CubeIDE/plugins/com.st.stm32cube.ide.mcu.externaltools.gnu-tools-for-stm32.13.3.rel1.win32_1.0.0.202411081344/tools/bin/../lib/gcc/arm-none-eabi/13.3.1/../../../../arm-none-eabi/lib/thumb/v7e-m+fp/hard\libc_nano.a
LOAD C:/ST/STM32CubeIDE_1.19.0/STM32CubeIDE/plugins/com.st.stm32cube.ide.mcu.externaltools.gnu-tools-for-stm32.13.3.rel1.win32_1.0.0.202411081344/tools/bin/../lib/gcc/arm-none-eabi/13.3.1/../../../../arm-none-eabi/lib/thumb/v7e-m+fp/hard\libm.a
END GROUP
START GROUP
LOAD C:/ST/STM32CubeIDE_1.19.0/STM32CubeIDE/plugins/com.st.stm32cube.ide.mcu.externaltools.gnu-tools-for-stm32.13.3.rel1.win32_1.0.0.202411081344/tools/bin/../lib/gcc/arm-none-eabi/13.3.1/thumb/v7e-m+fp/hard\libgcc.a
LOAD C:/ST/STM32CubeIDE_1.19.0/STM32CubeIDE/plugins/com.st.stm32cube.ide.mcu.externaltools.gnu-tools-for-stm32.13.3.rel1.win32_1.0.0.202411081344/tools/bin/../lib/gcc/arm-none-eabi/13.3.1/../../../../arm-none-eabi/lib/thumb/v7e-m+fp/hard\libc_nano.a
END GROUP
START GROUP
LOAD C:/ST/STM32CubeIDE_1.19.0/STM32CubeIDE/plugins/com.st.stm32cube.ide.mcu.externaltools.gnu-tools-for-stm32.13.3.rel1.win32_1.0.0.202411081344/tools/bin/../lib/gcc/arm-none-eabi/13.3.1/thumb/v7e-m+fp/hard\libgcc.a
LOAD C:/ST/STM32CubeIDE_1.19.0/STM32CubeIDE/plugins/com.st.stm32cube.ide.mcu.externaltools.gnu-tools-for-stm32.13.3.rel1.win32_1.0.0.202411081344/tools/bin/../lib/gcc/arm-none-eabi/13.3.1/../../../../arm-none-eabi/lib/thumb/v7e-m+fp/hard\libc_nano.a
LOAD C:/ST/STM32CubeIDE_1.19.0/STM32CubeIDE/plugins/com.st.stm32cube.ide.mcu.externaltools.gnu-tools-for-stm32.13.3.rel1.win32_1.0.0.202411081344/tools/bin/../lib/gcc/arm-none-eabi/13.3.1/../../../../arm-none-eabi/lib/thumb/v7e-m+fp/hard\libnosys.a
END GROUP
START GROUP
LOAD C:/ST/STM32CubeIDE_1.19.0/STM32CubeIDE/plugins/com.st.stm32cube.ide.mcu.externaltools.gnu-tools-for-stm32.13.3.rel1.win32_1.0.0.202411081344/tools/bin/../lib/gcc/arm-none-eabi/13.3.1/thumb/v7e-m+fp/hard\libgcc.a
LOAD C:/ST/STM32CubeIDE_1.19.0/STM32CubeIDE/plugins/com.st.stm32cube.ide.mcu.externaltools.gnu-tools-for-stm32.13.3.rel1.win32_1.0.0.202411081344/tools/bin/../lib/gcc/arm-none-eabi/13.3.1/../../../../arm-none-eabi/lib/thumb/v7e-m+fp/hard\libc_nano.a
LOAD C:/ST/STM32CubeIDE_1.19.0/STM32CubeIDE/plugins/com.st.stm32cube.ide.mcu.externaltools.gnu-tools-for-stm32.13.3.rel1.win32_1.0.0.202411081344/tools/bin/../lib/gcc/arm-none-eabi/13.3.1/../../../../arm-none-eabi/lib/thumb/v7e-m+fp/hard\libnosys.a
END GROUP
LOAD C:/ST/STM32CubeIDE_1.19.0/STM32CubeIDE/plugins/com.st.stm32cube.ide.mcu.externaltools.gnu-tools-for-stm32.13.3.rel1.win32_1.0.0.202411081344/tools/bin/../lib/gcc/arm-none-eabi/13.3.1/thumb/v7e-m+fp/hard/crtend.o
LOAD C:/ST/STM32CubeIDE_1.19.0/STM32CubeIDE/plugins/com.st.stm32cube.ide.mcu.externaltools.gnu-tools-for-stm32.13.3.rel1.win32_1.0.0.202411081344/tools/bin/../lib/gcc/arm-none-eabi/13.3.1/thumb/v7e-m+fp/hard/crtn.o
                0x20020000                        _estack = (ORIGIN (RAM) + LENGTH (RAM))
                0x00001000                        _Min_Heap_Size = 0x1000
                0x00001000                        _Min_Stack_Size = 0x1000

.isr_vector     0x08000000      0x188
                0x08000000                        . = ALIGN (0x4)
 *(.isr_vector)
 .isr_vector    0x08000000      0x188 ./Core/Startup/startup_stm32f407zgtx.o
                0x08000000                g_pfnVectors
                0x08000188                        . = ALIGN (0x4)

.text           0x08000190     0xb08c
                0x08000190                        . = ALIGN (0x4)
 *(.text)
 .text          0x08000190       0x40 C:/ST/STM32CubeIDE_1.19.0/STM32CubeIDE/plugins/com.st.stm32cube.ide.mcu.externaltools.gnu-tools-for-stm32.13.3.rel1.win32_1.0.0.202411081344/tools/bin/../lib/gcc/arm-none-eabi/13.3.1/thumb/v7e-m+fp/hard/crtbegin.o
 .text          0x080001d0       0xa0 C:/ST/STM32CubeIDE_1.19.0/STM32CubeIDE/plugins/com.st.stm32cube.ide.mcu.externaltools.gnu-tools-for-stm32.13.3.rel1.win32_1.0.0.202411081344/tools/bin/../lib/gcc/arm-none-eabi/13.3.1/../../../../arm-none-eabi/lib/thumb/v7e-m+fp/hard\libc_nano.a(libc_a-memchr.o)
                0x080001d0                memchr
 .text          0x08000270       0x30 C:/ST/STM32CubeIDE_1.19.0/STM32CubeIDE/plugins/com.st.stm32cube.ide.mcu.externaltools.gnu-tools-for-stm32.13.3.rel1.win32_1.0.0.202411081344/tools/bin/../lib/gcc/arm-none-eabi/13.3.1/thumb/v7e-m+fp/hard\libgcc.a(_aeabi_uldivmod.o)
                0x08000270                __aeabi_uldivmod
 .text          0x080002a0      0x2f8 C:/ST/STM32CubeIDE_1.19.0/STM32CubeIDE/plugins/com.st.stm32cube.ide.mcu.externaltools.gnu-tools-for-stm32.13.3.rel1.win32_1.0.0.202411081344/tools/bin/../lib/gcc/arm-none-eabi/13.3.1/thumb/v7e-m+fp/hard\libgcc.a(_udivmoddi4.o)
                0x080002a0                __udivmoddi4
 .text          0x08000598        0x4 C:/ST/STM32CubeIDE_1.19.0/STM32CubeIDE/plugins/com.st.stm32cube.ide.mcu.externaltools.gnu-tools-for-stm32.13.3.rel1.win32_1.0.0.202411081344/tools/bin/../lib/gcc/arm-none-eabi/13.3.1/thumb/v7e-m+fp/hard\libgcc.a(_dvmd_tls.o)
                0x08000598                __aeabi_idiv0
                0x08000598                __aeabi_ldiv0
 *(.text*)
 .text.MX_GPIO_Init
                0x0800059c       0xf8 ./Core/Src/gpio.o
                0x0800059c                MX_GPIO_Init
 .text.W25Qxx_ReadID
                0x08000694       0x88 ./Core/Src/main.o
                0x08000694                W25Qxx_ReadID
 .text.W25Qxx_ReadSR
                0x0800071c       0x84 ./Core/Src/main.o
                0x0800071c                W25Qxx_ReadSR
 .text.W25Qxx_Write_Enable
                0x080007a0       0x2c ./Core/Src/main.o
                0x080007a0                W25Qxx_Write_Enable
 .text.W25Qxx_Read
                0x080007cc       0x9c ./Core/Src/main.o
                0x080007cc                W25Qxx_Read
 .text.W25Qxx_Write_Page
                0x08000868       0xa0 ./Core/Src/main.o
                0x08000868                W25Qxx_Write_Page
 .text.W25Qxx_Write_NoCheck
                0x08000908       0x74 ./Core/Src/main.o
                0x08000908                W25Qxx_Write_NoCheck
 .text.W25Qxx_Write
                0x0800097c      0x114 ./Core/Src/main.o
                0x0800097c                W25Qxx_Write
 .text.W25Qxx_Erase_Sector
                0x08000a90       0x84 ./Core/Src/main.o
                0x08000a90                W25Qxx_Erase_Sector
 .text.W25Qxx_Wait_Busy
                0x08000b14       0x1c ./Core/Src/main.o
                0x08000b14                W25Qxx_Wait_Busy
 .text.SPI_ReadWriteByte
                0x08000b30       0x2c ./Core/Src/main.o
                0x08000b30                SPI_ReadWriteByte
 .text.main     0x08000b5c       0x24 ./Core/Src/main.o
                0x08000b5c                main
 .text.SystemClock_Config
                0x08000b80       0xd8 ./Core/Src/main.o
                0x08000b80                SystemClock_Config
 .text.__io_putchar
                0x08000c58       0x24 ./Core/Src/main.o
                0x08000c58                __io_putchar
 .text.Error_Handler
                0x08000c7c        0xc ./Core/Src/main.o
                0x08000c7c                Error_Handler
 .text.MX_RTC_Init
                0x08000c88       0xb4 ./Core/Src/rtc.o
                0x08000c88                MX_RTC_Init
 .text.HAL_RTC_MspInit
                0x08000d3c       0x54 ./Core/Src/rtc.o
                0x08000d3c                HAL_RTC_MspInit
 .text.MX_SPI2_Init
                0x08000d90       0x6c ./Core/Src/spi.o
                0x08000d90                MX_SPI2_Init
 .text.HAL_SPI_MspInit
                0x08000dfc       0x90 ./Core/Src/spi.o
                0x08000dfc                HAL_SPI_MspInit
 .text.HAL_MspInit
                0x08000e8c       0x50 ./Core/Src/stm32f4xx_hal_msp.o
                0x08000e8c                HAL_MspInit
 .text.NMI_Handler
                0x08000edc        0x8 ./Core/Src/stm32f4xx_it.o
                0x08000edc                NMI_Handler
 .text.HardFault_Handler
                0x08000ee4        0x8 ./Core/Src/stm32f4xx_it.o
                0x08000ee4                HardFault_Handler
 .text.MemManage_Handler
                0x08000eec        0x8 ./Core/Src/stm32f4xx_it.o
                0x08000eec                MemManage_Handler
 .text.BusFault_Handler
                0x08000ef4        0x8 ./Core/Src/stm32f4xx_it.o
                0x08000ef4                BusFault_Handler
 .text.UsageFault_Handler
                0x08000efc        0x8 ./Core/Src/stm32f4xx_it.o
                0x08000efc                UsageFault_Handler
 .text.SVC_Handler
                0x08000f04        0xe ./Core/Src/stm32f4xx_it.o
                0x08000f04                SVC_Handler
 .text.DebugMon_Handler
                0x08000f12        0xe ./Core/Src/stm32f4xx_it.o
                0x08000f12                DebugMon_Handler
 .text.PendSV_Handler
                0x08000f20        0xe ./Core/Src/stm32f4xx_it.o
                0x08000f20                PendSV_Handler
 .text.SysTick_Handler
                0x08000f2e        0xc ./Core/Src/stm32f4xx_it.o
                0x08000f2e                SysTick_Handler
 *fill*         0x08000f3a        0x2 
 .text.OTG_FS_IRQHandler
                0x08000f3c       0x14 ./Core/Src/stm32f4xx_it.o
                0x08000f3c                OTG_FS_IRQHandler
 .text._read    0x08000f50       0x3a ./Core/Src/syscalls.o
                0x08000f50                _read
 .text._write   0x08000f8a       0x38 ./Core/Src/syscalls.o
                0x08000f8a                _write
 .text._close   0x08000fc2       0x18 ./Core/Src/syscalls.o
                0x08000fc2                _close
 .text._fstat   0x08000fda       0x20 ./Core/Src/syscalls.o
                0x08000fda                _fstat
 .text._isatty  0x08000ffa       0x16 ./Core/Src/syscalls.o
                0x08000ffa                _isatty
 .text._lseek   0x08001010       0x1a ./Core/Src/syscalls.o
                0x08001010                _lseek
 *fill*         0x0800102a        0x2 
 .text._sbrk    0x0800102c       0x6c ./Core/Src/sysmem.o
                0x0800102c                _sbrk
 .text.SystemInit
                0x08001098       0x24 ./Core/Src/system_stm32f4xx.o
                0x08001098                SystemInit
 .text.MX_USART6_UART_Init
                0x080010bc       0x54 ./Core/Src/usart.o
                0x080010bc                MX_USART6_UART_Init
 .text.HAL_UART_MspInit
                0x08001110       0x90 ./Core/Src/usart.o
                0x08001110                HAL_UART_MspInit
 .text.Reset_Handler
                0x080011a0       0x50 ./Core/Startup/startup_stm32f407zgtx.o
                0x080011a0                Reset_Handler
 .text.Default_Handler
                0x080011f0        0x2 ./Core/Startup/startup_stm32f407zgtx.o
                0x080011f0                RTC_Alarm_IRQHandler
                0x080011f0                HASH_RNG_IRQHandler
                0x080011f0                EXTI2_IRQHandler
                0x080011f0                TIM8_CC_IRQHandler
                0x080011f0                TIM1_CC_IRQHandler
                0x080011f0                DMA2_Stream5_IRQHandler
                0x080011f0                DMA1_Stream5_IRQHandler
                0x080011f0                PVD_IRQHandler
                0x080011f0                SDIO_IRQHandler
                0x080011f0                TAMP_STAMP_IRQHandler
                0x080011f0                CAN2_RX1_IRQHandler
                0x080011f0                EXTI3_IRQHandler
                0x080011f0                TIM8_TRG_COM_TIM14_IRQHandler
                0x080011f0                TIM1_UP_TIM10_IRQHandler
                0x080011f0                TIM8_UP_TIM13_IRQHandler
                0x080011f0                I2C3_ER_IRQHandler
                0x080011f0                EXTI0_IRQHandler
                0x080011f0                I2C2_EV_IRQHandler
                0x080011f0                DMA1_Stream2_IRQHandler
                0x080011f0                CAN1_RX0_IRQHandler
                0x080011f0                FPU_IRQHandler
                0x080011f0                OTG_HS_WKUP_IRQHandler
                0x080011f0                CAN2_SCE_IRQHandler
                0x080011f0                DMA2_Stream2_IRQHandler
                0x080011f0                SPI1_IRQHandler
                0x080011f0                TIM6_DAC_IRQHandler
                0x080011f0                TIM1_BRK_TIM9_IRQHandler
                0x080011f0                DCMI_IRQHandler
                0x080011f0                CAN2_RX0_IRQHandler
                0x080011f0                DMA2_Stream3_IRQHandler
                0x080011f0                USART6_IRQHandler
                0x080011f0                USART3_IRQHandler
                0x080011f0                CAN1_RX1_IRQHandler
                0x080011f0                UART5_IRQHandler
                0x080011f0                DMA2_Stream0_IRQHandler
                0x080011f0                TIM4_IRQHandler
                0x080011f0                I2C1_EV_IRQHandler
                0x080011f0                DMA1_Stream6_IRQHandler
                0x080011f0                DMA1_Stream1_IRQHandler
                0x080011f0                UART4_IRQHandler
                0x080011f0                TIM3_IRQHandler
                0x080011f0                RCC_IRQHandler
                0x080011f0                TIM8_BRK_TIM12_IRQHandler
                0x080011f0                Default_Handler
                0x080011f0                EXTI15_10_IRQHandler
                0x080011f0                ADC_IRQHandler
                0x080011f0                DMA1_Stream7_IRQHandler
                0x080011f0                TIM7_IRQHandler
                0x080011f0                CAN2_TX_IRQHandler
                0x080011f0                TIM5_IRQHandler
                0x080011f0                DMA2_Stream7_IRQHandler
                0x080011f0                I2C3_EV_IRQHandler
                0x080011f0                EXTI9_5_IRQHandler
                0x080011f0                RTC_WKUP_IRQHandler
                0x080011f0                ETH_WKUP_IRQHandler
                0x080011f0                SPI2_IRQHandler
                0x080011f0                OTG_HS_EP1_IN_IRQHandler
                0x080011f0                DMA1_Stream0_IRQHandler
                0x080011f0                CAN1_TX_IRQHandler
                0x080011f0                EXTI4_IRQHandler
                0x080011f0                FSMC_IRQHandler
                0x080011f0                ETH_IRQHandler
                0x080011f0                OTG_HS_EP1_OUT_IRQHandler
                0x080011f0                WWDG_IRQHandler
                0x080011f0                TIM2_IRQHandler
                0x080011f0                OTG_FS_WKUP_IRQHandler
                0x080011f0                TIM1_TRG_COM_TIM11_IRQHandler
                0x080011f0                OTG_HS_IRQHandler
                0x080011f0                EXTI1_IRQHandler
                0x080011f0                USART2_IRQHandler
                0x080011f0                I2C2_ER_IRQHandler
                0x080011f0                DMA2_Stream1_IRQHandler
                0x080011f0                CAN1_SCE_IRQHandler
                0x080011f0                FLASH_IRQHandler
                0x080011f0                DMA2_Stream4_IRQHandler
                0x080011f0                USART1_IRQHandler
                0x080011f0                SPI3_IRQHandler
                0x080011f0                DMA1_Stream4_IRQHandler
                0x080011f0                I2C1_ER_IRQHandler
                0x080011f0                DMA2_Stream6_IRQHandler
                0x080011f0                DMA1_Stream3_IRQHandler
 *fill*         0x080011f2        0x2 
 .text.HAL_Init
                0x080011f4       0x44 ./Drivers/STM32F4xx_HAL_Driver/Src/stm32f4xx_hal.o
                0x080011f4                HAL_Init
 .text.HAL_InitTick
                0x08001238       0x60 ./Drivers/STM32F4xx_HAL_Driver/Src/stm32f4xx_hal.o
                0x08001238                HAL_InitTick
 .text.HAL_IncTick
                0x08001298       0x28 ./Drivers/STM32F4xx_HAL_Driver/Src/stm32f4xx_hal.o
                0x08001298                HAL_IncTick
 .text.HAL_GetTick
                0x080012c0       0x18 ./Drivers/STM32F4xx_HAL_Driver/Src/stm32f4xx_hal.o
                0x080012c0                HAL_GetTick
 .text.HAL_Delay
                0x080012d8       0x48 ./Drivers/STM32F4xx_HAL_Driver/Src/stm32f4xx_hal.o
                0x080012d8                HAL_Delay
 .text.__NVIC_SetPriorityGrouping
                0x08001320       0x48 ./Drivers/STM32F4xx_HAL_Driver/Src/stm32f4xx_hal_cortex.o
 .text.__NVIC_GetPriorityGrouping
                0x08001368       0x1c ./Drivers/STM32F4xx_HAL_Driver/Src/stm32f4xx_hal_cortex.o
 .text.__NVIC_EnableIRQ
                0x08001384       0x3c ./Drivers/STM32F4xx_HAL_Driver/Src/stm32f4xx_hal_cortex.o
 .text.__NVIC_SetPriority
                0x080013c0       0x54 ./Drivers/STM32F4xx_HAL_Driver/Src/stm32f4xx_hal_cortex.o
 .text.NVIC_EncodePriority
                0x08001414       0x66 ./Drivers/STM32F4xx_HAL_Driver/Src/stm32f4xx_hal_cortex.o
 *fill*         0x0800147a        0x2 
 .text.SysTick_Config
                0x0800147c       0x44 ./Drivers/STM32F4xx_HAL_Driver/Src/stm32f4xx_hal_cortex.o
 .text.HAL_NVIC_SetPriorityGrouping
                0x080014c0       0x16 ./Drivers/STM32F4xx_HAL_Driver/Src/stm32f4xx_hal_cortex.o
                0x080014c0                HAL_NVIC_SetPriorityGrouping
 .text.HAL_NVIC_SetPriority
                0x080014d6       0x38 ./Drivers/STM32F4xx_HAL_Driver/Src/stm32f4xx_hal_cortex.o
                0x080014d6                HAL_NVIC_SetPriority
 .text.HAL_NVIC_EnableIRQ
                0x0800150e       0x1c ./Drivers/STM32F4xx_HAL_Driver/Src/stm32f4xx_hal_cortex.o
                0x0800150e                HAL_NVIC_EnableIRQ
 .text.HAL_SYSTICK_Config
                0x0800152a       0x18 ./Drivers/STM32F4xx_HAL_Driver/Src/stm32f4xx_hal_cortex.o
                0x0800152a                HAL_SYSTICK_Config
 *fill*         0x08001542        0x2 
 .text.HAL_GPIO_Init
                0x08001544      0x338 ./Drivers/STM32F4xx_HAL_Driver/Src/stm32f4xx_hal_gpio.o
                0x08001544                HAL_GPIO_Init
 .text.HAL_GPIO_WritePin
                0x0800187c       0x32 ./Drivers/STM32F4xx_HAL_Driver/Src/stm32f4xx_hal_gpio.o
                0x0800187c                HAL_GPIO_WritePin
 .text.HAL_PCD_Init
                0x080018ae      0x21e ./Drivers/STM32F4xx_HAL_Driver/Src/stm32f4xx_hal_pcd.o
                0x080018ae                HAL_PCD_Init
 .text.HAL_PCD_Start
                0x08001acc       0x6a ./Drivers/STM32F4xx_HAL_Driver/Src/stm32f4xx_hal_pcd.o
                0x08001acc                HAL_PCD_Start
 .text.HAL_PCD_IRQHandler
                0x08001b36      0x942 ./Drivers/STM32F4xx_HAL_Driver/Src/stm32f4xx_hal_pcd.o
                0x08001b36                HAL_PCD_IRQHandler
 .text.HAL_PCD_SetAddress
                0x08002478       0x48 ./Drivers/STM32F4xx_HAL_Driver/Src/stm32f4xx_hal_pcd.o
                0x08002478                HAL_PCD_SetAddress
 .text.HAL_PCD_EP_Open
                0x080024c0       0xd4 ./Drivers/STM32F4xx_HAL_Driver/Src/stm32f4xx_hal_pcd.o
                0x080024c0                HAL_PCD_EP_Open
 .text.HAL_PCD_EP_Close
                0x08002594       0x94 ./Drivers/STM32F4xx_HAL_Driver/Src/stm32f4xx_hal_pcd.o
                0x08002594                HAL_PCD_EP_Close
 .text.HAL_PCD_EP_Receive
                0x08002628       0x76 ./Drivers/STM32F4xx_HAL_Driver/Src/stm32f4xx_hal_pcd.o
                0x08002628                HAL_PCD_EP_Receive
 .text.HAL_PCD_EP_GetRxCount
                0x0800269e       0x30 ./Drivers/STM32F4xx_HAL_Driver/Src/stm32f4xx_hal_pcd.o
                0x0800269e                HAL_PCD_EP_GetRxCount
 .text.HAL_PCD_EP_Transmit
                0x080026ce       0x74 ./Drivers/STM32F4xx_HAL_Driver/Src/stm32f4xx_hal_pcd.o
                0x080026ce                HAL_PCD_EP_Transmit
 .text.HAL_PCD_EP_SetStall
                0x08002742       0xc6 ./Drivers/STM32F4xx_HAL_Driver/Src/stm32f4xx_hal_pcd.o
                0x08002742                HAL_PCD_EP_SetStall
 .text.HAL_PCD_EP_ClrStall
                0x08002808       0xac ./Drivers/STM32F4xx_HAL_Driver/Src/stm32f4xx_hal_pcd.o
                0x08002808                HAL_PCD_EP_ClrStall
 .text.HAL_PCD_EP_Abort
                0x080028b4       0x62 ./Drivers/STM32F4xx_HAL_Driver/Src/stm32f4xx_hal_pcd.o
                0x080028b4                HAL_PCD_EP_Abort
 .text.HAL_PCD_EP_Flush
                0x08002916       0x5a ./Drivers/STM32F4xx_HAL_Driver/Src/stm32f4xx_hal_pcd.o
                0x08002916                HAL_PCD_EP_Flush
 .text.PCD_WriteEmptyTxFifo
                0x08002970      0x118 ./Drivers/STM32F4xx_HAL_Driver/Src/stm32f4xx_hal_pcd.o
 .text.PCD_EP_OutXfrComplete_int
                0x08002a88      0x1d0 ./Drivers/STM32F4xx_HAL_Driver/Src/stm32f4xx_hal_pcd.o
 .text.PCD_EP_OutSetupPacket_int
                0x08002c58       0x8c ./Drivers/STM32F4xx_HAL_Driver/Src/stm32f4xx_hal_pcd.o
 .text.HAL_PCDEx_SetTxFiFo
                0x08002ce4       0x8e ./Drivers/STM32F4xx_HAL_Driver/Src/stm32f4xx_hal_pcd_ex.o
                0x08002ce4                HAL_PCDEx_SetTxFiFo
 .text.HAL_PCDEx_SetRxFiFo
                0x08002d72       0x22 ./Drivers/STM32F4xx_HAL_Driver/Src/stm32f4xx_hal_pcd_ex.o
                0x08002d72                HAL_PCDEx_SetRxFiFo
 .text.HAL_PCDEx_LPM_Callback
                0x08002d94       0x18 ./Drivers/STM32F4xx_HAL_Driver/Src/stm32f4xx_hal_pcd_ex.o
                0x08002d94                HAL_PCDEx_LPM_Callback
 .text.HAL_RCC_OscConfig
                0x08002dac      0x4f0 ./Drivers/STM32F4xx_HAL_Driver/Src/stm32f4xx_hal_rcc.o
                0x08002dac                HAL_RCC_OscConfig
 .text.HAL_RCC_ClockConfig
                0x0800329c      0x1cc ./Drivers/STM32F4xx_HAL_Driver/Src/stm32f4xx_hal_rcc.o
                0x0800329c                HAL_RCC_ClockConfig
 .text.HAL_RCC_GetSysClockFreq
                0x08003468      0x18c ./Drivers/STM32F4xx_HAL_Driver/Src/stm32f4xx_hal_rcc.o
                0x08003468                HAL_RCC_GetSysClockFreq
 .text.HAL_RCC_GetHCLKFreq
                0x080035f4       0x18 ./Drivers/STM32F4xx_HAL_Driver/Src/stm32f4xx_hal_rcc.o
                0x080035f4                HAL_RCC_GetHCLKFreq
 .text.HAL_RCC_GetPCLK1Freq
                0x0800360c       0x28 ./Drivers/STM32F4xx_HAL_Driver/Src/stm32f4xx_hal_rcc.o
                0x0800360c                HAL_RCC_GetPCLK1Freq
 .text.HAL_RCC_GetPCLK2Freq
                0x08003634       0x28 ./Drivers/STM32F4xx_HAL_Driver/Src/stm32f4xx_hal_rcc.o
                0x08003634                HAL_RCC_GetPCLK2Freq
 .text.HAL_RCCEx_PeriphCLKConfig
                0x0800365c      0x1c4 ./Drivers/STM32F4xx_HAL_Driver/Src/stm32f4xx_hal_rcc_ex.o
                0x0800365c                HAL_RCCEx_PeriphCLKConfig
 .text.HAL_RTC_Init
                0x08003820      0x102 ./Drivers/STM32F4xx_HAL_Driver/Src/stm32f4xx_hal_rtc.o
                0x08003820                HAL_RTC_Init
 .text.HAL_RTC_SetTime
                0x08003922      0x134 ./Drivers/STM32F4xx_HAL_Driver/Src/stm32f4xx_hal_rtc.o
                0x08003922                HAL_RTC_SetTime
 .text.HAL_RTC_SetDate
                0x08003a56      0x108 ./Drivers/STM32F4xx_HAL_Driver/Src/stm32f4xx_hal_rtc.o
                0x08003a56                HAL_RTC_SetDate
 *fill*         0x08003b5e        0x2 
 .text.HAL_RTC_WaitForSynchro
                0x08003b60       0x4c ./Drivers/STM32F4xx_HAL_Driver/Src/stm32f4xx_hal_rtc.o
                0x08003b60                HAL_RTC_WaitForSynchro
 .text.RTC_EnterInitMode
                0x08003bac       0x6e ./Drivers/STM32F4xx_HAL_Driver/Src/stm32f4xx_hal_rtc.o
                0x08003bac                RTC_EnterInitMode
 .text.RTC_ExitInitMode
                0x08003c1a       0x4a ./Drivers/STM32F4xx_HAL_Driver/Src/stm32f4xx_hal_rtc.o
                0x08003c1a                RTC_ExitInitMode
 .text.RTC_ByteToBcd2
                0x08003c64       0x3c ./Drivers/STM32F4xx_HAL_Driver/Src/stm32f4xx_hal_rtc.o
                0x08003c64                RTC_ByteToBcd2
 .text.HAL_SPI_Init
                0x08003ca0      0x112 ./Drivers/STM32F4xx_HAL_Driver/Src/stm32f4xx_hal_spi.o
                0x08003ca0                HAL_SPI_Init
 .text.HAL_SPI_TransmitReceive
                0x08003db2      0x352 ./Drivers/STM32F4xx_HAL_Driver/Src/stm32f4xx_hal_spi.o
                0x08003db2                HAL_SPI_TransmitReceive
 .text.SPI_WaitFlagStateUntilTimeout
                0x08004104      0x110 ./Drivers/STM32F4xx_HAL_Driver/Src/stm32f4xx_hal_spi.o
 .text.SPI_EndRxTxTransaction
                0x08004214       0xa8 ./Drivers/STM32F4xx_HAL_Driver/Src/stm32f4xx_hal_spi.o
 .text.HAL_UART_Init
                0x080042bc       0xa0 ./Drivers/STM32F4xx_HAL_Driver/Src/stm32f4xx_hal_uart.o
                0x080042bc                HAL_UART_Init
 .text.HAL_UART_Transmit
                0x0800435c      0x116 ./Drivers/STM32F4xx_HAL_Driver/Src/stm32f4xx_hal_uart.o
                0x0800435c                HAL_UART_Transmit
 .text.UART_WaitOnFlagUntilTimeout
                0x08004472       0xb2 ./Drivers/STM32F4xx_HAL_Driver/Src/stm32f4xx_hal_uart.o
 .text.UART_EndRxTransfer
                0x08004524       0xc6 ./Drivers/STM32F4xx_HAL_Driver/Src/stm32f4xx_hal_uart.o
 *fill*         0x080045ea        0x2 
 .text.UART_SetConfig
                0x080045ec      0x4e8 ./Drivers/STM32F4xx_HAL_Driver/Src/stm32f4xx_hal_uart.o
 .text.USB_CoreInit
                0x08004ad4       0xc8 ./Drivers/STM32F4xx_HAL_Driver/Src/stm32f4xx_ll_usb.o
                0x08004ad4                USB_CoreInit
 .text.USB_SetTurnaroundTime
                0x08004b9c      0x144 ./Drivers/STM32F4xx_HAL_Driver/Src/stm32f4xx_ll_usb.o
                0x08004b9c                USB_SetTurnaroundTime
 .text.USB_EnableGlobalInt
                0x08004ce0       0x22 ./Drivers/STM32F4xx_HAL_Driver/Src/stm32f4xx_ll_usb.o
                0x08004ce0                USB_EnableGlobalInt
 .text.USB_DisableGlobalInt
                0x08004d02       0x22 ./Drivers/STM32F4xx_HAL_Driver/Src/stm32f4xx_ll_usb.o
                0x08004d02                USB_DisableGlobalInt
 .text.USB_SetCurrentMode
                0x08004d24       0x98 ./Drivers/STM32F4xx_HAL_Driver/Src/stm32f4xx_ll_usb.o
                0x08004d24                USB_SetCurrentMode
 .text.USB_DevInit
                0x08004dbc      0x2c8 ./Drivers/STM32F4xx_HAL_Driver/Src/stm32f4xx_ll_usb.o
                0x08004dbc                USB_DevInit
 .text.USB_FlushTxFifo
                0x08005084       0x64 ./Drivers/STM32F4xx_HAL_Driver/Src/stm32f4xx_ll_usb.o
                0x08005084                USB_FlushTxFifo
 .text.USB_FlushRxFifo
                0x080050e8       0x5c ./Drivers/STM32F4xx_HAL_Driver/Src/stm32f4xx_ll_usb.o
                0x080050e8                USB_FlushRxFifo
 .text.USB_SetDevSpeed
                0x08005144       0x32 ./Drivers/STM32F4xx_HAL_Driver/Src/stm32f4xx_ll_usb.o
                0x08005144                USB_SetDevSpeed
 .text.USB_GetDevSpeed
                0x08005176       0x4a ./Drivers/STM32F4xx_HAL_Driver/Src/stm32f4xx_ll_usb.o
                0x08005176                USB_GetDevSpeed
 .text.USB_ActivateEndpoint
                0x080051c0      0x10e ./Drivers/STM32F4xx_HAL_Driver/Src/stm32f4xx_ll_usb.o
                0x080051c0                USB_ActivateEndpoint
 *fill*         0x080052ce        0x2 
 .text.USB_DeactivateEndpoint
                0x080052d0      0x1b8 ./Drivers/STM32F4xx_HAL_Driver/Src/stm32f4xx_ll_usb.o
                0x080052d0                USB_DeactivateEndpoint
 .text.USB_EPStartXfer
                0x08005488      0x53c ./Drivers/STM32F4xx_HAL_Driver/Src/stm32f4xx_ll_usb.o
                0x08005488                USB_EPStartXfer
 .text.USB_EPStopXfer
                0x080059c4      0x154 ./Drivers/STM32F4xx_HAL_Driver/Src/stm32f4xx_ll_usb.o
                0x080059c4                USB_EPStopXfer
 .text.USB_WritePacket
                0x08005b18       0x7c ./Drivers/STM32F4xx_HAL_Driver/Src/stm32f4xx_ll_usb.o
                0x08005b18                USB_WritePacket
 .text.USB_ReadPacket
                0x08005b94       0xb0 ./Drivers/STM32F4xx_HAL_Driver/Src/stm32f4xx_ll_usb.o
                0x08005b94                USB_ReadPacket
 .text.USB_EPSetStall
                0x08005c44       0xdc ./Drivers/STM32F4xx_HAL_Driver/Src/stm32f4xx_ll_usb.o
                0x08005c44                USB_EPSetStall
 .text.USB_EPClearStall
                0x08005d20       0xcc ./Drivers/STM32F4xx_HAL_Driver/Src/stm32f4xx_ll_usb.o
                0x08005d20                USB_EPClearStall
 .text.USB_SetDevAddress
                0x08005dec       0x4c ./Drivers/STM32F4xx_HAL_Driver/Src/stm32f4xx_ll_usb.o
                0x08005dec                USB_SetDevAddress
 .text.USB_DevConnect
                0x08005e38       0x42 ./Drivers/STM32F4xx_HAL_Driver/Src/stm32f4xx_ll_usb.o
                0x08005e38                USB_DevConnect
 .text.USB_DevDisconnect
                0x08005e7a       0x42 ./Drivers/STM32F4xx_HAL_Driver/Src/stm32f4xx_ll_usb.o
                0x08005e7a                USB_DevDisconnect
 .text.USB_ReadInterrupts
                0x08005ebc       0x26 ./Drivers/STM32F4xx_HAL_Driver/Src/stm32f4xx_ll_usb.o
                0x08005ebc                USB_ReadInterrupts
 .text.USB_ReadDevAllOutEpInterrupt
                0x08005ee2       0x34 ./Drivers/STM32F4xx_HAL_Driver/Src/stm32f4xx_ll_usb.o
                0x08005ee2                USB_ReadDevAllOutEpInterrupt
 .text.USB_ReadDevAllInEpInterrupt
                0x08005f16       0x34 ./Drivers/STM32F4xx_HAL_Driver/Src/stm32f4xx_ll_usb.o
                0x08005f16                USB_ReadDevAllInEpInterrupt
 .text.USB_ReadDevOutEPInterrupt
                0x08005f4a       0x3c ./Drivers/STM32F4xx_HAL_Driver/Src/stm32f4xx_ll_usb.o
                0x08005f4a                USB_ReadDevOutEPInterrupt
 .text.USB_ReadDevInEPInterrupt
                0x08005f86       0x5c ./Drivers/STM32F4xx_HAL_Driver/Src/stm32f4xx_ll_usb.o
                0x08005f86                USB_ReadDevInEPInterrupt
 .text.USB_GetMode
                0x08005fe2       0x1c ./Drivers/STM32F4xx_HAL_Driver/Src/stm32f4xx_ll_usb.o
                0x08005fe2                USB_GetMode
 .text.USB_ActivateSetup
                0x08005ffe       0x46 ./Drivers/STM32F4xx_HAL_Driver/Src/stm32f4xx_ll_usb.o
                0x08005ffe                USB_ActivateSetup
 .text.USB_EP0_OutStart
                0x08006044       0xbc ./Drivers/STM32F4xx_HAL_Driver/Src/stm32f4xx_ll_usb.o
                0x08006044                USB_EP0_OutStart
 .text.USB_CoreReset
                0x08006100       0x70 ./Drivers/STM32F4xx_HAL_Driver/Src/stm32f4xx_ll_usb.o
 .text.USBD_MSC_Init
                0x08006170      0x120 ./Middlewares/ST/STM32_USB_Device_Library/Class/MSC/Src/usbd_msc.o
                0x08006170                USBD_MSC_Init
 .text.USBD_MSC_DeInit
                0x08006290       0xb0 ./Middlewares/ST/STM32_USB_Device_Library/Class/MSC/Src/usbd_msc.o
                0x08006290                USBD_MSC_DeInit
 .text.USBD_MSC_Setup
                0x08006340      0x200 ./Middlewares/ST/STM32_USB_Device_Library/Class/MSC/Src/usbd_msc.o
                0x08006340                USBD_MSC_Setup
 .text.USBD_MSC_DataIn
                0x08006540       0x20 ./Middlewares/ST/STM32_USB_Device_Library/Class/MSC/Src/usbd_msc.o
                0x08006540                USBD_MSC_DataIn
 .text.USBD_MSC_DataOut
                0x08006560       0x20 ./Middlewares/ST/STM32_USB_Device_Library/Class/MSC/Src/usbd_msc.o
                0x08006560                USBD_MSC_DataOut
 .text.USBD_MSC_GetHSCfgDesc
                0x08006580       0x58 ./Middlewares/ST/STM32_USB_Device_Library/Class/MSC/Src/usbd_msc.o
                0x08006580                USBD_MSC_GetHSCfgDesc
 .text.USBD_MSC_GetFSCfgDesc
                0x080065d8       0x58 ./Middlewares/ST/STM32_USB_Device_Library/Class/MSC/Src/usbd_msc.o
                0x080065d8                USBD_MSC_GetFSCfgDesc
 .text.USBD_MSC_GetOtherSpeedCfgDesc
                0x08006630       0x58 ./Middlewares/ST/STM32_USB_Device_Library/Class/MSC/Src/usbd_msc.o
                0x08006630                USBD_MSC_GetOtherSpeedCfgDesc
 .text.USBD_MSC_GetDeviceQualifierDescriptor
                0x08006688       0x20 ./Middlewares/ST/STM32_USB_Device_Library/Class/MSC/Src/usbd_msc.o
                0x08006688                USBD_MSC_GetDeviceQualifierDescriptor
 .text.USBD_MSC_RegisterStorage
                0x080066a8       0x34 ./Middlewares/ST/STM32_USB_Device_Library/Class/MSC/Src/usbd_msc.o
                0x080066a8                USBD_MSC_RegisterStorage
 .text.MSC_BOT_Init
                0x080066dc       0xa4 ./Middlewares/ST/STM32_USB_Device_Library/Class/MSC/Src/usbd_msc_bot.o
                0x080066dc                MSC_BOT_Init
 .text.MSC_BOT_Reset
                0x08006780       0x68 ./Middlewares/ST/STM32_USB_Device_Library/Class/MSC/Src/usbd_msc_bot.o
                0x08006780                MSC_BOT_Reset
 .text.MSC_BOT_DeInit
                0x080067e8       0x30 ./Middlewares/ST/STM32_USB_Device_Library/Class/MSC/Src/usbd_msc_bot.o
                0x080067e8                MSC_BOT_DeInit
 .text.MSC_BOT_DataIn
                0x08006818       0x78 ./Middlewares/ST/STM32_USB_Device_Library/Class/MSC/Src/usbd_msc_bot.o
                0x08006818                MSC_BOT_DataIn
 .text.MSC_BOT_DataOut
                0x08006890       0x6c ./Middlewares/ST/STM32_USB_Device_Library/Class/MSC/Src/usbd_msc_bot.o
                0x08006890                MSC_BOT_DataOut
 .text.MSC_BOT_CBW_Decode
                0x080068fc      0x144 ./Middlewares/ST/STM32_USB_Device_Library/Class/MSC/Src/usbd_msc_bot.o
 .text.MSC_BOT_SendData
                0x08006a40       0x78 ./Middlewares/ST/STM32_USB_Device_Library/Class/MSC/Src/usbd_msc_bot.o
 .text.MSC_BOT_SendCSW
                0x08006ab8       0x80 ./Middlewares/ST/STM32_USB_Device_Library/Class/MSC/Src/usbd_msc_bot.o
                0x08006ab8                MSC_BOT_SendCSW
 .text.MSC_BOT_Abort
                0x08006b38       0x88 ./Middlewares/ST/STM32_USB_Device_Library/Class/MSC/Src/usbd_msc_bot.o
 .text.MSC_BOT_CplClrFeature
                0x08006bc0       0x74 ./Middlewares/ST/STM32_USB_Device_Library/Class/MSC/Src/usbd_msc_bot.o
                0x08006bc0                MSC_BOT_CplClrFeature
 .text.SCSI_ProcessCmd
                0x08006c34      0x354 ./Middlewares/ST/STM32_USB_Device_Library/Class/MSC/Src/usbd_msc_scsi.o
                0x08006c34                SCSI_ProcessCmd
 .text.SCSI_TestUnitReady
                0x08006f88       0xba ./Middlewares/ST/STM32_USB_Device_Library/Class/MSC/Src/usbd_msc_scsi.o
 *fill*         0x08007042        0x2 
 .text.SCSI_Inquiry
                0x08007044      0x100 ./Middlewares/ST/STM32_USB_Device_Library/Class/MSC/Src/usbd_msc_scsi.o
 .text.SCSI_ReadCapacity10
                0x08007144       0xfa ./Middlewares/ST/STM32_USB_Device_Library/Class/MSC/Src/usbd_msc_scsi.o
 .text.SCSI_ReadCapacity16
                0x0800723e      0x166 ./Middlewares/ST/STM32_USB_Device_Library/Class/MSC/Src/usbd_msc_scsi.o
 .text.SCSI_ReadFormatCapacity
                0x080073a4       0xfa ./Middlewares/ST/STM32_USB_Device_Library/Class/MSC/Src/usbd_msc_scsi.o
 *fill*         0x0800749e        0x2 
 .text.SCSI_ModeSense6
                0x080074a0       0xa0 ./Middlewares/ST/STM32_USB_Device_Library/Class/MSC/Src/usbd_msc_scsi.o
 .text.SCSI_ModeSense10
                0x08007540       0x9c ./Middlewares/ST/STM32_USB_Device_Library/Class/MSC/Src/usbd_msc_scsi.o
 .text.SCSI_RequestSense
                0x080075dc      0x134 ./Middlewares/ST/STM32_USB_Device_Library/Class/MSC/Src/usbd_msc_scsi.o
 .text.SCSI_SenseCode
                0x08007710       0xb8 ./Middlewares/ST/STM32_USB_Device_Library/Class/MSC/Src/usbd_msc_scsi.o
                0x08007710                SCSI_SenseCode
 .text.SCSI_StartStopUnit
                0x080077c8       0xba ./Middlewares/ST/STM32_USB_Device_Library/Class/MSC/Src/usbd_msc_scsi.o
 .text.SCSI_AllowPreventRemovable
                0x08007882       0x62 ./Middlewares/ST/STM32_USB_Device_Library/Class/MSC/Src/usbd_msc_scsi.o
 .text.SCSI_Read10
                0x080078e4      0x164 ./Middlewares/ST/STM32_USB_Device_Library/Class/MSC/Src/usbd_msc_scsi.o
 .text.SCSI_Read12
                0x08007a48      0x178 ./Middlewares/ST/STM32_USB_Device_Library/Class/MSC/Src/usbd_msc_scsi.o
 .text.SCSI_Write10
                0x08007bc0      0x1bc ./Middlewares/ST/STM32_USB_Device_Library/Class/MSC/Src/usbd_msc_scsi.o
 .text.SCSI_Write12
                0x08007d7c      0x1dc ./Middlewares/ST/STM32_USB_Device_Library/Class/MSC/Src/usbd_msc_scsi.o
 .text.SCSI_Verify10
                0x08007f58       0x86 ./Middlewares/ST/STM32_USB_Device_Library/Class/MSC/Src/usbd_msc_scsi.o
 *fill*         0x08007fde        0x2 
 .text.SCSI_ReportLuns
                0x08007fe0       0xa8 ./Middlewares/ST/STM32_USB_Device_Library/Class/MSC/Src/usbd_msc_scsi.o
 .text.SCSI_ReceiveDiagnosticResults
                0x08008088       0x68 ./Middlewares/ST/STM32_USB_Device_Library/Class/MSC/Src/usbd_msc_scsi.o
 .text.SCSI_CheckAddressRange
                0x080080f0       0x66 ./Middlewares/ST/STM32_USB_Device_Library/Class/MSC/Src/usbd_msc_scsi.o
 *fill*         0x08008156        0x2 
 .text.SCSI_ProcessRead
                0x08008158      0x108 ./Middlewares/ST/STM32_USB_Device_Library/Class/MSC/Src/usbd_msc_scsi.o
 .text.SCSI_ProcessWrite
                0x08008260      0x124 ./Middlewares/ST/STM32_USB_Device_Library/Class/MSC/Src/usbd_msc_scsi.o
 .text.SCSI_UpdateBotData
                0x08008384       0x52 ./Middlewares/ST/STM32_USB_Device_Library/Class/MSC/Src/usbd_msc_scsi.o
 .text.USBD_Init
                0x080083d6       0x60 ./Middlewares/ST/STM32_USB_Device_Library/Core/Src/usbd_core.o
                0x080083d6                USBD_Init
 .text.USBD_RegisterClass
                0x08008436       0x6c ./Middlewares/ST/STM32_USB_Device_Library/Core/Src/usbd_core.o
                0x08008436                USBD_RegisterClass
 .text.USBD_Start
                0x080084a2       0x18 ./Middlewares/ST/STM32_USB_Device_Library/Core/Src/usbd_core.o
                0x080084a2                USBD_Start
 .text.USBD_RunTestMode
                0x080084ba       0x16 ./Middlewares/ST/STM32_USB_Device_Library/Core/Src/usbd_core.o
                0x080084ba                USBD_RunTestMode
 .text.USBD_SetClassConfig
                0x080084d0       0x38 ./Middlewares/ST/STM32_USB_Device_Library/Core/Src/usbd_core.o
                0x080084d0                USBD_SetClassConfig
 .text.USBD_ClrClassConfig
                0x08008508       0x34 ./Middlewares/ST/STM32_USB_Device_Library/Core/Src/usbd_core.o
                0x08008508                USBD_ClrClassConfig
 .text.USBD_LL_SetupStage
                0x0800853c       0xaa ./Middlewares/ST/STM32_USB_Device_Library/Core/Src/usbd_core.o
                0x0800853c                USBD_LL_SetupStage
 .text.USBD_LL_DataOutStage
                0x080085e6      0x178 ./Middlewares/ST/STM32_USB_Device_Library/Core/Src/usbd_core.o
                0x080085e6                USBD_LL_DataOutStage
 .text.USBD_LL_DataInStage
                0x0800875e      0x176 ./Middlewares/ST/STM32_USB_Device_Library/Core/Src/usbd_core.o
                0x0800875e                USBD_LL_DataInStage
 .text.USBD_LL_Reset
                0x080088d4       0xa6 ./Middlewares/ST/STM32_USB_Device_Library/Core/Src/usbd_core.o
                0x080088d4                USBD_LL_Reset
 .text.USBD_LL_SetSpeed
                0x0800897a       0x20 ./Middlewares/ST/STM32_USB_Device_Library/Core/Src/usbd_core.o
                0x0800897a                USBD_LL_SetSpeed
 .text.USBD_LL_Suspend
                0x0800899a       0x38 ./Middlewares/ST/STM32_USB_Device_Library/Core/Src/usbd_core.o
                0x0800899a                USBD_LL_Suspend
 .text.USBD_LL_Resume
                0x080089d2       0x30 ./Middlewares/ST/STM32_USB_Device_Library/Core/Src/usbd_core.o
                0x080089d2                USBD_LL_Resume
 .text.USBD_LL_SOF
                0x08008a02       0x40 ./Middlewares/ST/STM32_USB_Device_Library/Core/Src/usbd_core.o
                0x08008a02                USBD_LL_SOF
 .text.USBD_LL_IsoINIncomplete
                0x08008a42       0x64 ./Middlewares/ST/STM32_USB_Device_Library/Core/Src/usbd_core.o
                0x08008a42                USBD_LL_IsoINIncomplete
 .text.USBD_LL_IsoOUTIncomplete
                0x08008aa6       0x64 ./Middlewares/ST/STM32_USB_Device_Library/Core/Src/usbd_core.o
                0x08008aa6                USBD_LL_IsoOUTIncomplete
 .text.USBD_LL_DevConnected
                0x08008b0a       0x16 ./Middlewares/ST/STM32_USB_Device_Library/Core/Src/usbd_core.o
                0x08008b0a                USBD_LL_DevConnected
 .text.USBD_LL_DevDisconnected
                0x08008b20       0x46 ./Middlewares/ST/STM32_USB_Device_Library/Core/Src/usbd_core.o
                0x08008b20                USBD_LL_DevDisconnected
 .text.USBD_CoreFindIF
                0x08008b66       0x1a ./Middlewares/ST/STM32_USB_Device_Library/Core/Src/usbd_core.o
                0x08008b66                USBD_CoreFindIF
 .text.USBD_CoreFindEP
                0x08008b80       0x1a ./Middlewares/ST/STM32_USB_Device_Library/Core/Src/usbd_core.o
                0x08008b80                USBD_CoreFindEP
 .text.USBD_GetEpDesc
                0x08008b9a       0x70 ./Middlewares/ST/STM32_USB_Device_Library/Core/Src/usbd_core.o
                0x08008b9a                USBD_GetEpDesc
 .text.USBD_GetNextDesc
                0x08008c0a       0x38 ./Middlewares/ST/STM32_USB_Device_Library/Core/Src/usbd_core.o
                0x08008c0a                USBD_GetNextDesc
 .text.SWAPBYTE
                0x08008c42       0x3e ./Middlewares/ST/STM32_USB_Device_Library/Core/Src/usbd_ctlreq.o
 .text.USBD_StdDevReq
                0x08008c80       0xe4 ./Middlewares/ST/STM32_USB_Device_Library/Core/Src/usbd_ctlreq.o
                0x08008c80                USBD_StdDevReq
 .text.USBD_StdItfReq
                0x08008d64       0xd8 ./Middlewares/ST/STM32_USB_Device_Library/Core/Src/usbd_ctlreq.o
                0x08008d64                USBD_StdItfReq
 .text.USBD_StdEPReq
                0x08008e3c      0x33e ./Middlewares/ST/STM32_USB_Device_Library/Core/Src/usbd_ctlreq.o
                0x08008e3c                USBD_StdEPReq
 *fill*         0x0800917a        0x2 
 .text.USBD_GetDescriptor
                0x0800917c      0x2d4 ./Middlewares/ST/STM32_USB_Device_Library/Core/Src/usbd_ctlreq.o
 .text.USBD_SetAddress
                0x08009450       0x88 ./Middlewares/ST/STM32_USB_Device_Library/Core/Src/usbd_ctlreq.o
 .text.USBD_SetConfig
                0x080094d8      0x154 ./Middlewares/ST/STM32_USB_Device_Library/Core/Src/usbd_ctlreq.o
 .text.USBD_GetConfig
                0x0800962c       0x6c ./Middlewares/ST/STM32_USB_Device_Library/Core/Src/usbd_ctlreq.o
 .text.USBD_GetStatus
                0x08009698       0x68 ./Middlewares/ST/STM32_USB_Device_Library/Core/Src/usbd_ctlreq.o
 .text.USBD_SetFeature
                0x08009700       0x52 ./Middlewares/ST/STM32_USB_Device_Library/Core/Src/usbd_ctlreq.o
 .text.USBD_ClrFeature
                0x08009752       0x44 ./Middlewares/ST/STM32_USB_Device_Library/Core/Src/usbd_ctlreq.o
 .text.USBD_ParseSetupRequest
                0x08009796       0x74 ./Middlewares/ST/STM32_USB_Device_Library/Core/Src/usbd_ctlreq.o
                0x08009796                USBD_ParseSetupRequest
 .text.USBD_CtlError
                0x0800980a       0x22 ./Middlewares/ST/STM32_USB_Device_Library/Core/Src/usbd_ctlreq.o
                0x0800980a                USBD_CtlError
 .text.USBD_GetString
                0x0800982c       0xa4 ./Middlewares/ST/STM32_USB_Device_Library/Core/Src/usbd_ctlreq.o
                0x0800982c                USBD_GetString
 .text.USBD_GetLen
                0x080098d0       0x34 ./Middlewares/ST/STM32_USB_Device_Library/Core/Src/usbd_ctlreq.o
 .text.USBD_CtlSendData
                0x08009904       0x3c ./Middlewares/ST/STM32_USB_Device_Library/Core/Src/usbd_ioreq.o
                0x08009904                USBD_CtlSendData
 .text.USBD_CtlContinueSendData
                0x08009940       0x22 ./Middlewares/ST/STM32_USB_Device_Library/Core/Src/usbd_ioreq.o
                0x08009940                USBD_CtlContinueSendData
 .text.USBD_CtlContinueRx
                0x08009962       0x22 ./Middlewares/ST/STM32_USB_Device_Library/Core/Src/usbd_ioreq.o
                0x08009962                USBD_CtlContinueRx
 .text.USBD_CtlSendStatus
                0x08009984       0x26 ./Middlewares/ST/STM32_USB_Device_Library/Core/Src/usbd_ioreq.o
                0x08009984                USBD_CtlSendStatus
 .text.USBD_CtlReceiveStatus
                0x080099aa       0x26 ./Middlewares/ST/STM32_USB_Device_Library/Core/Src/usbd_ioreq.o
                0x080099aa                USBD_CtlReceiveStatus
 .text.MX_USB_DEVICE_Init
                0x080099d0       0x60 ./USB_DEVICE/App/usb_device.o
                0x080099d0                MX_USB_DEVICE_Init
 .text.USBD_FS_DeviceDescriptor
                0x08009a30       0x24 ./USB_DEVICE/App/usbd_desc.o
                0x08009a30                USBD_FS_DeviceDescriptor
 .text.USBD_FS_LangIDStrDescriptor
                0x08009a54       0x24 ./USB_DEVICE/App/usbd_desc.o
                0x08009a54                USBD_FS_LangIDStrDescriptor
 .text.USBD_FS_ProductStrDescriptor
                0x08009a78       0x3c ./USB_DEVICE/App/usbd_desc.o
                0x08009a78                USBD_FS_ProductStrDescriptor
 .text.USBD_FS_ManufacturerStrDescriptor
                0x08009ab4       0x28 ./USB_DEVICE/App/usbd_desc.o
                0x08009ab4                USBD_FS_ManufacturerStrDescriptor
 .text.USBD_FS_SerialStrDescriptor
                0x08009adc       0x24 ./USB_DEVICE/App/usbd_desc.o
                0x08009adc                USBD_FS_SerialStrDescriptor
 .text.USBD_FS_ConfigStrDescriptor
                0x08009b00       0x3c ./USB_DEVICE/App/usbd_desc.o
                0x08009b00                USBD_FS_ConfigStrDescriptor
 .text.USBD_FS_InterfaceStrDescriptor
                0x08009b3c       0x3c ./USB_DEVICE/App/usbd_desc.o
                0x08009b3c                USBD_FS_InterfaceStrDescriptor
 .text.Get_SerialNum
                0x08009b78       0x58 ./USB_DEVICE/App/usbd_desc.o
 .text.IntToUnicode
                0x08009bd0       0x7e ./USB_DEVICE/App/usbd_desc.o
 .text.STORAGE_Init_FS
                0x08009c4e       0x22 ./USB_DEVICE/App/usbd_storage_if.o
 .text.STORAGE_GetCapacity_FS
                0x08009c70       0x2c ./USB_DEVICE/App/usbd_storage_if.o
 .text.STORAGE_IsReady_FS
                0x08009c9c       0x1c ./USB_DEVICE/App/usbd_storage_if.o
 .text.STORAGE_IsWriteProtected_FS
                0x08009cb8       0x18 ./USB_DEVICE/App/usbd_storage_if.o
 .text.STORAGE_Read_FS
                0x08009cd0       0x30 ./USB_DEVICE/App/usbd_storage_if.o
 .text.STORAGE_Write_FS
                0x08009d00       0x30 ./USB_DEVICE/App/usbd_storage_if.o
 .text.STORAGE_GetMaxLun_FS
                0x08009d30       0x10 ./USB_DEVICE/App/usbd_storage_if.o
 .text.HAL_PCD_MspInit
                0x08009d40       0xa8 ./USB_DEVICE/Target/usbd_conf.o
                0x08009d40                HAL_PCD_MspInit
 .text.HAL_PCD_SetupStageCallback
                0x08009de8       0x24 ./USB_DEVICE/Target/usbd_conf.o
                0x08009de8                HAL_PCD_SetupStageCallback
 .text.HAL_PCD_DataOutStageCallback
                0x08009e0c       0x36 ./USB_DEVICE/Target/usbd_conf.o
                0x08009e0c                HAL_PCD_DataOutStageCallback
 .text.HAL_PCD_DataInStageCallback
                0x08009e42       0x34 ./USB_DEVICE/Target/usbd_conf.o
                0x08009e42                HAL_PCD_DataInStageCallback
 .text.HAL_PCD_SOFCallback
                0x08009e76       0x1c ./USB_DEVICE/Target/usbd_conf.o
                0x08009e76                HAL_PCD_SOFCallback
 .text.HAL_PCD_ResetCallback
                0x08009e92       0x50 ./USB_DEVICE/Target/usbd_conf.o
                0x08009e92                HAL_PCD_ResetCallback
 *fill*         0x08009ee2        0x2 
 .text.HAL_PCD_SuspendCallback
                0x08009ee4       0x4c ./USB_DEVICE/Target/usbd_conf.o
                0x08009ee4                HAL_PCD_SuspendCallback
 .text.HAL_PCD_ResumeCallback
                0x08009f30       0x1c ./USB_DEVICE/Target/usbd_conf.o
                0x08009f30                HAL_PCD_ResumeCallback
 .text.HAL_PCD_ISOOUTIncompleteCallback
                0x08009f4c       0x24 ./USB_DEVICE/Target/usbd_conf.o
                0x08009f4c                HAL_PCD_ISOOUTIncompleteCallback
 .text.HAL_PCD_ISOINIncompleteCallback
                0x08009f70       0x24 ./USB_DEVICE/Target/usbd_conf.o
                0x08009f70                HAL_PCD_ISOINIncompleteCallback
 .text.HAL_PCD_ConnectCallback
                0x08009f94       0x1c ./USB_DEVICE/Target/usbd_conf.o
                0x08009f94                HAL_PCD_ConnectCallback
 .text.HAL_PCD_DisconnectCallback
                0x08009fb0       0x1c ./USB_DEVICE/Target/usbd_conf.o
                0x08009fb0                HAL_PCD_DisconnectCallback
 .text.USBD_LL_Init
                0x08009fcc       0x98 ./USB_DEVICE/Target/usbd_conf.o
                0x08009fcc                USBD_LL_Init
 .text.USBD_LL_Start
                0x0800a064       0x36 ./USB_DEVICE/Target/usbd_conf.o
                0x0800a064                USBD_LL_Start
 .text.USBD_LL_OpenEP
                0x0800a09a       0x4c ./USB_DEVICE/Target/usbd_conf.o
                0x0800a09a                USBD_LL_OpenEP
 .text.USBD_LL_CloseEP
                0x0800a0e6       0x3e ./USB_DEVICE/Target/usbd_conf.o
                0x0800a0e6                USBD_LL_CloseEP
 .text.USBD_LL_FlushEP
                0x0800a124       0x3e ./USB_DEVICE/Target/usbd_conf.o
                0x0800a124                USBD_LL_FlushEP
 .text.USBD_LL_StallEP
                0x0800a162       0x3e ./USB_DEVICE/Target/usbd_conf.o
                0x0800a162                USBD_LL_StallEP
 .text.USBD_LL_ClearStallEP
                0x0800a1a0       0x3e ./USB_DEVICE/Target/usbd_conf.o
                0x0800a1a0                USBD_LL_ClearStallEP
 .text.USBD_LL_IsStallEP
                0x0800a1de       0x58 ./USB_DEVICE/Target/usbd_conf.o
                0x0800a1de                USBD_LL_IsStallEP
 .text.USBD_LL_SetUSBAddress
                0x0800a236       0x3e ./USB_DEVICE/Target/usbd_conf.o
                0x0800a236                USBD_LL_SetUSBAddress
 .text.USBD_LL_Transmit
                0x0800a274       0x42 ./USB_DEVICE/Target/usbd_conf.o
                0x0800a274                USBD_LL_Transmit
 .text.USBD_LL_PrepareReceive
                0x0800a2b6       0x42 ./USB_DEVICE/Target/usbd_conf.o
                0x0800a2b6                USBD_LL_PrepareReceive
 .text.USBD_LL_GetRxDataSize
                0x0800a2f8       0x26 ./USB_DEVICE/Target/usbd_conf.o
                0x0800a2f8                USBD_LL_GetRxDataSize
 *fill*         0x0800a31e        0x2 
 .text.USBD_static_malloc
                0x0800a320       0x1c ./USB_DEVICE/Target/usbd_conf.o
                0x0800a320                USBD_static_malloc
 .text.USBD_static_free
                0x0800a33c       0x14 ./USB_DEVICE/Target/usbd_conf.o
                0x0800a33c                USBD_static_free
 .text.USBD_Get_USB_Status
                0x0800a350       0x58 ./USB_DEVICE/Target/usbd_conf.o
                0x0800a350                USBD_Get_USB_Status
 .text.std      0x0800a3a8       0x6c C:/ST/STM32CubeIDE_1.19.0/STM32CubeIDE/plugins/com.st.stm32cube.ide.mcu.externaltools.gnu-tools-for-stm32.13.3.rel1.win32_1.0.0.202411081344/tools/bin/../lib/gcc/arm-none-eabi/13.3.1/../../../../arm-none-eabi/lib/thumb/v7e-m+fp/hard\libc_nano.a(libc_a-findfp.o)
 .text.stdio_exit_handler
                0x0800a414       0x18 C:/ST/STM32CubeIDE_1.19.0/STM32CubeIDE/plugins/com.st.stm32cube.ide.mcu.externaltools.gnu-tools-for-stm32.13.3.rel1.win32_1.0.0.202411081344/tools/bin/../lib/gcc/arm-none-eabi/13.3.1/../../../../arm-none-eabi/lib/thumb/v7e-m+fp/hard\libc_nano.a(libc_a-findfp.o)
 .text.cleanup_stdio
                0x0800a42c       0x40 C:/ST/STM32CubeIDE_1.19.0/STM32CubeIDE/plugins/com.st.stm32cube.ide.mcu.externaltools.gnu-tools-for-stm32.13.3.rel1.win32_1.0.0.202411081344/tools/bin/../lib/gcc/arm-none-eabi/13.3.1/../../../../arm-none-eabi/lib/thumb/v7e-m+fp/hard\libc_nano.a(libc_a-findfp.o)
 .text.global_stdio_init.part.0
                0x0800a46c       0x3c C:/ST/STM32CubeIDE_1.19.0/STM32CubeIDE/plugins/com.st.stm32cube.ide.mcu.externaltools.gnu-tools-for-stm32.13.3.rel1.win32_1.0.0.202411081344/tools/bin/../lib/gcc/arm-none-eabi/13.3.1/../../../../arm-none-eabi/lib/thumb/v7e-m+fp/hard\libc_nano.a(libc_a-findfp.o)
 .text.__sfp_lock_acquire
                0x0800a4a8        0xc C:/ST/STM32CubeIDE_1.19.0/STM32CubeIDE/plugins/com.st.stm32cube.ide.mcu.externaltools.gnu-tools-for-stm32.13.3.rel1.win32_1.0.0.202411081344/tools/bin/../lib/gcc/arm-none-eabi/13.3.1/../../../../arm-none-eabi/lib/thumb/v7e-m+fp/hard\libc_nano.a(libc_a-findfp.o)
                0x0800a4a8                __sfp_lock_acquire
 .text.__sfp_lock_release
                0x0800a4b4        0xc C:/ST/STM32CubeIDE_1.19.0/STM32CubeIDE/plugins/com.st.stm32cube.ide.mcu.externaltools.gnu-tools-for-stm32.13.3.rel1.win32_1.0.0.202411081344/tools/bin/../lib/gcc/arm-none-eabi/13.3.1/../../../../arm-none-eabi/lib/thumb/v7e-m+fp/hard\libc_nano.a(libc_a-findfp.o)
                0x0800a4b4                __sfp_lock_release
 .text.__sinit  0x0800a4c0       0x30 C:/ST/STM32CubeIDE_1.19.0/STM32CubeIDE/plugins/com.st.stm32cube.ide.mcu.externaltools.gnu-tools-for-stm32.13.3.rel1.win32_1.0.0.202411081344/tools/bin/../lib/gcc/arm-none-eabi/13.3.1/../../../../arm-none-eabi/lib/thumb/v7e-m+fp/hard\libc_nano.a(libc_a-findfp.o)
                0x0800a4c0                __sinit
 .text._fwalk_sglue
                0x0800a4f0       0x3c C:/ST/STM32CubeIDE_1.19.0/STM32CubeIDE/plugins/com.st.stm32cube.ide.mcu.externaltools.gnu-tools-for-stm32.13.3.rel1.win32_1.0.0.202411081344/tools/bin/../lib/gcc/arm-none-eabi/13.3.1/../../../../arm-none-eabi/lib/thumb/v7e-m+fp/hard\libc_nano.a(libc_a-fwalk.o)
                0x0800a4f0                _fwalk_sglue
 .text.printf   0x0800a52c       0x24 C:/ST/STM32CubeIDE_1.19.0/STM32CubeIDE/plugins/com.st.stm32cube.ide.mcu.externaltools.gnu-tools-for-stm32.13.3.rel1.win32_1.0.0.202411081344/tools/bin/../lib/gcc/arm-none-eabi/13.3.1/../../../../arm-none-eabi/lib/thumb/v7e-m+fp/hard\libc_nano.a(libc_a-printf.o)
                0x0800a52c                iprintf
                0x0800a52c                printf
 .text.__sread  0x0800a550       0x22 C:/ST/STM32CubeIDE_1.19.0/STM32CubeIDE/plugins/com.st.stm32cube.ide.mcu.externaltools.gnu-tools-for-stm32.13.3.rel1.win32_1.0.0.202411081344/tools/bin/../lib/gcc/arm-none-eabi/13.3.1/../../../../arm-none-eabi/lib/thumb/v7e-m+fp/hard\libc_nano.a(libc_a-stdio.o)
                0x0800a550                __sread
 .text.__swrite
                0x0800a572       0x38 C:/ST/STM32CubeIDE_1.19.0/STM32CubeIDE/plugins/com.st.stm32cube.ide.mcu.externaltools.gnu-tools-for-stm32.13.3.rel1.win32_1.0.0.202411081344/tools/bin/../lib/gcc/arm-none-eabi/13.3.1/../../../../arm-none-eabi/lib/thumb/v7e-m+fp/hard\libc_nano.a(libc_a-stdio.o)
                0x0800a572                __swrite
 .text.__sseek  0x0800a5aa       0x24 C:/ST/STM32CubeIDE_1.19.0/STM32CubeIDE/plugins/com.st.stm32cube.ide.mcu.externaltools.gnu-tools-for-stm32.13.3.rel1.win32_1.0.0.202411081344/tools/bin/../lib/gcc/arm-none-eabi/13.3.1/../../../../arm-none-eabi/lib/thumb/v7e-m+fp/hard\libc_nano.a(libc_a-stdio.o)
                0x0800a5aa                __sseek
 .text.__sclose
                0x0800a5ce        0x8 C:/ST/STM32CubeIDE_1.19.0/STM32CubeIDE/plugins/com.st.stm32cube.ide.mcu.externaltools.gnu-tools-for-stm32.13.3.rel1.win32_1.0.0.202411081344/tools/bin/../lib/gcc/arm-none-eabi/13.3.1/../../../../arm-none-eabi/lib/thumb/v7e-m+fp/hard\libc_nano.a(libc_a-stdio.o)
                0x0800a5ce                __sclose
 .text.memset   0x0800a5d6       0x10 C:/ST/STM32CubeIDE_1.19.0/STM32CubeIDE/plugins/com.st.stm32cube.ide.mcu.externaltools.gnu-tools-for-stm32.13.3.rel1.win32_1.0.0.202411081344/tools/bin/../lib/gcc/arm-none-eabi/13.3.1/../../../../arm-none-eabi/lib/thumb/v7e-m+fp/hard\libc_nano.a(libc_a-memset.o)
                0x0800a5d6                memset
 *fill*         0x0800a5e6        0x2 
 .text._close_r
                0x0800a5e8       0x20 C:/ST/STM32CubeIDE_1.19.0/STM32CubeIDE/plugins/com.st.stm32cube.ide.mcu.externaltools.gnu-tools-for-stm32.13.3.rel1.win32_1.0.0.202411081344/tools/bin/../lib/gcc/arm-none-eabi/13.3.1/../../../../arm-none-eabi/lib/thumb/v7e-m+fp/hard\libc_nano.a(libc_a-closer.o)
                0x0800a5e8                _close_r
 .text._lseek_r
                0x0800a608       0x24 C:/ST/STM32CubeIDE_1.19.0/STM32CubeIDE/plugins/com.st.stm32cube.ide.mcu.externaltools.gnu-tools-for-stm32.13.3.rel1.win32_1.0.0.202411081344/tools/bin/../lib/gcc/arm-none-eabi/13.3.1/../../../../arm-none-eabi/lib/thumb/v7e-m+fp/hard\libc_nano.a(libc_a-lseekr.o)
                0x0800a608                _lseek_r
 .text._read_r  0x0800a62c       0x24 C:/ST/STM32CubeIDE_1.19.0/STM32CubeIDE/plugins/com.st.stm32cube.ide.mcu.externaltools.gnu-tools-for-stm32.13.3.rel1.win32_1.0.0.202411081344/tools/bin/../lib/gcc/arm-none-eabi/13.3.1/../../../../arm-none-eabi/lib/thumb/v7e-m+fp/hard\libc_nano.a(libc_a-readr.o)
                0x0800a62c                _read_r
 .text._write_r
                0x0800a650       0x24 C:/ST/STM32CubeIDE_1.19.0/STM32CubeIDE/plugins/com.st.stm32cube.ide.mcu.externaltools.gnu-tools-for-stm32.13.3.rel1.win32_1.0.0.202411081344/tools/bin/../lib/gcc/arm-none-eabi/13.3.1/../../../../arm-none-eabi/lib/thumb/v7e-m+fp/hard\libc_nano.a(libc_a-writer.o)
                0x0800a650                _write_r
 .text.__errno  0x0800a674        0xc C:/ST/STM32CubeIDE_1.19.0/STM32CubeIDE/plugins/com.st.stm32cube.ide.mcu.externaltools.gnu-tools-for-stm32.13.3.rel1.win32_1.0.0.202411081344/tools/bin/../lib/gcc/arm-none-eabi/13.3.1/../../../../arm-none-eabi/lib/thumb/v7e-m+fp/hard\libc_nano.a(libc_a-errno.o)
                0x0800a674                __errno
 .text.__libc_init_array
                0x0800a680       0x48 C:/ST/STM32CubeIDE_1.19.0/STM32CubeIDE/plugins/com.st.stm32cube.ide.mcu.externaltools.gnu-tools-for-stm32.13.3.rel1.win32_1.0.0.202411081344/tools/bin/../lib/gcc/arm-none-eabi/13.3.1/../../../../arm-none-eabi/lib/thumb/v7e-m+fp/hard\libc_nano.a(libc_a-init.o)
                0x0800a680                __libc_init_array
 .text.__retarget_lock_init_recursive
                0x0800a6c8        0x2 C:/ST/STM32CubeIDE_1.19.0/STM32CubeIDE/plugins/com.st.stm32cube.ide.mcu.externaltools.gnu-tools-for-stm32.13.3.rel1.win32_1.0.0.202411081344/tools/bin/../lib/gcc/arm-none-eabi/13.3.1/../../../../arm-none-eabi/lib/thumb/v7e-m+fp/hard\libc_nano.a(libc_a-lock.o)
                0x0800a6c8                __retarget_lock_init_recursive
 .text.__retarget_lock_acquire_recursive
                0x0800a6ca        0x2 C:/ST/STM32CubeIDE_1.19.0/STM32CubeIDE/plugins/com.st.stm32cube.ide.mcu.externaltools.gnu-tools-for-stm32.13.3.rel1.win32_1.0.0.202411081344/tools/bin/../lib/gcc/arm-none-eabi/13.3.1/../../../../arm-none-eabi/lib/thumb/v7e-m+fp/hard\libc_nano.a(libc_a-lock.o)
                0x0800a6ca                __retarget_lock_acquire_recursive
 .text.__retarget_lock_release_recursive
                0x0800a6cc        0x2 C:/ST/STM32CubeIDE_1.19.0/STM32CubeIDE/plugins/com.st.stm32cube.ide.mcu.externaltools.gnu-tools-for-stm32.13.3.rel1.win32_1.0.0.202411081344/tools/bin/../lib/gcc/arm-none-eabi/13.3.1/../../../../arm-none-eabi/lib/thumb/v7e-m+fp/hard\libc_nano.a(libc_a-lock.o)
                0x0800a6cc                __retarget_lock_release_recursive
 *fill*         0x0800a6ce        0x2 
 .text._free_r  0x0800a6d0       0x94 C:/ST/STM32CubeIDE_1.19.0/STM32CubeIDE/plugins/com.st.stm32cube.ide.mcu.externaltools.gnu-tools-for-stm32.13.3.rel1.win32_1.0.0.202411081344/tools/bin/../lib/gcc/arm-none-eabi/13.3.1/../../../../arm-none-eabi/lib/thumb/v7e-m+fp/hard\libc_nano.a(libc_a-freer.o)
                0x0800a6d0                _free_r
 .text.sbrk_aligned
                0x0800a764       0x44 C:/ST/STM32CubeIDE_1.19.0/STM32CubeIDE/plugins/com.st.stm32cube.ide.mcu.externaltools.gnu-tools-for-stm32.13.3.rel1.win32_1.0.0.202411081344/tools/bin/../lib/gcc/arm-none-eabi/13.3.1/../../../../arm-none-eabi/lib/thumb/v7e-m+fp/hard\libc_nano.a(libc_a-mallocr.o)
 .text._malloc_r
                0x0800a7a8      0x100 C:/ST/STM32CubeIDE_1.19.0/STM32CubeIDE/plugins/com.st.stm32cube.ide.mcu.externaltools.gnu-tools-for-stm32.13.3.rel1.win32_1.0.0.202411081344/tools/bin/../lib/gcc/arm-none-eabi/13.3.1/../../../../arm-none-eabi/lib/thumb/v7e-m+fp/hard\libc_nano.a(libc_a-mallocr.o)
                0x0800a7a8                _malloc_r
 .text.__malloc_lock
                0x0800a8a8        0xc C:/ST/STM32CubeIDE_1.19.0/STM32CubeIDE/plugins/com.st.stm32cube.ide.mcu.externaltools.gnu-tools-for-stm32.13.3.rel1.win32_1.0.0.202411081344/tools/bin/../lib/gcc/arm-none-eabi/13.3.1/../../../../arm-none-eabi/lib/thumb/v7e-m+fp/hard\libc_nano.a(libc_a-mlock.o)
                0x0800a8a8                __malloc_lock
 .text.__malloc_unlock
                0x0800a8b4        0xc C:/ST/STM32CubeIDE_1.19.0/STM32CubeIDE/plugins/com.st.stm32cube.ide.mcu.externaltools.gnu-tools-for-stm32.13.3.rel1.win32_1.0.0.202411081344/tools/bin/../lib/gcc/arm-none-eabi/13.3.1/../../../../arm-none-eabi/lib/thumb/v7e-m+fp/hard\libc_nano.a(libc_a-mlock.o)
                0x0800a8b4                __malloc_unlock
 .text.__sfputc_r
                0x0800a8c0       0x2e C:/ST/STM32CubeIDE_1.19.0/STM32CubeIDE/plugins/com.st.stm32cube.ide.mcu.externaltools.gnu-tools-for-stm32.13.3.rel1.win32_1.0.0.202411081344/tools/bin/../lib/gcc/arm-none-eabi/13.3.1/../../../../arm-none-eabi/lib/thumb/v7e-m+fp/hard\libc_nano.a(libc_a-nano-vfprintf.o)
 .text.__sfputs_r
                0x0800a8ee       0x24 C:/ST/STM32CubeIDE_1.19.0/STM32CubeIDE/plugins/com.st.stm32cube.ide.mcu.externaltools.gnu-tools-for-stm32.13.3.rel1.win32_1.0.0.202411081344/tools/bin/../lib/gcc/arm-none-eabi/13.3.1/../../../../arm-none-eabi/lib/thumb/v7e-m+fp/hard\libc_nano.a(libc_a-nano-vfprintf.o)
                0x0800a8ee                __sfputs_r
 *fill*         0x0800a912        0x2 
 .text._vfprintf_r
                0x0800a914      0x230 C:/ST/STM32CubeIDE_1.19.0/STM32CubeIDE/plugins/com.st.stm32cube.ide.mcu.externaltools.gnu-tools-for-stm32.13.3.rel1.win32_1.0.0.202411081344/tools/bin/../lib/gcc/arm-none-eabi/13.3.1/../../../../arm-none-eabi/lib/thumb/v7e-m+fp/hard\libc_nano.a(libc_a-nano-vfprintf.o)
                0x0800a914                _vfprintf_r
                0x0800a914                _vfiprintf_r
 .text._printf_common
                0x0800ab44       0xda C:/ST/STM32CubeIDE_1.19.0/STM32CubeIDE/plugins/com.st.stm32cube.ide.mcu.externaltools.gnu-tools-for-stm32.13.3.rel1.win32_1.0.0.202411081344/tools/bin/../lib/gcc/arm-none-eabi/13.3.1/../../../../arm-none-eabi/lib/thumb/v7e-m+fp/hard\libc_nano.a(libc_a-nano-vfprintf_i.o)
                0x0800ab44                _printf_common
 *fill*         0x0800ac1e        0x2 
 .text._printf_i
                0x0800ac20      0x23c C:/ST/STM32CubeIDE_1.19.0/STM32CubeIDE/plugins/com.st.stm32cube.ide.mcu.externaltools.gnu-tools-for-stm32.13.3.rel1.win32_1.0.0.202411081344/tools/bin/../lib/gcc/arm-none-eabi/13.3.1/../../../../arm-none-eabi/lib/thumb/v7e-m+fp/hard\libc_nano.a(libc_a-nano-vfprintf_i.o)
                0x0800ac20                _printf_i
 .text.__sflush_r
                0x0800ae5c      0x108 C:/ST/STM32CubeIDE_1.19.0/STM32CubeIDE/plugins/com.st.stm32cube.ide.mcu.externaltools.gnu-tools-for-stm32.13.3.rel1.win32_1.0.0.202411081344/tools/bin/../lib/gcc/arm-none-eabi/13.3.1/../../../../arm-none-eabi/lib/thumb/v7e-m+fp/hard\libc_nano.a(libc_a-fflush.o)
                0x0800ae5c                __sflush_r
 .text._fflush_r
                0x0800af64       0x50 C:/ST/STM32CubeIDE_1.19.0/STM32CubeIDE/plugins/com.st.stm32cube.ide.mcu.externaltools.gnu-tools-for-stm32.13.3.rel1.win32_1.0.0.202411081344/tools/bin/../lib/gcc/arm-none-eabi/13.3.1/../../../../arm-none-eabi/lib/thumb/v7e-m+fp/hard\libc_nano.a(libc_a-fflush.o)
                0x0800af64                _fflush_r
 .text.__swbuf_r
                0x0800afb4       0x7c C:/ST/STM32CubeIDE_1.19.0/STM32CubeIDE/plugins/com.st.stm32cube.ide.mcu.externaltools.gnu-tools-for-stm32.13.3.rel1.win32_1.0.0.202411081344/tools/bin/../lib/gcc/arm-none-eabi/13.3.1/../../../../arm-none-eabi/lib/thumb/v7e-m+fp/hard\libc_nano.a(libc_a-wbuf.o)
                0x0800afb4                __swbuf_r
 .text.__swsetup_r
                0x0800b030       0xac C:/ST/STM32CubeIDE_1.19.0/STM32CubeIDE/plugins/com.st.stm32cube.ide.mcu.externaltools.gnu-tools-for-stm32.13.3.rel1.win32_1.0.0.202411081344/tools/bin/../lib/gcc/arm-none-eabi/13.3.1/../../../../arm-none-eabi/lib/thumb/v7e-m+fp/hard\libc_nano.a(libc_a-wsetup.o)
                0x0800b030                __swsetup_r
 .text._sbrk_r  0x0800b0dc       0x20 C:/ST/STM32CubeIDE_1.19.0/STM32CubeIDE/plugins/com.st.stm32cube.ide.mcu.externaltools.gnu-tools-for-stm32.13.3.rel1.win32_1.0.0.202411081344/tools/bin/../lib/gcc/arm-none-eabi/13.3.1/../../../../arm-none-eabi/lib/thumb/v7e-m+fp/hard\libc_nano.a(libc_a-sbrkr.o)
                0x0800b0dc                _sbrk_r
 .text.__swhatbuf_r
                0x0800b0fc       0x4c C:/ST/STM32CubeIDE_1.19.0/STM32CubeIDE/plugins/com.st.stm32cube.ide.mcu.externaltools.gnu-tools-for-stm32.13.3.rel1.win32_1.0.0.202411081344/tools/bin/../lib/gcc/arm-none-eabi/13.3.1/../../../../arm-none-eabi/lib/thumb/v7e-m+fp/hard\libc_nano.a(libc_a-makebuf.o)
                0x0800b0fc                __swhatbuf_r
 .text.__smakebuf_r
                0x0800b148       0x78 C:/ST/STM32CubeIDE_1.19.0/STM32CubeIDE/plugins/com.st.stm32cube.ide.mcu.externaltools.gnu-tools-for-stm32.13.3.rel1.win32_1.0.0.202411081344/tools/bin/../lib/gcc/arm-none-eabi/13.3.1/../../../../arm-none-eabi/lib/thumb/v7e-m+fp/hard\libc_nano.a(libc_a-makebuf.o)
                0x0800b148                __smakebuf_r
 .text._fstat_r
                0x0800b1c0       0x24 C:/ST/STM32CubeIDE_1.19.0/STM32CubeIDE/plugins/com.st.stm32cube.ide.mcu.externaltools.gnu-tools-for-stm32.13.3.rel1.win32_1.0.0.202411081344/tools/bin/../lib/gcc/arm-none-eabi/13.3.1/../../../../arm-none-eabi/lib/thumb/v7e-m+fp/hard\libc_nano.a(libc_a-fstatr.o)
                0x0800b1c0                _fstat_r
 .text._isatty_r
                0x0800b1e4       0x20 C:/ST/STM32CubeIDE_1.19.0/STM32CubeIDE/plugins/com.st.stm32cube.ide.mcu.externaltools.gnu-tools-for-stm32.13.3.rel1.win32_1.0.0.202411081344/tools/bin/../lib/gcc/arm-none-eabi/13.3.1/../../../../arm-none-eabi/lib/thumb/v7e-m+fp/hard\libc_nano.a(libc_a-isattyr.o)
                0x0800b1e4                _isatty_r
 *(.glue_7)
 .glue_7        0x0800b204        0x0 linker stubs
 *(.glue_7t)
 .glue_7t       0x0800b204        0x0 linker stubs
 *(.eh_frame)
 .eh_frame      0x0800b204        0x0 C:/ST/STM32CubeIDE_1.19.0/STM32CubeIDE/plugins/com.st.stm32cube.ide.mcu.externaltools.gnu-tools-for-stm32.13.3.rel1.win32_1.0.0.202411081344/tools/bin/../lib/gcc/arm-none-eabi/13.3.1/thumb/v7e-m+fp/hard/crtbegin.o
 *(.init)
 .init          0x0800b204        0x4 C:/ST/STM32CubeIDE_1.19.0/STM32CubeIDE/plugins/com.st.stm32cube.ide.mcu.externaltools.gnu-tools-for-stm32.13.3.rel1.win32_1.0.0.202411081344/tools/bin/../lib/gcc/arm-none-eabi/13.3.1/thumb/v7e-m+fp/hard/crti.o
                0x0800b204                _init
 .init          0x0800b208        0x8 C:/ST/STM32CubeIDE_1.19.0/STM32CubeIDE/plugins/com.st.stm32cube.ide.mcu.externaltools.gnu-tools-for-stm32.13.3.rel1.win32_1.0.0.202411081344/tools/bin/../lib/gcc/arm-none-eabi/13.3.1/thumb/v7e-m+fp/hard/crtn.o
 *(.fini)
 .fini          0x0800b210        0x4 C:/ST/STM32CubeIDE_1.19.0/STM32CubeIDE/plugins/com.st.stm32cube.ide.mcu.externaltools.gnu-tools-for-stm32.13.3.rel1.win32_1.0.0.202411081344/tools/bin/../lib/gcc/arm-none-eabi/13.3.1/thumb/v7e-m+fp/hard/crti.o
                0x0800b210                _fini
 .fini          0x0800b214        0x8 C:/ST/STM32CubeIDE_1.19.0/STM32CubeIDE/plugins/com.st.stm32cube.ide.mcu.externaltools.gnu-tools-for-stm32.13.3.rel1.win32_1.0.0.202411081344/tools/bin/../lib/gcc/arm-none-eabi/13.3.1/thumb/v7e-m+fp/hard/crtn.o
                0x0800b21c                        . = ALIGN (0x4)
                0x0800b21c                        _etext = .

.vfp11_veneer   0x0800b21c        0x0
 .vfp11_veneer  0x0800b21c        0x0 linker stubs

.v4_bx          0x0800b21c        0x0
 .v4_bx         0x0800b21c        0x0 linker stubs

.iplt           0x0800b21c        0x0
 .iplt          0x0800b21c        0x0 C:/ST/STM32CubeIDE_1.19.0/STM32CubeIDE/plugins/com.st.stm32cube.ide.mcu.externaltools.gnu-tools-for-stm32.13.3.rel1.win32_1.0.0.202411081344/tools/bin/../lib/gcc/arm-none-eabi/13.3.1/thumb/v7e-m+fp/hard/crtbegin.o

.rodata         0x0800b21c       0xe4
                0x0800b21c                        . = ALIGN (0x4)
 *(.rodata)
 .rodata        0x0800b21c       0x30 ./Core/Src/main.o
 .rodata        0x0800b24c       0x42 ./USB_DEVICE/App/usbd_desc.o
 *(.rodata*)
 *fill*         0x0800b28e        0x2 
 .rodata.AHBPrescTable
                0x0800b290       0x10 ./Core/Src/system_stm32f4xx.o
                0x0800b290                AHBPrescTable
 .rodata.APBPrescTable
                0x0800b2a0        0x8 ./Core/Src/system_stm32f4xx.o
                0x0800b2a0                APBPrescTable
 .rodata.STORAGE_Inquirydata_FS
                0x0800b2a8       0x24 ./USB_DEVICE/App/usbd_storage_if.o
                0x0800b2a8                STORAGE_Inquirydata_FS
 .rodata._vfprintf_r.str1.1
                0x0800b2cc       0x33 C:/ST/STM32CubeIDE_1.19.0/STM32CubeIDE/plugins/com.st.stm32cube.ide.mcu.externaltools.gnu-tools-for-stm32.13.3.rel1.win32_1.0.0.202411081344/tools/bin/../lib/gcc/arm-none-eabi/13.3.1/../../../../arm-none-eabi/lib/thumb/v7e-m+fp/hard\libc_nano.a(libc_a-nano-vfprintf.o)
                                 0x11 (size before relaxing)
 .rodata._printf_i.str1.1
                0x0800b2ff       0x22 C:/ST/STM32CubeIDE_1.19.0/STM32CubeIDE/plugins/com.st.stm32cube.ide.mcu.externaltools.gnu-tools-for-stm32.13.3.rel1.win32_1.0.0.202411081344/tools/bin/../lib/gcc/arm-none-eabi/13.3.1/../../../../arm-none-eabi/lib/thumb/v7e-m+fp/hard\libc_nano.a(libc_a-nano-vfprintf_i.o)
                0x0800b324                        . = ALIGN (0x4)
 *fill*         0x0800b2ff        0x1 

.ARM.extab      0x0800b300        0x0
                0x0800b300                        . = ALIGN (0x4)
 *(.ARM.extab* .gnu.linkonce.armextab.*)
                0x0800b300                        . = ALIGN (0x4)

.ARM            0x0800b300        0x8
                0x0800b300                        . = ALIGN (0x4)
                0x0800b300                        __exidx_start = .
 *(.ARM.exidx*)
 .ARM.exidx     0x0800b300        0x8 C:/ST/STM32CubeIDE_1.19.0/STM32CubeIDE/plugins/com.st.stm32cube.ide.mcu.externaltools.gnu-tools-for-stm32.13.3.rel1.win32_1.0.0.202411081344/tools/bin/../lib/gcc/arm-none-eabi/13.3.1/../../../../arm-none-eabi/lib/thumb/v7e-m+fp/hard\libc_nano.a(libc_a-memchr.o)
 .ARM.exidx     0x0800b308        0x0 C:/ST/STM32CubeIDE_1.19.0/STM32CubeIDE/plugins/com.st.stm32cube.ide.mcu.externaltools.gnu-tools-for-stm32.13.3.rel1.win32_1.0.0.202411081344/tools/bin/../lib/gcc/arm-none-eabi/13.3.1/thumb/v7e-m+fp/hard\libgcc.a(_udivmoddi4.o)
                                  0x8 (size before relaxing)
                0x0800b308                        __exidx_end = .
                0x0800b308                        . = ALIGN (0x4)

.preinit_array  0x0800b308        0x0
                0x0800b308                        . = ALIGN (0x4)
                0x0800b308                        PROVIDE (__preinit_array_start = .)
 *(.preinit_array*)
                0x0800b308                        PROVIDE (__preinit_array_end = .)
                0x0800b308                        . = ALIGN (0x4)

.init_array     0x0800b308        0x4
                0x0800b308                        . = ALIGN (0x4)
                0x0800b308                        PROVIDE (__init_array_start = .)
 *(SORT_BY_NAME(.init_array.*))
 *(.init_array*)
 .init_array    0x0800b308        0x4 C:/ST/STM32CubeIDE_1.19.0/STM32CubeIDE/plugins/com.st.stm32cube.ide.mcu.externaltools.gnu-tools-for-stm32.13.3.rel1.win32_1.0.0.202411081344/tools/bin/../lib/gcc/arm-none-eabi/13.3.1/thumb/v7e-m+fp/hard/crtbegin.o
                0x0800b30c                        PROVIDE (__init_array_end = .)
                0x0800b30c                        . = ALIGN (0x4)

.fini_array     0x0800b30c        0x4
                0x0800b30c                        . = ALIGN (0x4)
                [!provide]                        PROVIDE (__fini_array_start = .)
 *(SORT_BY_NAME(.fini_array.*))
 *(.fini_array*)
 .fini_array    0x0800b30c        0x4 C:/ST/STM32CubeIDE_1.19.0/STM32CubeIDE/plugins/com.st.stm32cube.ide.mcu.externaltools.gnu-tools-for-stm32.13.3.rel1.win32_1.0.0.202411081344/tools/bin/../lib/gcc/arm-none-eabi/13.3.1/thumb/v7e-m+fp/hard/crtbegin.o
                [!provide]                        PROVIDE (__fini_array_end = .)
                0x0800b310                        . = ALIGN (0x4)
                0x0800b310                        _sidata = LOADADDR (.data)

.rel.dyn        0x0800b310        0x0
 .rel.iplt      0x0800b310        0x0 C:/ST/STM32CubeIDE_1.19.0/STM32CubeIDE/plugins/com.st.stm32cube.ide.mcu.externaltools.gnu-tools-for-stm32.13.3.rel1.win32_1.0.0.202411081344/tools/bin/../lib/gcc/arm-none-eabi/13.3.1/thumb/v7e-m+fp/hard/crtbegin.o

.data           0x20000000      0x158 load address 0x0800b310
                0x20000000                        . = ALIGN (0x4)
                0x20000000                        _sdata = .
 *(.data)
 *(.data*)
 .data.SystemCoreClock
                0x20000000        0x4 ./Core/Src/system_stm32f4xx.o
                0x20000000                SystemCoreClock
 .data.uwTickPrio
                0x20000004        0x4 ./Drivers/STM32F4xx_HAL_Driver/Src/stm32f4xx_hal.o
                0x20000004                uwTickPrio
 .data.uwTickFreq
                0x20000008        0x1 ./Drivers/STM32F4xx_HAL_Driver/Src/stm32f4xx_hal.o
                0x20000008                uwTickFreq
 *fill*         0x20000009        0x3 
 .data.USBD_MSC
                0x2000000c       0x38 ./Middlewares/ST/STM32_USB_Device_Library/Class/MSC/Src/usbd_msc.o
                0x2000000c                USBD_MSC
 .data.USBD_MSC_CfgDesc
                0x20000044       0x20 ./Middlewares/ST/STM32_USB_Device_Library/Class/MSC/Src/usbd_msc.o
 .data.USBD_MSC_DeviceQualifierDesc
                0x20000064        0xa ./Middlewares/ST/STM32_USB_Device_Library/Class/MSC/Src/usbd_msc.o
 .data.MSCInEpAdd
                0x2000006e        0x1 ./Middlewares/ST/STM32_USB_Device_Library/Class/MSC/Src/usbd_msc.o
                0x2000006e                MSCInEpAdd
 .data.MSCOutEpAdd
                0x2000006f        0x1 ./Middlewares/ST/STM32_USB_Device_Library/Class/MSC/Src/usbd_msc.o
                0x2000006f                MSCOutEpAdd
 .data.MSC_Page00_Inquiry_Data
                0x20000070        0x6 ./Middlewares/ST/STM32_USB_Device_Library/Class/MSC/Src/usbd_msc_data.o
                0x20000070                MSC_Page00_Inquiry_Data
 *fill*         0x20000076        0x2 
 .data.MSC_Page80_Inquiry_Data
                0x20000078        0x8 ./Middlewares/ST/STM32_USB_Device_Library/Class/MSC/Src/usbd_msc_data.o
                0x20000078                MSC_Page80_Inquiry_Data
 .data.MSC_Mode_Sense6_data
                0x20000080        0x4 ./Middlewares/ST/STM32_USB_Device_Library/Class/MSC/Src/usbd_msc_data.o
                0x20000080                MSC_Mode_Sense6_data
 .data.MSC_Mode_Sense10_data
                0x20000084        0x8 ./Middlewares/ST/STM32_USB_Device_Library/Class/MSC/Src/usbd_msc_data.o
                0x20000084                MSC_Mode_Sense10_data
 .data.FS_Desc  0x2000008c       0x1c ./USB_DEVICE/App/usbd_desc.o
                0x2000008c                FS_Desc
 .data.USBD_FS_DeviceDesc
                0x200000a8       0x12 ./USB_DEVICE/App/usbd_desc.o
                0x200000a8                USBD_FS_DeviceDesc
 *fill*         0x200000ba        0x2 
 .data.USBD_LangIDDesc
                0x200000bc        0x4 ./USB_DEVICE/App/usbd_desc.o
                0x200000bc                USBD_LangIDDesc
 .data.USBD_StringSerial
                0x200000c0       0x1a ./USB_DEVICE/App/usbd_desc.o
                0x200000c0                USBD_StringSerial
 *fill*         0x200000da        0x2 
 .data.USBD_Storage_Interface_fops_FS
                0x200000dc       0x20 ./USB_DEVICE/App/usbd_storage_if.o
                0x200000dc                USBD_Storage_Interface_fops_FS
 .data.__sglue  0x200000fc        0xc C:/ST/STM32CubeIDE_1.19.0/STM32CubeIDE/plugins/com.st.stm32cube.ide.mcu.externaltools.gnu-tools-for-stm32.13.3.rel1.win32_1.0.0.202411081344/tools/bin/../lib/gcc/arm-none-eabi/13.3.1/../../../../arm-none-eabi/lib/thumb/v7e-m+fp/hard\libc_nano.a(libc_a-findfp.o)
                0x200000fc                __sglue
 .data._impure_ptr
                0x20000108        0x4 C:/ST/STM32CubeIDE_1.19.0/STM32CubeIDE/plugins/com.st.stm32cube.ide.mcu.externaltools.gnu-tools-for-stm32.13.3.rel1.win32_1.0.0.202411081344/tools/bin/../lib/gcc/arm-none-eabi/13.3.1/../../../../arm-none-eabi/lib/thumb/v7e-m+fp/hard\libc_nano.a(libc_a-impure.o)
                0x20000108                _impure_ptr
 .data._impure_data
                0x2000010c       0x4c C:/ST/STM32CubeIDE_1.19.0/STM32CubeIDE/plugins/com.st.stm32cube.ide.mcu.externaltools.gnu-tools-for-stm32.13.3.rel1.win32_1.0.0.202411081344/tools/bin/../lib/gcc/arm-none-eabi/13.3.1/../../../../arm-none-eabi/lib/thumb/v7e-m+fp/hard\libc_nano.a(libc_a-impure.o)
                0x2000010c                _impure_data
 *(.RamFunc)
 *(.RamFunc*)
                0x20000158                        . = ALIGN (0x4)
                0x20000158                        _edata = .
                0x0800b468                        _siccmram = LOADADDR (.ccmram)

.igot.plt       0x20000158        0x0 load address 0x0800b468
 .igot.plt      0x20000158        0x0 C:/ST/STM32CubeIDE_1.19.0/STM32CubeIDE/plugins/com.st.stm32cube.ide.mcu.externaltools.gnu-tools-for-stm32.13.3.rel1.win32_1.0.0.202411081344/tools/bin/../lib/gcc/arm-none-eabi/13.3.1/thumb/v7e-m+fp/hard/crtbegin.o

.ccmram         0x10000000        0x0 load address 0x0800b468
                0x10000000                        . = ALIGN (0x4)
                0x10000000                        _sccmram = .
 *(.ccmram)
 *(.ccmram*)
                0x10000000                        . = ALIGN (0x4)
                0x10000000                        _eccmram = .
                0x10000000                        . = ALIGN (0x4)

.bss            0x20000158     0x3aa0
                0x20000158                        _sbss = .
                0x20000158                        __bss_start__ = _sbss
 *(.bss)
 .bss           0x20000158       0x1c C:/ST/STM32CubeIDE_1.19.0/STM32CubeIDE/plugins/com.st.stm32cube.ide.mcu.externaltools.gnu-tools-for-stm32.13.3.rel1.win32_1.0.0.202411081344/tools/bin/../lib/gcc/arm-none-eabi/13.3.1/thumb/v7e-m+fp/hard/crtbegin.o
 *(.bss*)
 .bss.W25Qxx_TYPE
                0x20000174        0x2 ./Core/Src/main.o
                0x20000174                W25Qxx_TYPE
 *fill*         0x20000176        0x2 
 .bss.W25Qxx_BUFFER
                0x20000178     0x1000 ./Core/Src/main.o
                0x20000178                W25Qxx_BUFFER
 .bss.hrtc      0x20001178       0x20 ./Core/Src/rtc.o
                0x20001178                hrtc
 .bss.hspi2     0x20001198       0x58 ./Core/Src/spi.o
                0x20001198                hspi2
 .bss.__sbrk_heap_end
                0x200011f0        0x4 ./Core/Src/sysmem.o
 .bss.huart6    0x200011f4       0x48 ./Core/Src/usart.o
                0x200011f4                huart6
 .bss.uwTick    0x2000123c        0x4 ./Drivers/STM32F4xx_HAL_Driver/Src/stm32f4xx_hal.o
                0x2000123c                uwTick
 .bss.MSC_Diagnostic_Data
                0x20001240        0x8 ./Middlewares/ST/STM32_USB_Device_Library/Class/MSC/Src/usbd_msc_data.o
                0x20001240                MSC_Diagnostic_Data
 .bss.lun_report.0
                0x20001248       0x18 ./Middlewares/ST/STM32_USB_Device_Library/Class/MSC/Src/usbd_msc_scsi.o
 .bss.cfgidx.0  0x20001260        0x1 ./Middlewares/ST/STM32_USB_Device_Library/Core/Src/usbd_ctlreq.o
 *fill*         0x20001261        0x3 
 .bss.hUsbDeviceFS
                0x20001264      0x2dc ./USB_DEVICE/App/usb_device.o
                0x20001264                hUsbDeviceFS
 .bss.USBD_StrDesc
                0x20001540     0x1000 ./USB_DEVICE/App/usbd_desc.o
                0x20001540                USBD_StrDesc
 .bss.hpcd_USB_OTG_FS
                0x20002540      0x4e4 ./USB_DEVICE/Target/usbd_conf.o
                0x20002540                hpcd_USB_OTG_FS
 .bss.mem.0     0x20002a24     0x1088 ./USB_DEVICE/Target/usbd_conf.o
 .bss.__sf      0x20003aac      0x138 C:/ST/STM32CubeIDE_1.19.0/STM32CubeIDE/plugins/com.st.stm32cube.ide.mcu.externaltools.gnu-tools-for-stm32.13.3.rel1.win32_1.0.0.202411081344/tools/bin/../lib/gcc/arm-none-eabi/13.3.1/../../../../arm-none-eabi/lib/thumb/v7e-m+fp/hard\libc_nano.a(libc_a-findfp.o)
                0x20003aac                __sf
 .bss.__stdio_exit_handler
                0x20003be4        0x4 C:/ST/STM32CubeIDE_1.19.0/STM32CubeIDE/plugins/com.st.stm32cube.ide.mcu.externaltools.gnu-tools-for-stm32.13.3.rel1.win32_1.0.0.202411081344/tools/bin/../lib/gcc/arm-none-eabi/13.3.1/../../../../arm-none-eabi/lib/thumb/v7e-m+fp/hard\libc_nano.a(libc_a-findfp.o)
                0x20003be4                __stdio_exit_handler
 .bss.errno     0x20003be8        0x4 C:/ST/STM32CubeIDE_1.19.0/STM32CubeIDE/plugins/com.st.stm32cube.ide.mcu.externaltools.gnu-tools-for-stm32.13.3.rel1.win32_1.0.0.202411081344/tools/bin/../lib/gcc/arm-none-eabi/13.3.1/../../../../arm-none-eabi/lib/thumb/v7e-m+fp/hard\libc_nano.a(libc_a-reent.o)
                0x20003be8                errno
 .bss.__lock___malloc_recursive_mutex
                0x20003bec        0x1 C:/ST/STM32CubeIDE_1.19.0/STM32CubeIDE/plugins/com.st.stm32cube.ide.mcu.externaltools.gnu-tools-for-stm32.13.3.rel1.win32_1.0.0.202411081344/tools/bin/../lib/gcc/arm-none-eabi/13.3.1/../../../../arm-none-eabi/lib/thumb/v7e-m+fp/hard\libc_nano.a(libc_a-lock.o)
                0x20003bec                __lock___malloc_recursive_mutex
 .bss.__lock___sfp_recursive_mutex
                0x20003bed        0x1 C:/ST/STM32CubeIDE_1.19.0/STM32CubeIDE/plugins/com.st.stm32cube.ide.mcu.externaltools.gnu-tools-for-stm32.13.3.rel1.win32_1.0.0.202411081344/tools/bin/../lib/gcc/arm-none-eabi/13.3.1/../../../../arm-none-eabi/lib/thumb/v7e-m+fp/hard\libc_nano.a(libc_a-lock.o)
                0x20003bed                __lock___sfp_recursive_mutex
 *fill*         0x20003bee        0x2 
 .bss.__malloc_sbrk_start
                0x20003bf0        0x4 C:/ST/STM32CubeIDE_1.19.0/STM32CubeIDE/plugins/com.st.stm32cube.ide.mcu.externaltools.gnu-tools-for-stm32.13.3.rel1.win32_1.0.0.202411081344/tools/bin/../lib/gcc/arm-none-eabi/13.3.1/../../../../arm-none-eabi/lib/thumb/v7e-m+fp/hard\libc_nano.a(libc_a-mallocr.o)
                0x20003bf0                __malloc_sbrk_start
 .bss.__malloc_free_list
                0x20003bf4        0x4 C:/ST/STM32CubeIDE_1.19.0/STM32CubeIDE/plugins/com.st.stm32cube.ide.mcu.externaltools.gnu-tools-for-stm32.13.3.rel1.win32_1.0.0.202411081344/tools/bin/../lib/gcc/arm-none-eabi/13.3.1/../../../../arm-none-eabi/lib/thumb/v7e-m+fp/hard\libc_nano.a(libc_a-mallocr.o)
                0x20003bf4                __malloc_free_list
 *(COMMON)
                0x20003bf8                        . = ALIGN (0x4)
                0x20003bf8                        _ebss = .
                0x20003bf8                        __bss_end__ = _ebss

._user_heap_stack
                0x20003bf8     0x2000
                0x20003bf8                        . = ALIGN (0x8)
                [!provide]                        PROVIDE (end = .)
                0x20003bf8                        PROVIDE (_end = .)
                0x20004bf8                        . = (. + _Min_Heap_Size)
 *fill*         0x20003bf8     0x1000 
                0x20005bf8                        . = (. + _Min_Stack_Size)
 *fill*         0x20004bf8     0x1000 
                0x20005bf8                        . = ALIGN (0x8)

/DISCARD/
 libc.a(*)
 libm.a(*)
 libgcc.a(*)

.ARM.attributes
                0x00000000       0x30
 *(.ARM.attributes)
 .ARM.attributes
                0x00000000       0x22 C:/ST/STM32CubeIDE_1.19.0/STM32CubeIDE/plugins/com.st.stm32cube.ide.mcu.externaltools.gnu-tools-for-stm32.13.3.rel1.win32_1.0.0.202411081344/tools/bin/../lib/gcc/arm-none-eabi/13.3.1/thumb/v7e-m+fp/hard/crti.o
 .ARM.attributes
                0x00000022       0x34 C:/ST/STM32CubeIDE_1.19.0/STM32CubeIDE/plugins/com.st.stm32cube.ide.mcu.externaltools.gnu-tools-for-stm32.13.3.rel1.win32_1.0.0.202411081344/tools/bin/../lib/gcc/arm-none-eabi/13.3.1/thumb/v7e-m+fp/hard/crtbegin.o
 .ARM.attributes
                0x00000056       0x34 ./Core/Src/gpio.o
 .ARM.attributes
                0x0000008a       0x34 ./Core/Src/main.o
 .ARM.attributes
                0x000000be       0x34 ./Core/Src/rtc.o
 .ARM.attributes
                0x000000f2       0x34 ./Core/Src/spi.o
 .ARM.attributes
                0x00000126       0x34 ./Core/Src/stm32f4xx_hal_msp.o
 .ARM.attributes
                0x0000015a       0x34 ./Core/Src/stm32f4xx_it.o
 .ARM.attributes
                0x0000018e       0x34 ./Core/Src/syscalls.o
 .ARM.attributes
                0x000001c2       0x34 ./Core/Src/sysmem.o
 .ARM.attributes
                0x000001f6       0x34 ./Core/Src/system_stm32f4xx.o
 .ARM.attributes
                0x0000022a       0x34 ./Core/Src/usart.o
 .ARM.attributes
                0x0000025e       0x21 ./Core/Startup/startup_stm32f407zgtx.o
 .ARM.attributes
                0x0000027f       0x34 ./Drivers/STM32F4xx_HAL_Driver/Src/stm32f4xx_hal.o
 .ARM.attributes
                0x000002b3       0x34 ./Drivers/STM32F4xx_HAL_Driver/Src/stm32f4xx_hal_cortex.o
 .ARM.attributes
                0x000002e7       0x34 ./Drivers/STM32F4xx_HAL_Driver/Src/stm32f4xx_hal_gpio.o
 .ARM.attributes
                0x0000031b       0x34 ./Drivers/STM32F4xx_HAL_Driver/Src/stm32f4xx_hal_pcd.o
 .ARM.attributes
                0x0000034f       0x34 ./Drivers/STM32F4xx_HAL_Driver/Src/stm32f4xx_hal_pcd_ex.o
 .ARM.attributes
                0x00000383       0x34 ./Drivers/STM32F4xx_HAL_Driver/Src/stm32f4xx_hal_rcc.o
 .ARM.attributes
                0x000003b7       0x34 ./Drivers/STM32F4xx_HAL_Driver/Src/stm32f4xx_hal_rcc_ex.o
 .ARM.attributes
                0x000003eb       0x34 ./Drivers/STM32F4xx_HAL_Driver/Src/stm32f4xx_hal_rtc.o
 .ARM.attributes
                0x0000041f       0x34 ./Drivers/STM32F4xx_HAL_Driver/Src/stm32f4xx_hal_spi.o
 .ARM.attributes
                0x00000453       0x34 ./Drivers/STM32F4xx_HAL_Driver/Src/stm32f4xx_hal_uart.o
 .ARM.attributes
                0x00000487       0x34 ./Drivers/STM32F4xx_HAL_Driver/Src/stm32f4xx_ll_usb.o
 .ARM.attributes
                0x000004bb       0x34 ./Middlewares/ST/STM32_USB_Device_Library/Class/MSC/Src/usbd_msc.o
 .ARM.attributes
                0x000004ef       0x34 ./Middlewares/ST/STM32_USB_Device_Library/Class/MSC/Src/usbd_msc_bot.o
 .ARM.attributes
                0x00000523       0x34 ./Middlewares/ST/STM32_USB_Device_Library/Class/MSC/Src/usbd_msc_data.o
 .ARM.attributes
                0x00000557       0x34 ./Middlewares/ST/STM32_USB_Device_Library/Class/MSC/Src/usbd_msc_scsi.o
 .ARM.attributes
                0x0000058b       0x34 ./Middlewares/ST/STM32_USB_Device_Library/Core/Src/usbd_core.o
 .ARM.attributes
                0x000005bf       0x34 ./Middlewares/ST/STM32_USB_Device_Library/Core/Src/usbd_ctlreq.o
 .ARM.attributes
                0x000005f3       0x34 ./Middlewares/ST/STM32_USB_Device_Library/Core/Src/usbd_ioreq.o
 .ARM.attributes
                0x00000627       0x34 ./USB_DEVICE/App/usb_device.o
 .ARM.attributes
                0x0000065b       0x34 ./USB_DEVICE/App/usbd_desc.o
 .ARM.attributes
                0x0000068f       0x34 ./USB_DEVICE/App/usbd_storage_if.o
 .ARM.attributes
                0x000006c3       0x34 ./USB_DEVICE/Target/usbd_conf.o
 .ARM.attributes
                0x000006f7       0x34 C:/ST/STM32CubeIDE_1.19.0/STM32CubeIDE/plugins/com.st.stm32cube.ide.mcu.externaltools.gnu-tools-for-stm32.13.3.rel1.win32_1.0.0.202411081344/tools/bin/../lib/gcc/arm-none-eabi/13.3.1/../../../../arm-none-eabi/lib/thumb/v7e-m+fp/hard\libc_nano.a(libc_a-findfp.o)
 .ARM.attributes
                0x0000072b       0x34 C:/ST/STM32CubeIDE_1.19.0/STM32CubeIDE/plugins/com.st.stm32cube.ide.mcu.externaltools.gnu-tools-for-stm32.13.3.rel1.win32_1.0.0.202411081344/tools/bin/../lib/gcc/arm-none-eabi/13.3.1/../../../../arm-none-eabi/lib/thumb/v7e-m+fp/hard\libc_nano.a(libc_a-fwalk.o)
 .ARM.attributes