../Core/Src/main.c:108:10:W25Qxx_ReadID	16	static
../Core/Src/main.c:145:9:W25Qxx_ReadSR	24	static
../Core/Src/main.c:178:6:W25Qxx_Write_Enable	8	static
../Core/Src/main.c:191:6:W25Qxx_Write_Disable	8	static
../Core/Src/main.c:206:6:W25Qxx_Read	40	static
../Core/Src/main.c:235:6:W25Qxx_Write_Page	32	static
../Core/Src/main.c:265:6:W25Qxx_Write_NoCheck	32	static
../Core/Src/main.c:296:6:W25Qxx_Write	40	static
../Core/Src/main.c:347:6:W25Qxx_Erase_Sector	16	static
../Core/Src/main.c:372:6:W25Qxx_Wait_Busy	8	static
../Core/Src/main.c:383:9:SPI_ReadWriteByte	32	static
../Core/Src/main.c:688:5:main	8	static
../Core/Src/main.c:736:6:SystemClock_Config	88	static
../Core/Src/main.c:779:5:__io_putchar	16	static
../Core/Src/main.c:790:6:Error_Handler	4	static,ignoring_inline_asm
