../Core/Src/main.c:107:10:W25Qxx_ReadID	1
../Core/Src/main.c:144:9:W25Qxx_ReadSR	5
../Core/Src/main.c:177:6:W25Qxx_Write_Enable	1
../Core/Src/main.c:190:6:W25Qxx_Write_Disable	1
../Core/Src/main.c:205:6:W25Qxx_Read	3
../Core/Src/main.c:234:6:W25Qxx_Write_Page	3
../Core/Src/main.c:264:6:W25Qxx_Write_NoCheck	4
../Core/Src/main.c:295:6:W25Qxx_Write	8
../Core/Src/main.c:346:6:W25Qxx_Erase_Sector	2
../Core/Src/main.c:371:6:W25Qxx_Wait_Busy	2
../Core/Src/main.c:382:9:SPI_ReadWriteByte	1
../Core/Src/main.c:678:5:main	1
../Core/Src/main.c:725:6:SystemClock_Config	3
../Core/Src/main.c:767:5:__io_putchar	1
../Core/Src/main.c:778:6:Error_Handler	1
