../Core/Src/main.c:107:10:W25Qxx_ReadID	16	static
../Core/Src/main.c:144:9:W25Qxx_ReadSR	24	static
../Core/Src/main.c:177:6:W25Qxx_Write_Enable	8	static
../Core/Src/main.c:190:6:W25Qxx_Write_Disable	8	static
../Core/Src/main.c:205:6:W25Qxx_Read	40	static
../Core/Src/main.c:234:6:W25Qxx_Write_Page	32	static
../Core/Src/main.c:264:6:W25Qxx_Write_NoCheck	32	static
../Core/Src/main.c:295:6:W25Qxx_Write	40	static
../Core/Src/main.c:346:6:W25Qxx_Erase_Sector	16	static
../Core/Src/main.c:371:6:W25Qxx_Wait_Busy	8	static
../Core/Src/main.c:382:9:SPI_ReadWriteByte	32	static
../Core/Src/main.c:678:5:main	8	static
../Core/Src/main.c:725:6:SystemClock_Config	88	static
../Core/Src/main.c:767:5:__io_putchar	16	static
../Core/Src/main.c:778:6:Error_Handler	4	static,ignoring_inline_asm
